Archive member included to satisfy reference by file (symbol)

/Applications/ArmGNUToolchain/13.2.Rel1/arm-none-eabi/bin/../lib/gcc/arm-none-eabi/13.2.1/thumb/v6-m/nofp/libgcc.a(_dvmd_tls.o)
                              CMakeFiles/VIPER-E.dir/Users/zachjones/Desktop/Spring_2024_Classes/Capstone_2/Capstone-Software/pico-sdk/src/rp2_common/pico_divider/divider.S.obj (__aeabi_idiv0)
/Applications/ArmGNUToolchain/13.2.Rel1/arm-none-eabi/bin/../lib/gcc/arm-none-eabi/13.2.1/../../../../arm-none-eabi/lib/thumb/v6-m/nofp/libc.a(libc_a-calloc.o)
                              CMakeFiles/VIPER-E.dir/Users/zachjones/Desktop/Spring_2024_Classes/Capstone_2/Capstone-Software/pico-sdk/src/rp2_common/pico_malloc/pico_malloc.c.obj (calloc)
/Applications/ArmGNUToolchain/13.2.Rel1/arm-none-eabi/bin/../lib/gcc/arm-none-eabi/13.2.1/../../../../arm-none-eabi/lib/thumb/v6-m/nofp/libc.a(libc_a-callocr.o)
                              /Applications/ArmGNUToolchain/13.2.Rel1/arm-none-eabi/bin/../lib/gcc/arm-none-eabi/13.2.1/../../../../arm-none-eabi/lib/thumb/v6-m/nofp/libc.a(libc_a-calloc.o) (_calloc_r)
/Applications/ArmGNUToolchain/13.2.Rel1/arm-none-eabi/bin/../lib/gcc/arm-none-eabi/13.2.1/../../../../arm-none-eabi/lib/thumb/v6-m/nofp/libc.a(libc_a-malloc.o)
                              CMakeFiles/VIPER-E.dir/Users/zachjones/Desktop/Spring_2024_Classes/Capstone_2/Capstone-Software/pico-sdk/src/rp2_common/pico_malloc/pico_malloc.c.obj (malloc)
/Applications/ArmGNUToolchain/13.2.Rel1/arm-none-eabi/bin/../lib/gcc/arm-none-eabi/13.2.1/../../../../arm-none-eabi/lib/thumb/v6-m/nofp/libc.a(libc_a-mallocr.o)
                              /Applications/ArmGNUToolchain/13.2.Rel1/arm-none-eabi/bin/../lib/gcc/arm-none-eabi/13.2.1/../../../../arm-none-eabi/lib/thumb/v6-m/nofp/libc.a(libc_a-callocr.o) (_malloc_r)
/Applications/ArmGNUToolchain/13.2.Rel1/arm-none-eabi/bin/../lib/gcc/arm-none-eabi/13.2.1/../../../../arm-none-eabi/lib/thumb/v6-m/nofp/libc.a(libc_a-mlock.o)
                              /Applications/ArmGNUToolchain/13.2.Rel1/arm-none-eabi/bin/../lib/gcc/arm-none-eabi/13.2.1/../../../../arm-none-eabi/lib/thumb/v6-m/nofp/libc.a(libc_a-mallocr.o) (__malloc_lock)
/Applications/ArmGNUToolchain/13.2.Rel1/arm-none-eabi/bin/../lib/gcc/arm-none-eabi/13.2.1/../../../../arm-none-eabi/lib/thumb/v6-m/nofp/libc.a(libc_a-realloc.o)
                              CMakeFiles/VIPER-E.dir/Users/zachjones/Desktop/Spring_2024_Classes/Capstone_2/Capstone-Software/pico-sdk/src/rp2_common/pico_malloc/pico_malloc.c.obj (realloc)
/Applications/ArmGNUToolchain/13.2.Rel1/arm-none-eabi/bin/../lib/gcc/arm-none-eabi/13.2.1/../../../../arm-none-eabi/lib/thumb/v6-m/nofp/libc.a(libc_a-reallocr.o)
                              /Applications/ArmGNUToolchain/13.2.Rel1/arm-none-eabi/bin/../lib/gcc/arm-none-eabi/13.2.1/../../../../arm-none-eabi/lib/thumb/v6-m/nofp/libc.a(libc_a-realloc.o) (_realloc_r)
/Applications/ArmGNUToolchain/13.2.Rel1/arm-none-eabi/bin/../lib/gcc/arm-none-eabi/13.2.1/../../../../arm-none-eabi/lib/thumb/v6-m/nofp/libc.a(libc_a-fflush.o)
                              CMakeFiles/VIPER-E.dir/lib/no-OS-FatFS-SD-SPI-RPi-Pico/FatFs_SPI/sd_driver/demo_logging.c.obj (fflush)
/Applications/ArmGNUToolchain/13.2.Rel1/arm-none-eabi/bin/../lib/gcc/arm-none-eabi/13.2.1/../../../../arm-none-eabi/lib/thumb/v6-m/nofp/libc.a(libc_a-findfp.o)
                              /Applications/ArmGNUToolchain/13.2.Rel1/arm-none-eabi/bin/../lib/gcc/arm-none-eabi/13.2.1/../../../../arm-none-eabi/lib/thumb/v6-m/nofp/libc.a(libc_a-fflush.o) (__sglue)
/Applications/ArmGNUToolchain/13.2.Rel1/arm-none-eabi/bin/../lib/gcc/arm-none-eabi/13.2.1/../../../../arm-none-eabi/lib/thumb/v6-m/nofp/libc.a(libc_a-fwalk.o)
                              /Applications/ArmGNUToolchain/13.2.Rel1/arm-none-eabi/bin/../lib/gcc/arm-none-eabi/13.2.1/../../../../arm-none-eabi/lib/thumb/v6-m/nofp/libc.a(libc_a-fflush.o) (_fwalk_sglue)
/Applications/ArmGNUToolchain/13.2.Rel1/arm-none-eabi/bin/../lib/gcc/arm-none-eabi/13.2.1/../../../../arm-none-eabi/lib/thumb/v6-m/nofp/libc.a(libc_a-memcmp.o)
                              CMakeFiles/VIPER-E.dir/lib/no-OS-FatFS-SD-SPI-RPi-Pico/FatFs_SPI/ff15/source/ff.c.obj (memcmp)
/Applications/ArmGNUToolchain/13.2.Rel1/arm-none-eabi/bin/../lib/gcc/arm-none-eabi/13.2.1/../../../../arm-none-eabi/lib/thumb/v6-m/nofp/libc.a(libc_a-memmove.o)
                              /Applications/ArmGNUToolchain/13.2.Rel1/arm-none-eabi/bin/../lib/gcc/arm-none-eabi/13.2.1/../../../../arm-none-eabi/lib/thumb/v6-m/nofp/libc.a(libc_a-reallocr.o) (memmove)
/Applications/ArmGNUToolchain/13.2.Rel1/arm-none-eabi/bin/../lib/gcc/arm-none-eabi/13.2.1/../../../../arm-none-eabi/lib/thumb/v6-m/nofp/libc.a(libc_a-strchr.o)
                              CMakeFiles/VIPER-E.dir/lib/no-OS-FatFS-SD-SPI-RPi-Pico/FatFs_SPI/ff15/source/ff.c.obj (strchr)
[...]
Memory Configuration

Name             Origin             Length             Attributes
FLASH            0x10000000         0x00200000         xr
RAM              0x20000000         0x00040000         xrw
SCRATCH_X        0x20040000         0x00001000         xrw
SCRATCH_Y        0x20041000         0x00001000         xrw
*default*        0x00000000         0xffffffff

Linker script and memory map

LOAD /Applications/ArmGNUToolchain/13.2.Rel1/arm-none-eabi/bin/../lib/gcc/arm-none-eabi/13.2.1/thumb/v6-m/nofp/crti.o
LOAD /Applications/ArmGNUToolchain/13.2.Rel1/arm-none-eabi/bin/../lib/gcc/arm-none-eabi/13.2.1/thumb/v6-m/nofp/crtbegin.o
LOAD /Applications/ArmGNUToolchain/13.2.Rel1/arm-none-eabi/bin/../lib/gcc/arm-none-eabi/13.2.1/../../../../arm-none-eabi/lib/thumb/v6-m/nofp/crt0.o

.flash_begin    0x10000000        0x0
                0x10000000                        __flash_binary_start = .

.boot2          0x10000000      0x100
                0x10000000                        __boot2_start__ = .
 *(.boot2)
 .boot2         0x10000000      0x100 /var/folders/_6/ml7fxs_16xv0n_8041ck3qqh0000gn/T//ccfh0TnX.o
                0x10000100                        __boot2_end__ = .
                0x00000001                        ASSERT (((__boot2_end__ - __boot2_start__) == 0x100), ERROR: Pico second stage bootloader must be 256 bytes in size)

.text           0x10000100     0xe0f8
                0x10000100                        __logical_binary_start = .
 *(.vectors)
 .vectors       0x10000100       0xd4 CMakeFiles/VIPER-E.dir/Users/zachjones/Desktop/Spring_2024_Classes/Capstone_2/Capstone-Software/pico-sdk/src/rp2_common/pico_standard_link/crt0.S.obj
                0x10000100                __VECTOR_TABLE
                0x10000100                __vectors
                0x100001c0                __default_isrs_start
                0x100001c0                isr_invalid
                0x100001c2                isr_nmi
                0x100001c4                isr_hardfault
                0x100001c6                isr_svcall
                0x100001c8                isr_pendsv
                0x100001ca                isr_systick
                0x100001cc                isr_irq28
                0x100001cc                isr_irq19
                0x100001cc                isr_irq0
                0x100001cc                isr_irq6
                0x100001cc                isr_irq22
                0x100001cc                isr_irq17
                0x100001cc                isr_irq14
                0x100001cc                isr_irq2
                0x100001cc                isr_irq10
                0x100001cc                isr_irq8
                0x100001cc                isr_irq24
                0x100001cc                isr_irq1
                0x100001cc                isr_irq7
                0x100001cc                isr_irq21
                0x100001cc                isr_irq20
                0x100001cc                isr_irq15
                0x100001cc                isr_irq25
                0x100001cc                isr_irq4
                0x100001cc                isr_irq16
                0x100001cc                isr_irq29
                0x100001cc                isr_irq26
                0x100001cc                __default_isrs_end
                0x100001cc                isr_irq3
                0x100001cc                isr_irq9
                0x100001cc                __unhandled_user_irq
                0x100001cc                isr_irq13
                0x100001cc                isr_irq27
                0x100001cc                isr_irq31
                0x100001cc                isr_irq5
                0x100001cc                isr_irq11
                0x100001cc                isr_irq23
                0x100001cc                isr_irq18
                0x100001cc                isr_irq30
                0x100001cc                isr_irq12
                0x100001d2                unhandled_user_irq_num_in_r0
 *(.binary_info_header)
 .binary_info_header
                0x100001d4       0x14 CMakeFiles/VIPER-E.dir/Users/zachjones/Desktop/Spring_2024_Classes/Capstone_2/Capstone-Software/pico-sdk/src/rp2_common/pico_standard_link/crt0.S.obj
                0x100001e8                        __binary_info_header_end = .
 *(.reset)
 .reset         0x100001e8       0xa0 CMakeFiles/VIPER-E.dir/Users/zachjones/Desktop/Spring_2024_Classes/Capstone_2/Capstone-Software/pico-sdk/src/rp2_common/pico_standard_link/crt0.S.obj
                0x100001e8                _entry_point
 .reset         0x10000288       0x30 CMakeFiles/VIPER-E.dir/Users/zachjones/Desktop/Spring_2024_Classes/Capstone_2/Capstone-Software/pico-sdk/src/rp2_common/pico_standard_link/binary_info.c.obj
 *(.init)
 .init          0x100002b8        0x4 /Applications/ArmGNUToolchain/13.2.Rel1/arm-none-eabi/bin/../lib/gcc/arm-none-eabi/13.2.1/thumb/v6-m/nofp/crti.o
                0x100002b8                _init
 *(EXCLUDE_FILE(*libm.a: *libc.a:*lib_a-mem*.o *libgcc.a:) .text*)
 .text.register_tm_clones
                0x100002bc       0x28 /Applications/ArmGNUToolchain/13.2.Rel1/arm-none-eabi/bin/../lib/gcc/arm-none-eabi/13.2.1/thumb/v6-m/nofp/crtbegin.o
 .text.frame_dummy
                0x100002e4       0x24 /Applications/ArmGNUToolchain/13.2.Rel1/arm-none-eabi/bin/../lib/gcc/arm-none-eabi/13.2.1/thumb/v6-m/nofp/crtbegin.o
 .text.core_1   0x10000308      0x15c CMakeFiles/VIPER-E.dir/src/VIPER-E.c.obj
                0x10000308                core_1
 .text.initializeI2C
                0x10000464       0x70 CMakeFiles/VIPER-E.dir/src/VIPER-E.c.obj
                0x10000464                initializeI2C
 .text.core_0   0x100004d4      0x310 CMakeFiles/VIPER-E.dir/src/VIPER-E.c.obj
                0x100004d4                core_0
 .text.startup.main
                0x100007e4       0x24 CMakeFiles/VIPER-E.dir/src/VIPER-E.c.obj
                0x100007e4                main
 .text.gpio_set_function
                0x10000808       0x30 CMakeFiles/VIPER-E.dir/Users/zachjones/Desktop/Spring_2024_Classes/Capstone_2/Capstone-Software/pico-sdk/src/rp2_common/hardware_gpio/gpio.c.obj
                0x10000808                gpio_set_function
 .text.gpio_set_pulls
                0x10000838       0x24 CMakeFiles/VIPER-E.dir/Users/zachjones/Desktop/Spring_2024_Classes/Capstone_2/Capstone-Software/pico-sdk/src/rp2_common/hardware_gpio/gpio.c.obj
                0x10000838                gpio_set_pulls
 .text.gpio_set_drive_strength
                0x1000085c       0x20 CMakeFiles/VIPER-E.dir/Users/zachjones/Desktop/Spring_2024_Classes/Capstone_2/Capstone-Software/pico-sdk/src/rp2_common/hardware_gpio/gpio.c.obj
                0x1000085c                gpio_set_drive_strength
 .text.gpio_set_input_enabled
                0x1000087c       0x28 CMakeFiles/VIPER-E.dir/Users/zachjones/Desktop/Spring_2024_Classes/Capstone_2/Capstone-Software/pico-sdk/src/rp2_common/hardware_gpio/gpio.c.obj
                0x1000087c                gpio_set_input_enabled
 .text.gpio_init
                0x100008a4       0x3c CMakeFiles/VIPER-E.dir/Users/zachjones/Desktop/Spring_2024_Classes/Capstone_2/Capstone-Software/pico-sdk/src/rp2_common/hardware_gpio/gpio.c.obj
                0x100008a4                gpio_init
 .text.running_on_fpga
                0x100008e0       0x10 CMakeFiles/VIPER-E.dir/Users/zachjones/Desktop/Spring_2024_Classes/Capstone_2/Capstone-Software/pico-sdk/src/rp2_common/pico_platform/platform.c.obj
                0x100008e0                running_on_fpga
 .text.hw_claim_or_assert
                0x100008f0       0x44 CMakeFiles/VIPER-E.dir/Users/zachjones/Desktop/Spring_2024_Classes/Capstone_2/Capstone-Software/pico-sdk/src/rp2_common/hardware_claim/claim.c.obj
                0x100008f0                hw_claim_or_assert
 .text.hw_claim_unused_from_range
                0x10000934       0x9c CMakeFiles/VIPER-E.dir/Users/zachjones/Desktop/Spring_2024_Classes/Capstone_2/Capstone-Software/pico-sdk/src/rp2_common/hardware_claim/claim.c.obj
                0x10000934                hw_claim_unused_from_range
 .text.spin_locks_reset
                0x100009d0       0x1c CMakeFiles/VIPER-E.dir/Users/zachjones/Desktop/Spring_2024_Classes/Capstone_2/Capstone-Software/pico-sdk/src/rp2_common/hardware_sync/sync.c.obj
                0x100009d0                spin_locks_reset
 .text.next_striped_spin_lock_num
                0x100009ec       0x18 CMakeFiles/VIPER-E.dir/Users/zachjones/Desktop/Spring_2024_Classes/Capstone_2/Capstone-Software/pico-sdk/src/rp2_common/hardware_sync/sync.c.obj
                0x100009ec                next_striped_spin_lock_num
 .text.spin_lock_claim_unused
                0x10000a04       0x24 CMakeFiles/VIPER-E.dir/Users/zachjones/Desktop/Spring_2024_Classes/Capstone_2/Capstone-Software/pico-sdk/src/rp2_common/hardware_sync/sync.c.obj
                0x10000a04                spin_lock_claim_unused
 .text.irq_set_enabled
                0x10000a28       0x24 CMakeFiles/VIPER-E.dir/Users/zachjones/Desktop/Spring_2024_Classes/Capstone_2/Capstone-Software/pico-sdk/src/rp2_common/hardware_irq/irq.c.obj
                0x10000a28                irq_set_enabled
 .text.irq_is_enabled
                0x10000a4c       0x18 CMakeFiles/VIPER-E.dir/Users/zachjones/Desktop/Spring_2024_Classes/Capstone_2/Capstone-Software/pico-sdk/src/rp2_common/hardware_irq/irq.c.obj
                0x10000a4c                irq_is_enabled
 .text.irq_set_pending
                0x10000a64       0x10 CMakeFiles/VIPER-E.dir/Users/zachjones/Desktop/Spring_2024_Classes/Capstone_2/Capstone-Software/pico-sdk/src/rp2_common/hardware_irq/irq.c.obj
                0x10000a64                irq_set_pending
 .text.irq_has_shared_handler
                0x10000a74       0x2c CMakeFiles/VIPER-E.dir/Users/zachjones/Desktop/Spring_2024_Classes/Capstone_2/Capstone-Software/pico-sdk/src/rp2_common/hardware_irq/irq.c.obj
                0x10000a74                irq_has_shared_handler
 .text.irq_get_vtable_handler
                0x10000aa0       0x10 CMakeFiles/VIPER-E.dir/Users/zachjones/Desktop/Spring_2024_Classes/Capstone_2/Capstone-Software/pico-sdk/src/rp2_common/hardware_irq/irq.c.obj
                0x10000aa0                irq_get_vtable_handler
 .text.irq_set_exclusive_handler
                0x10000ab0       0x54 CMakeFiles/VIPER-E.dir/Users/zachjones/Desktop/Spring_2024_Classes/Capstone_2/Capstone-Software/pico-sdk/src/rp2_common/hardware_irq/irq.c.obj
                0x10000ab0                irq_set_exclusive_handler
 .text.irq_add_shared_handler
                0x10000b04      0x1f4 CMakeFiles/VIPER-E.dir/Users/zachjones/Desktop/Spring_2024_Classes/Capstone_2/Capstone-Software/pico-sdk/src/rp2_common/hardware_irq/irq.c.obj
                0x10000b04                irq_add_shared_handler
 .text.irq_remove_handler
                0x10000cf8      0x1c4 CMakeFiles/VIPER-E.dir/Users/zachjones/Desktop/Spring_2024_Classes/Capstone_2/Capstone-Software/pico-sdk/src/rp2_common/hardware_irq/irq.c.obj
                0x10000cf8                irq_remove_handler
 .text.irq_add_tail_to_free_list
                0x10000ebc       0xb4 CMakeFiles/VIPER-E.dir/Users/zachjones/Desktop/Spring_2024_Classes/Capstone_2/Capstone-Software/pico-sdk/src/rp2_common/hardware_irq/irq.c.obj
                0x10000ebc                irq_add_tail_to_free_list
 .text.irq_init_priorities
                0x10000f70       0x24 CMakeFiles/VIPER-E.dir/Users/zachjones/Desktop/Spring_2024_Classes/Capstone_2/Capstone-Software/pico-sdk/src/rp2_common/hardware_irq/irq.c.obj
                0x10000f70                irq_init_priorities
 .text.user_irq_claim_unused
                0x10000f94       0x2c CMakeFiles/VIPER-E.dir/Users/zachjones/Desktop/Spring_2024_Classes/Capstone_2/Capstone-Software/pico-sdk/src/rp2_common/hardware_irq/irq.c.obj
                0x10000f94                user_irq_claim_unused
 .text.sem_init
                0x10000fc0       0x20 CMakeFiles/VIPER-E.dir/Users/zachjones/Desktop/Spring_2024_Classes/Capstone_2/Capstone-Software/pico-sdk/src/common/pico_sync/sem.c.obj
                0x10000fc0                sem_init
 .text.lock_init
                0x10000fe0       0x10 CMakeFiles/VIPER-E.dir/Users/zachjones/Desktop/Spring_2024_Classes/Capstone_2/Capstone-Software/pico-sdk/src/common/pico_sync/lock_core.c.obj
                0x10000fe0                lock_init
 .text.mutex_init
                0x10000ff0       0x1c CMakeFiles/VIPER-E.dir/Users/zachjones/Desktop/Spring_2024_Classes/Capstone_2/Capstone-Software/pico-sdk/src/common/pico_sync/mutex.c.obj
                0x10000ff0                mutex_init
 .text.recursive_mutex_init
                0x1000100c       0x1c CMakeFiles/VIPER-E.dir/Users/zachjones/Desktop/Spring_2024_Classes/Capstone_2/Capstone-Software/pico-sdk/src/common/pico_sync/mutex.c.obj
                0x1000100c                recursive_mutex_init
 .text.critical_section_init
                0x10001028       0x1c CMakeFiles/VIPER-E.dir/Users/zachjones/Desktop/Spring_2024_Classes/Capstone_2/Capstone-Software/pico-sdk/src/common/pico_sync/critical_section.c.obj
                0x10001028                critical_section_init
 .text.critical_section_init_with_lock_num
                0x10001044       0x14 CMakeFiles/VIPER-E.dir/Users/zachjones/Desktop/Spring_2024_Classes/Capstone_2/Capstone-Software/pico-sdk/src/common/pico_sync/critical_section.c.obj
                0x10001044                critical_section_init_with_lock_num
 .text.timer_pool_entry_comparator
                0x10001058       0x34 CMakeFiles/VIPER-E.dir/Users/zachjones/Desktop/Spring_2024_Classes/Capstone_2/Capstone-Software/pico-sdk/src/common/pico_time/time.c.obj
                0x10001058                timer_pool_entry_comparator
 .text.sleep_until_callback
                0x1000108c       0x30 CMakeFiles/VIPER-E.dir/Users/zachjones/Desktop/Spring_2024_Classes/Capstone_2/Capstone-Software/pico-sdk/src/common/pico_time/time.c.obj
 .text.add_alarm_under_lock.isra.0
                0x100010bc      0x100 CMakeFiles/VIPER-E.dir/Users/zachjones/Desktop/Spring_2024_Classes/Capstone_2/Capstone-Software/pico-sdk/src/common/pico_time/time.c.obj
 .text.alarm_pool_alarm_callback
                0x100011bc      0x1c0 CMakeFiles/VIPER-E.dir/Users/zachjones/Desktop/Spring_2024_Classes/Capstone_2/Capstone-Software/pico-sdk/src/common/pico_time/time.c.obj
 .text.alarm_pool_init_default
                0x1000137c       0x6c CMakeFiles/VIPER-E.dir/Users/zachjones/Desktop/Spring_2024_Classes/Capstone_2/Capstone-Software/pico-sdk/src/common/pico_time/time.c.obj
                0x1000137c                alarm_pool_init_default
 .text.alarm_pool_get_default
                0x100013e8        0x8 CMakeFiles/VIPER-E.dir/Users/zachjones/Desktop/Spring_2024_Classes/Capstone_2/Capstone-Software/pico-sdk/src/common/pico_time/time.c.obj
                0x100013e8                alarm_pool_get_default
 .text.alarm_pool_add_alarm_at
                0x100013f0      0x17c CMakeFiles/VIPER-E.dir/Users/zachjones/Desktop/Spring_2024_Classes/Capstone_2/Capstone-Software/pico-sdk/src/common/pico_time/time.c.obj
                0x100013f0                alarm_pool_add_alarm_at
 .text.alarm_pool_core_num
                0x1000156c        0x4 CMakeFiles/VIPER-E.dir/Users/zachjones/Desktop/Spring_2024_Classes/Capstone_2/Capstone-Software/pico-sdk/src/common/pico_time/time.c.obj
                0x1000156c                alarm_pool_core_num
 .text.sleep_until
                0x10001570       0xc4 CMakeFiles/VIPER-E.dir/Users/zachjones/Desktop/Spring_2024_Classes/Capstone_2/Capstone-Software/pico-sdk/src/common/pico_time/time.c.obj
                0x10001570                sleep_until
 .text.sleep_us
                0x10001634       0x28 CMakeFiles/VIPER-E.dir/Users/zachjones/Desktop/Spring_2024_Classes/Capstone_2/Capstone-Software/pico-sdk/src/common/pico_time/time.c.obj
                0x10001634                sleep_us
 .text.sleep_ms
                0x1000165c       0x38 CMakeFiles/VIPER-E.dir/Users/zachjones/Desktop/Spring_2024_Classes/Capstone_2/Capstone-Software/pico-sdk/src/common/pico_time/time.c.obj
                0x1000165c                sleep_ms
 .text.best_effort_wfe_or_timeout
                0x10001694       0xcc CMakeFiles/VIPER-E.dir/Users/zachjones/Desktop/Spring_2024_Classes/Capstone_2/Capstone-Software/pico-sdk/src/common/pico_time/time.c.obj
                0x10001694                best_effort_wfe_or_timeout
 .text.hardware_alarm_irq_handler
                0x10001760       0xbc CMakeFiles/VIPER-E.dir/Users/zachjones/Desktop/Spring_2024_Classes/Capstone_2/Capstone-Software/pico-sdk/src/rp2_common/hardware_timer/timer.c.obj
 .text.hardware_alarm_claim
                0x1000181c       0x18 CMakeFiles/VIPER-E.dir/Users/zachjones/Desktop/Spring_2024_Classes/Capstone_2/Capstone-Software/pico-sdk/src/rp2_common/hardware_timer/timer.c.obj
                0x1000181c                hardware_alarm_claim
 .text.time_us_64
                0x10001834       0x14 CMakeFiles/VIPER-E.dir/Users/zachjones/Desktop/Spring_2024_Classes/Capstone_2/Capstone-Software/pico-sdk/src/rp2_common/hardware_timer/timer.c.obj
                0x10001834                time_us_64
 .text.busy_wait_us
                0x10001848       0x68 CMakeFiles/VIPER-E.dir/Users/zachjones/Desktop/Spring_2024_Classes/Capstone_2/Capstone-Software/pico-sdk/src/rp2_common/hardware_timer/timer.c.obj
                0x10001848                busy_wait_us
 .text.busy_wait_until
                0x100018b0       0x20 CMakeFiles/VIPER-E.dir/Users/zachjones/Desktop/Spring_2024_Classes/Capstone_2/Capstone-Software/pico-sdk/src/rp2_common/hardware_timer/timer.c.obj
                0x100018b0                busy_wait_until
 .text.hardware_alarm_set_callback
                0x100018d0       0x8c CMakeFiles/VIPER-E.dir/Users/zachjones/Desktop/Spring_2024_Classes/Capstone_2/Capstone-Software/pico-sdk/src/rp2_common/hardware_timer/timer.c.obj
                0x100018d0                hardware_alarm_set_callback
 .text.hardware_alarm_set_target
                0x1000195c       0xd0 CMakeFiles/VIPER-E.dir/Users/zachjones/Desktop/Spring_2024_Classes/Capstone_2/Capstone-Software/pico-sdk/src/rp2_common/hardware_timer/timer.c.obj
                0x1000195c                hardware_alarm_set_target
 .text.hardware_alarm_cancel
                0x10001a2c       0x3c CMakeFiles/VIPER-E.dir/Users/zachjones/Desktop/Spring_2024_Classes/Capstone_2/Capstone-Software/pico-sdk/src/rp2_common/hardware_timer/timer.c.obj
                0x10001a2c                hardware_alarm_cancel
 .text.ph_merge_nodes
                0x10001a68       0x58 CMakeFiles/VIPER-E.dir/Users/zachjones/Desktop/Spring_2024_Classes/Capstone_2/Capstone-Software/pico-sdk/src/common/pico_util/pheap.c.obj
 .text.ph_post_alloc_init
                0x10001ac0       0x3c CMakeFiles/VIPER-E.dir/Users/zachjones/Desktop/Spring_2024_Classes/Capstone_2/Capstone-Software/pico-sdk/src/common/pico_util/pheap.c.obj
                0x10001ac0                ph_post_alloc_init
 .text.ph_merge_two_pass
                0x10001afc       0x8c CMakeFiles/VIPER-E.dir/Users/zachjones/Desktop/Spring_2024_Classes/Capstone_2/Capstone-Software/pico-sdk/src/common/pico_util/pheap.c.obj
                0x10001afc                ph_merge_two_pass
 .text.ph_remove_any_head
                0x10001b88      0x100 CMakeFiles/VIPER-E.dir/Users/zachjones/Desktop/Spring_2024_Classes/Capstone_2/Capstone-Software/pico-sdk/src/common/pico_util/pheap.c.obj
 .text.ph_remove_head
                0x10001c88      0x104 CMakeFiles/VIPER-E.dir/Users/zachjones/Desktop/Spring_2024_Classes/Capstone_2/Capstone-Software/pico-sdk/src/common/pico_util/pheap.c.obj
                0x10001c88                ph_remove_head
 .text.ph_remove_and_free_node
                0x10001d8c       0x78 CMakeFiles/VIPER-E.dir/Users/zachjones/Desktop/Spring_2024_Classes/Capstone_2/Capstone-Software/pico-sdk/src/common/pico_util/pheap.c.obj
                0x10001d8c                ph_remove_and_free_node
 .text.uart_init
                0x10001e04      0x18c CMakeFiles/VIPER-E.dir/Users/zachjones/Desktop/Spring_2024_Classes/Capstone_2/Capstone-Software/pico-sdk/src/rp2_common/hardware_uart/uart.c.obj
                0x10001e04                uart_init
 .text.clocks_init
                0x10001f90      0x2c8 CMakeFiles/VIPER-E.dir/Users/zachjones/Desktop/Spring_2024_Classes/Capstone_2/Capstone-Software/pico-sdk/src/rp2_common/hardware_clocks/clocks.c.obj
                0x10001f90                clocks_init
 .text.clock_get_hz
                0x10002258        0xc CMakeFiles/VIPER-E.dir/Users/zachjones/Desktop/Spring_2024_Classes/Capstone_2/Capstone-Software/pico-sdk/src/rp2_common/hardware_clocks/clocks.c.obj
                0x10002258                clock_get_hz
 .text.pll_init
                0x10002264       0xa4 CMakeFiles/VIPER-E.dir/Users/zachjones/Desktop/Spring_2024_Classes/Capstone_2/Capstone-Software/pico-sdk/src/rp2_common/hardware_pll/pll.c.obj
                0x10002264                pll_init
 .text.watchdog_start_tick
                0x10002308       0x10 CMakeFiles/VIPER-E.dir/Users/zachjones/Desktop/Spring_2024_Classes/Capstone_2/Capstone-Software/pico-sdk/src/rp2_common/hardware_watchdog/watchdog.c.obj
                0x10002308                watchdog_start_tick
 .text.watchdog_reboot
                0x10002318       0x9c CMakeFiles/VIPER-E.dir/Users/zachjones/Desktop/Spring_2024_Classes/Capstone_2/Capstone-Software/pico-sdk/src/rp2_common/hardware_watchdog/watchdog.c.obj
                0x10002318                watchdog_reboot
 .text.xosc_init
                0x100023b4       0x28 CMakeFiles/VIPER-E.dir/Users/zachjones/Desktop/Spring_2024_Classes/Capstone_2/Capstone-Software/pico-sdk/src/rp2_common/hardware_xosc/xosc.c.obj
                0x100023b4                xosc_init
 .text.runtime_init
                0x100023dc       0xf0 CMakeFiles/VIPER-E.dir/Users/zachjones/Desktop/Spring_2024_Classes/Capstone_2/Capstone-Software/pico-sdk/src/rp2_common/pico_runtime/runtime.c.obj
                0x100023dc                runtime_init
 .text._exit    0x100024cc        0x4 CMakeFiles/VIPER-E.dir/Users/zachjones/Desktop/Spring_2024_Classes/Capstone_2/Capstone-Software/pico-sdk/src/rp2_common/pico_runtime/runtime.c.obj
                0x100024cc                _exit
 .text._sbrk    0x100024d0       0x34 CMakeFiles/VIPER-E.dir/Users/zachjones/Desktop/Spring_2024_Classes/Capstone_2/Capstone-Software/pico-sdk/src/rp2_common/pico_runtime/runtime.c.obj
                0x100024d0                _sbrk
 .text.exit     0x10002504        0x8 CMakeFiles/VIPER-E.dir/Users/zachjones/Desktop/Spring_2024_Classes/Capstone_2/Capstone-Software/pico-sdk/src/rp2_common/pico_runtime/runtime.c.obj
                0x10002504                exit
 .text.panic    0x1000250c       0x30 CMakeFiles/VIPER-E.dir/Users/zachjones/Desktop/Spring_2024_Classes/Capstone_2/Capstone-Software/pico-sdk/src/rp2_common/pico_runtime/runtime.c.obj
                0x1000250c                panic
 .text.hard_assertion_failure
                0x1000253c        0xc CMakeFiles/VIPER-E.dir/Users/zachjones/Desktop/Spring_2024_Classes/Capstone_2/Capstone-Software/pico-sdk/src/rp2_common/pico_runtime/runtime.c.obj
                0x1000253c                hard_assertion_failure
 .text._out_char
                0x10002548       0x10 CMakeFiles/VIPER-E.dir/Users/zachjones/Desktop/Spring_2024_Classes/Capstone_2/Capstone-Software/pico-sdk/src/rp2_common/pico_printf/printf.c.obj
 .text.weak_raw_vprintf
                0x10002558       0x30 CMakeFiles/VIPER-E.dir/Users/zachjones/Desktop/Spring_2024_Classes/Capstone_2/Capstone-Software/pico-sdk/src/rp2_common/pico_printf/printf.c.obj
                0x10002558                weak_raw_vprintf
 .text          0x10002588       0x10 CMakeFiles/VIPER-E.dir/Users/zachjones/Desktop/Spring_2024_Classes/Capstone_2/Capstone-Software/pico-sdk/src/rp2_common/pico_bit_ops/bit_ops_aeabi.S.obj
 .text.rom_func_lookup
                0x10002598       0x10 CMakeFiles/VIPER-E.dir/Users/zachjones/Desktop/Spring_2024_Classes/Capstone_2/Capstone-Software/pico-sdk/src/rp2_common/pico_bootrom/bootrom.c.obj
                0x10002598                rom_func_lookup
 .text.rom_data_lookup
                0x100025a8       0x10 CMakeFiles/VIPER-E.dir/Users/zachjones/Desktop/Spring_2024_Classes/Capstone_2/Capstone-Software/pico-sdk/src/rp2_common/pico_bootrom/bootrom.c.obj
                0x100025a8                rom_data_lookup
 .text.rom_funcs_lookup
                0x100025b8       0x44 CMakeFiles/VIPER-E.dir/Users/zachjones/Desktop/Spring_2024_Classes/Capstone_2/Capstone-Software/pico-sdk/src/rp2_common/pico_bootrom/bootrom.c.obj
                0x100025b8                rom_funcs_lookup
 .text.__wrap___aeabi_idiv
                0x100025fc       0x50 CMakeFiles/VIPER-E.dir/Users/zachjones/Desktop/Spring_2024_Classes/Capstone_2/Capstone-Software/pico-sdk/src/rp2_common/pico_divider/divider.S.obj
                0x100025fc                __wrap___aeabi_idivmod
                0x100025fc                divmod_s32s32
                0x100025fc                div_s32s32
                0x100025fc                __wrap___aeabi_idiv
                0x10002604                divmod_s32s32_unsafe
                0x10002630                divmod_s32s32_savestate
 .text.__wrap___aeabi_uidiv
                0x1000264c       0x4c CMakeFiles/VIPER-E.dir/Users/zachjones/Desktop/Spring_2024_Classes/Capstone_2/Capstone-Software/pico-sdk/src/rp2_common/pico_divider/divider.S.obj
                0x1000264c                __wrap___aeabi_uidiv
                0x1000264c                __wrap___aeabi_uidivmod
                0x1000264c                div_u32u32
                0x1000264c                divmod_u32u32
                0x10002654                divmod_u32u32_unsafe
                0x1000267c                divmod_u32u32_savestate
 .text.__wrap___aeabi_ldiv
                0x10002698      0x424 CMakeFiles/VIPER-E.dir/Users/zachjones/Desktop/Spring_2024_Classes/Capstone_2/Capstone-Software/pico-sdk/src/rp2_common/pico_divider/divider.S.obj
                0x10002698                __wrap___aeabi_ldivmod
                0x10002698                div_s64s64
                0x10002698                divmod_s64s64
                0x100026c8                divmod_u64u64
                0x100026c8                div_u64u64
                0x100026c8                __wrap___aeabi_uldivmod
                0x100026d8                divmod_u64u64_savestate
                0x100026f8                divmod_s64s64_unsafe
                0x10002780                divmod_u64u64_unsafe
 .text.__wrap___aeabi_darithmetic
                0x10002abc       0x80 CMakeFiles/VIPER-E.dir/Users/zachjones/Desktop/Spring_2024_Classes/Capstone_2/Capstone-Software/pico-sdk/src/rp2_common/pico_double/double_aeabi.S.obj
                0x10002abc                __wrap___aeabi_drsub
                0x10002ac2                __wrap___aeabi_dsub
                0x10002ad4                __wrap___aeabi_dadd
                0x10002ae6                __wrap___aeabi_ddiv
                0x10002b22                __wrap___aeabi_dmul
 .text.__wrap___aeabi_cdcmple
                0x10002b3c       0x6c CMakeFiles/VIPER-E.dir/Users/zachjones/Desktop/Spring_2024_Classes/Capstone_2/Capstone-Software/pico-sdk/src/rp2_common/pico_double/double_aeabi.S.obj
                0x10002b3c                __wrap___aeabi_cdrcmple
                0x10002b4c                __wrap___aeabi_cdcmple
                0x10002b4c                __wrap___aeabi_cdcmpeq
 .text.__wrap___aeabi_dcmpeq
                0x10002ba8       0x10 CMakeFiles/VIPER-E.dir/Users/zachjones/Desktop/Spring_2024_Classes/Capstone_2/Capstone-Software/pico-sdk/src/rp2_common/pico_double/double_aeabi.S.obj
                0x10002ba8                __wrap___aeabi_dcmpeq
 .text.__wrap___aeabi_dcmplt
                0x10002bb8        0xc CMakeFiles/VIPER-E.dir/Users/zachjones/Desktop/Spring_2024_Classes/Capstone_2/Capstone-Software/pico-sdk/src/rp2_common/pico_double/double_aeabi.S.obj
                0x10002bb8                __wrap___aeabi_dcmplt
 .text.__wrap___aeabi_dcmple
                0x10002bc4       0x10 CMakeFiles/VIPER-E.dir/Users/zachjones/Desktop/Spring_2024_Classes/Capstone_2/Capstone-Software/pico-sdk/src/rp2_common/pico_double/double_aeabi.S.obj
                0x10002bc4                __wrap___aeabi_dcmple
 .text.__wrap___aeabi_dcmpge
                0x10002bd4       0x10 CMakeFiles/VIPER-E.dir/Users/zachjones/Desktop/Spring_2024_Classes/Capstone_2/Capstone-Software/pico-sdk/src/rp2_common/pico_double/double_aeabi.S.obj
                0x10002bd4                __wrap___aeabi_dcmpge
 .text.__wrap___aeabi_dcmpgt
                0x10002be4        0xa CMakeFiles/VIPER-E.dir/Users/zachjones/Desktop/Spring_2024_Classes/Capstone_2/Capstone-Software/pico-sdk/src/rp2_common/pico_double/double_aeabi.S.obj
                0x10002be4                __wrap___aeabi_dcmpgt
 .text.__wrap___aeabi_dcmpun
                0x10002bee       0x1c CMakeFiles/VIPER-E.dir/Users/zachjones/Desktop/Spring_2024_Classes/Capstone_2/Capstone-Software/pico-sdk/src/rp2_common/pico_double/double_aeabi.S.obj
                0x10002bee                __wrap___aeabi_dcmpun
 *fill*         0x10002c0a        0x2 
 .text.__wrap___aeabi_i2d
                0x10002c0c       0x38 CMakeFiles/VIPER-E.dir/Users/zachjones/Desktop/Spring_2024_Classes/Capstone_2/Capstone-Software/pico-sdk/src/rp2_common/pico_double/double_aeabi.S.obj
                0x10002c0c                __wrap___aeabi_ui2d
                0x10002c14                __wrap___aeabi_i2d
 .text.__wrap___aeabi_d2iz
                0x10002c44       0x48 CMakeFiles/VIPER-E.dir/Users/zachjones/Desktop/Spring_2024_Classes/Capstone_2/Capstone-Software/pico-sdk/src/rp2_common/pico_double/double_aeabi.S.obj
                0x10002c44                __wrap___aeabi_d2iz
                0x10002c44                double2int_z
 .text.__aeabi_double_init
                0x10002c8c       0x98 CMakeFiles/VIPER-E.dir/Users/zachjones/Desktop/Spring_2024_Classes/Capstone_2/Capstone-Software/pico-sdk/src/rp2_common/pico_double/double_init_rom.c.obj
                0x10002c8c                __aeabi_double_init
 .text.double_table_shim_on_use_helper
                0x10002d24       0x2c CMakeFiles/VIPER-E.dir/Users/zachjones/Desktop/Spring_2024_Classes/Capstone_2/Capstone-Software/pico-sdk/src/rp2_common/pico_double/double_v1_rom_shim.S.obj
                0x10002d24                double_table_shim_on_use_helper
 .text.__wrap___aeabi_dsub
                0x10002d50       0x10 CMakeFiles/VIPER-E.dir/Users/zachjones/Desktop/Spring_2024_Classes/Capstone_2/Capstone-Software/pico-sdk/src/rp2_common/pico_double/double_v1_rom_shim.S.obj
                0x10002d50                drsub_shim
                0x10002d56                dsub_shim
 .text.dadd_shim
                0x10002d60      0x15c CMakeFiles/VIPER-E.dir/Users/zachjones/Desktop/Spring_2024_Classes/Capstone_2/Capstone-Software/pico-sdk/src/rp2_common/pico_double/double_v1_rom_shim.S.obj
                0x10002d60                dadd_shim
 .text.dmul_shim
                0x10002ebc      0x15c CMakeFiles/VIPER-E.dir/Users/zachjones/Desktop/Spring_2024_Classes/Capstone_2/Capstone-Software/pico-sdk/src/rp2_common/pico_double/double_v1_rom_shim.S.obj
                0x10002ebc                dmul_shim
 .text.ddiv_shim
                0x10003018      0x1b0 CMakeFiles/VIPER-E.dir/Users/zachjones/Desktop/Spring_2024_Classes/Capstone_2/Capstone-Software/pico-sdk/src/rp2_common/pico_double/double_v1_rom_shim.S.obj
                0x10003018                ddiv_shim
 .text.__aeabi_lmul
                0x100031c8       0x32 CMakeFiles/VIPER-E.dir/Users/zachjones/Desktop/Spring_2024_Classes/Capstone_2/Capstone-Software/pico-sdk/src/rp2_common/pico_int64_ops/pico_int64_ops_aeabi.S.obj
                0x100031c8                __wrap___aeabi_lmul
 *fill*         0x100031fa        0x2 
 .text.__wrap___aeabi_farithmetic
                0x100031fc       0x48 CMakeFiles/VIPER-E.dir/Users/zachjones/Desktop/Spring_2024_Classes/Capstone_2/Capstone-Software/pico-sdk/src/rp2_common/pico_float/float_aeabi.S.obj
                0x100031fc                __wrap___aeabi_frsub
                0x10003202                __wrap___aeabi_fsub
                0x10003208                __wrap___aeabi_fadd
                0x1000320e                __wrap___aeabi_fdiv
                0x10003236                __wrap___aeabi_fmul
 .text.__wrap___aeabi_i2f
                0x10003244       0x44 CMakeFiles/VIPER-E.dir/Users/zachjones/Desktop/Spring_2024_Classes/Capstone_2/Capstone-Software/pico-sdk/src/rp2_common/pico_float/float_aeabi.S.obj
                0x10003244                __wrap___aeabi_i2f
 .text.__wrap___aeabi_f2d
                0x10003288       0x14 CMakeFiles/VIPER-E.dir/Users/zachjones/Desktop/Spring_2024_Classes/Capstone_2/Capstone-Software/pico-sdk/src/rp2_common/pico_float/float_aeabi.S.obj
                0x10003288                __wrap___aeabi_f2d
 .text.__aeabi_float_init
                0x1000329c       0x64 CMakeFiles/VIPER-E.dir/Users/zachjones/Desktop/Spring_2024_Classes/Capstone_2/Capstone-Software/pico-sdk/src/rp2_common/pico_float/float_init_rom.c.obj
                0x1000329c                __aeabi_float_init
 .text.float_table_shim_on_use_helper
                0x10003300       0x2c CMakeFiles/VIPER-E.dir/Users/zachjones/Desktop/Spring_2024_Classes/Capstone_2/Capstone-Software/pico-sdk/src/rp2_common/pico_float/float_v1_rom_shim.S.obj
                0x10003300                float_table_shim_on_use_helper
 .text.float2double_shim
                0x1000332c       0x30 CMakeFiles/VIPER-E.dir/Users/zachjones/Desktop/Spring_2024_Classes/Capstone_2/Capstone-Software/pico-sdk/src/rp2_common/pico_float/float_v1_rom_shim.S.obj
                0x1000332c                float2double_shim
 .text.__wrap_malloc
                0x1000335c       0x3c CMakeFiles/VIPER-E.dir/Users/zachjones/Desktop/Spring_2024_Classes/Capstone_2/Capstone-Software/pico-sdk/src/rp2_common/pico_malloc/pico_malloc.c.obj
                0x1000335c                __wrap_malloc
 .text.__wrap_free
                0x10003398       0x20 CMakeFiles/VIPER-E.dir/Users/zachjones/Desktop/Spring_2024_Classes/Capstone_2/Capstone-Software/pico-sdk/src/rp2_common/pico_malloc/pico_malloc.c.obj
                0x10003398                __wrap_free
 .text          0x100033b8       0x10 CMakeFiles/VIPER-E.dir/Users/zachjones/Desktop/Spring_2024_Classes/Capstone_2/Capstone-Software/pico-sdk/src/rp2_common/pico_mem_ops/mem_ops_aeabi.S.obj
                0x100033b8                __aeabi_mem_init
 .text.memset   0x100033c8        0xc CMakeFiles/VIPER-E.dir/Users/zachjones/Desktop/Spring_2024_Classes/Capstone_2/Capstone-Software/pico-sdk/src/rp2_common/pico_mem_ops/mem_ops_aeabi.S.obj
                0x100033c8                __wrap_memset
 .text.memcpy   0x100033d4        0xc CMakeFiles/VIPER-E.dir/Users/zachjones/Desktop/Spring_2024_Classes/Capstone_2/Capstone-Software/pico-sdk/src/rp2_common/pico_mem_ops/mem_ops_aeabi.S.obj
                0x100033d4                __wrap___aeabi_memcpy
                0x100033d4                __wrap_memcpy
 .text.stdio_out_chars_crlf
                0x100033e0       0x94 CMakeFiles/VIPER-E.dir/Users/zachjones/Desktop/Spring_2024_Classes/Capstone_2/Capstone-Software/pico-sdk/src/rp2_common/pico_stdio/stdio.c.obj
 .text.__wrap_putchar
                0x10003474       0x98 CMakeFiles/VIPER-E.dir/Users/zachjones/Desktop/Spring_2024_Classes/Capstone_2/Capstone-Software/pico-sdk/src/rp2_common/pico_stdio/stdio.c.obj
                0x10003474                __wrap_putchar
 .text.__wrap_puts
                0x1000350c       0xe0 CMakeFiles/VIPER-E.dir/Users/zachjones/Desktop/Spring_2024_Classes/Capstone_2/Capstone-Software/pico-sdk/src/rp2_common/pico_stdio/stdio.c.obj
                0x1000350c                __wrap_puts
 .text.stdio_set_driver_enabled
                0x100035ec       0x30 CMakeFiles/VIPER-E.dir/Users/zachjones/Desktop/Spring_2024_Classes/Capstone_2/Capstone-Software/pico-sdk/src/rp2_common/pico_stdio/stdio.c.obj
                0x100035ec                stdio_set_driver_enabled
 .text.stdio_init_all
                0x1000361c       0x10 CMakeFiles/VIPER-E.dir/Users/zachjones/Desktop/Spring_2024_Classes/Capstone_2/Capstone-Software/pico-sdk/src/rp2_common/pico_stdio/stdio.c.obj
                0x1000361c                stdio_init_all
 .text.stdio_uart_out_chars
                0x1000362c       0x4c CMakeFiles/VIPER-E.dir/Users/zachjones/Desktop/Spring_2024_Classes/Capstone_2/Capstone-Software/pico-sdk/src/rp2_common/pico_stdio_uart/stdio_uart.c.obj
 .text.stdio_uart_in_chars
                0x10003678       0x90 CMakeFiles/VIPER-E.dir/Users/zachjones/Desktop/Spring_2024_Classes/Capstone_2/Capstone-Software/pico-sdk/src/rp2_common/pico_stdio_uart/stdio_uart.c.obj
                0x10003678                stdio_uart_in_chars
 .text.on_uart_rx
                0x10003708       0x28 CMakeFiles/VIPER-E.dir/Users/zachjones/Desktop/Spring_2024_Classes/Capstone_2/Capstone-Software/pico-sdk/src/rp2_common/pico_stdio_uart/stdio_uart.c.obj
 .text.stdio_uart_set_chars_available_callback
                0x10003730       0x8c CMakeFiles/VIPER-E.dir/Users/zachjones/Desktop/Spring_2024_Classes/Capstone_2/Capstone-Software/pico-sdk/src/rp2_common/pico_stdio_uart/stdio_uart.c.obj
 .text.stdio_uart_init
                0x100037bc       0x48 CMakeFiles/VIPER-E.dir/Users/zachjones/Desktop/Spring_2024_Classes/Capstone_2/Capstone-Software/pico-sdk/src/rp2_common/pico_stdio_uart/stdio_uart.c.obj
                0x100037bc                stdio_uart_init
 .text.resetd_init
                0x10003804        0x4 CMakeFiles/VIPER-E.dir/Users/zachjones/Desktop/Spring_2024_Classes/Capstone_2/Capstone-Software/pico-sdk/src/rp2_common/pico_stdio_usb/reset_interface.c.obj
 .text.resetd_reset
                0x10003808        0xc CMakeFiles/VIPER-E.dir/Users/zachjones/Desktop/Spring_2024_Classes/Capstone_2/Capstone-Software/pico-sdk/src/rp2_common/pico_stdio_usb/reset_interface.c.obj
 .text.resetd_open
                0x10003814       0x28 CMakeFiles/VIPER-E.dir/Users/zachjones/Desktop/Spring_2024_Classes/Capstone_2/Capstone-Software/pico-sdk/src/rp2_common/pico_stdio_usb/reset_interface.c.obj
 .text.resetd_xfer_cb
                0x1000383c        0x4 CMakeFiles/VIPER-E.dir/Users/zachjones/Desktop/Spring_2024_Classes/Capstone_2/Capstone-Software/pico-sdk/src/rp2_common/pico_stdio_usb/reset_interface.c.obj
 .text.resetd_control_xfer_cb
                0x10003840       0x60 CMakeFiles/VIPER-E.dir/Users/zachjones/Desktop/Spring_2024_Classes/Capstone_2/Capstone-Software/pico-sdk/src/rp2_common/pico_stdio_usb/reset_interface.c.obj
 .text.usbd_app_driver_get_cb
                0x100038a0        0xc CMakeFiles/VIPER-E.dir/Users/zachjones/Desktop/Spring_2024_Classes/Capstone_2/Capstone-Software/pico-sdk/src/rp2_common/pico_stdio_usb/reset_interface.c.obj
                0x100038a0                usbd_app_driver_get_cb
 .text.tud_cdc_line_coding_cb
                0x100038ac       0x34 CMakeFiles/VIPER-E.dir/Users/zachjones/Desktop/Spring_2024_Classes/Capstone_2/Capstone-Software/pico-sdk/src/rp2_common/pico_stdio_usb/reset_interface.c.obj
                0x100038ac                tud_cdc_line_coding_cb
 .text.stdio_usb_set_chars_available_callback
                0x100038e0       0x14 CMakeFiles/VIPER-E.dir/Users/zachjones/Desktop/Spring_2024_Classes/Capstone_2/Capstone-Software/pico-sdk/src/rp2_common/pico_stdio_usb/stdio_usb.c.obj
                0x100038e0                stdio_usb_set_chars_available_callback
 .text.usb_irq  0x100038f4       0x10 CMakeFiles/VIPER-E.dir/Users/zachjones/Desktop/Spring_2024_Classes/Capstone_2/Capstone-Software/pico-sdk/src/rp2_common/pico_stdio_usb/stdio_usb.c.obj
 .text.timer_task
                0x10003904       0x54 CMakeFiles/VIPER-E.dir/Users/zachjones/Desktop/Spring_2024_Classes/Capstone_2/Capstone-Software/pico-sdk/src/rp2_common/pico_stdio_usb/stdio_usb.c.obj
 .text.stdio_usb_in_chars
                0x10003958       0x90 CMakeFiles/VIPER-E.dir/Users/zachjones/Desktop/Spring_2024_Classes/Capstone_2/Capstone-Software/pico-sdk/src/rp2_common/pico_stdio_usb/stdio_usb.c.obj
                0x10003958                stdio_usb_in_chars
 .text.stdio_usb_out_chars
                0x100039e8      0x104 CMakeFiles/VIPER-E.dir/Users/zachjones/Desktop/Spring_2024_Classes/Capstone_2/Capstone-Software/pico-sdk/src/rp2_common/pico_stdio_usb/stdio_usb.c.obj
 .text.low_priority_worker_irq
                0x10003aec       0xa8 CMakeFiles/VIPER-E.dir/Users/zachjones/Desktop/Spring_2024_Classes/Capstone_2/Capstone-Software/pico-sdk/src/rp2_common/pico_stdio_usb/stdio_usb.c.obj
 .text.tud_cdc_rx_cb
                0x10003b94       0x20 CMakeFiles/VIPER-E.dir/Users/zachjones/Desktop/Spring_2024_Classes/Capstone_2/Capstone-Software/pico-sdk/src/rp2_common/pico_stdio_usb/stdio_usb.c.obj
                0x10003b94                tud_cdc_rx_cb
 .text.stdio_usb_init
                0x10003bb4       0xe0 CMakeFiles/VIPER-E.dir/Users/zachjones/Desktop/Spring_2024_Classes/Capstone_2/Capstone-Software/pico-sdk/src/rp2_common/pico_stdio_usb/stdio_usb.c.obj
                0x10003bb4                stdio_usb_init
 .text.tud_descriptor_device_cb
                0x10003c94        0x8 CMakeFiles/VIPER-E.dir/Users/zachjones/Desktop/Spring_2024_Classes/Capstone_2/Capstone-Software/pico-sdk/src/rp2_common/pico_stdio_usb/stdio_usb_descriptors.c.obj
                0x10003c94                tud_descriptor_device_cb
 .text.tud_descriptor_configuration_cb
                0x10003c9c        0x8 CMakeFiles/VIPER-E.dir/Users/zachjones/Desktop/Spring_2024_Classes/Capstone_2/Capstone-Software/pico-sdk/src/rp2_common/pico_stdio_usb/stdio_usb_descriptors.c.obj
                0x10003c9c                tud_descriptor_configuration_cb
 .text.tud_descriptor_string_cb
                0x10003ca4       0x78 CMakeFiles/VIPER-E.dir/Users/zachjones/Desktop/Spring_2024_Classes/Capstone_2/Capstone-Software/pico-sdk/src/rp2_common/pico_stdio_usb/stdio_usb_descriptors.c.obj
                0x10003ca4                tud_descriptor_string_cb
 .text.startup._retrieve_unique_id_on_boot
                0x10003d1c       0x10 CMakeFiles/VIPER-E.dir/Users/zachjones/Desktop/Spring_2024_Classes/Capstone_2/Capstone-Software/pico-sdk/src/rp2_common/pico_unique_id/unique_id.c.obj
 .text.pico_get_unique_board_id_string
                0x10003d2c      0x1a8 CMakeFiles/VIPER-E.dir/Users/zachjones/Desktop/Spring_2024_Classes/Capstone_2/Capstone-Software/pico-sdk/src/rp2_common/pico_unique_id/unique_id.c.obj
                0x10003d2c                pico_get_unique_board_id_string
 .text.flash_get_unique_id
                0x10003ed4       0x3c CMakeFiles/VIPER-E.dir/Users/zachjones/Desktop/Spring_2024_Classes/Capstone_2/Capstone-Software/pico-sdk/src/rp2_common/hardware_flash/flash.c.obj
                0x10003ed4                flash_get_unique_id
 .text.dcd_int_enable
                0x10003f10        0xc CMakeFiles/VIPER-E.dir/Users/zachjones/Desktop/Spring_2024_Classes/Capstone_2/Capstone-Software/pico-sdk/lib/tinyusb/src/portable/raspberrypi/rp2040/dcd_rp2040.c.obj
                0x10003f10                dcd_int_enable
 .text.dcd_set_address
                0x10003f1c       0x14 CMakeFiles/VIPER-E.dir/Users/zachjones/Desktop/Spring_2024_Classes/Capstone_2/Capstone-Software/pico-sdk/lib/tinyusb/src/portable/raspberrypi/rp2040/dcd_rp2040.c.obj
                0x10003f1c                dcd_set_address
 .text.dcd_connect
                0x10003f30       0x10 CMakeFiles/VIPER-E.dir/Users/zachjones/Desktop/Spring_2024_Classes/Capstone_2/Capstone-Software/pico-sdk/lib/tinyusb/src/portable/raspberrypi/rp2040/dcd_rp2040.c.obj
                0x10003f30                dcd_connect
 .text.dcd_init
                0x10003f40       0x98 CMakeFiles/VIPER-E.dir/Users/zachjones/Desktop/Spring_2024_Classes/Capstone_2/Capstone-Software/pico-sdk/lib/tinyusb/src/portable/raspberrypi/rp2040/dcd_rp2040.c.obj
                0x10003f40                dcd_init
 .text.dcd_edpt0_status_complete
                0x10003fd8       0x1c CMakeFiles/VIPER-E.dir/Users/zachjones/Desktop/Spring_2024_Classes/Capstone_2/Capstone-Software/pico-sdk/lib/tinyusb/src/portable/raspberrypi/rp2040/dcd_rp2040.c.obj
                0x10003fd8                dcd_edpt0_status_complete
 .text.dcd_edpt_open
                0x10003ff4      0x108 CMakeFiles/VIPER-E.dir/Users/zachjones/Desktop/Spring_2024_Classes/Capstone_2/Capstone-Software/pico-sdk/lib/tinyusb/src/portable/raspberrypi/rp2040/dcd_rp2040.c.obj
                0x10003ff4                dcd_edpt_open
 .text.dcd_edpt_close_all
                0x100040fc        0x8 CMakeFiles/VIPER-E.dir/Users/zachjones/Desktop/Spring_2024_Classes/Capstone_2/Capstone-Software/pico-sdk/lib/tinyusb/src/portable/raspberrypi/rp2040/dcd_rp2040.c.obj
                0x100040fc                dcd_edpt_close_all
 .text.dcd_edpt_xfer
                0x10004104       0x24 CMakeFiles/VIPER-E.dir/Users/zachjones/Desktop/Spring_2024_Classes/Capstone_2/Capstone-Software/pico-sdk/lib/tinyusb/src/portable/raspberrypi/rp2040/dcd_rp2040.c.obj
                0x10004104                dcd_edpt_xfer
 .text.dcd_edpt_stall
                0x10004128       0x34 CMakeFiles/VIPER-E.dir/Users/zachjones/Desktop/Spring_2024_Classes/Capstone_2/Capstone-Software/pico-sdk/lib/tinyusb/src/portable/raspberrypi/rp2040/dcd_rp2040.c.obj
                0x10004128                dcd_edpt_stall
 .text.dcd_edpt_clear_stall
                0x1000415c       0x30 CMakeFiles/VIPER-E.dir/Users/zachjones/Desktop/Spring_2024_Classes/Capstone_2/Capstone-Software/pico-sdk/lib/tinyusb/src/portable/raspberrypi/rp2040/dcd_rp2040.c.obj
                0x1000415c                dcd_edpt_clear_stall
 .text.rp2040_usb_init
                0x1000418c       0x4c CMakeFiles/VIPER-E.dir/Users/zachjones/Desktop/Spring_2024_Classes/Capstone_2/Capstone-Software/pico-sdk/lib/tinyusb/src/portable/raspberrypi/rp2040/rp2040_usb.c.obj
                0x1000418c                rp2040_usb_init
 .text.hw_endpoint_xfer_start
                0x100041d8       0x40 CMakeFiles/VIPER-E.dir/Users/zachjones/Desktop/Spring_2024_Classes/Capstone_2/Capstone-Software/pico-sdk/lib/tinyusb/src/portable/raspberrypi/rp2040/rp2040_usb.c.obj
                0x100041d8                hw_endpoint_xfer_start
 .text.tud_mounted
                0x10004218       0x10 CMakeFiles/VIPER-E.dir/Users/zachjones/Desktop/Spring_2024_Classes/Capstone_2/Capstone-Software/pico-sdk/lib/tinyusb/src/device/usbd.c.obj
                0x10004218                tud_mounted
 .text.tud_suspended
                0x10004228       0x10 CMakeFiles/VIPER-E.dir/Users/zachjones/Desktop/Spring_2024_Classes/Capstone_2/Capstone-Software/pico-sdk/lib/tinyusb/src/device/usbd.c.obj
                0x10004228                tud_suspended
 .text.tud_inited
                0x10004238       0x14 CMakeFiles/VIPER-E.dir/Users/zachjones/Desktop/Spring_2024_Classes/Capstone_2/Capstone-Software/pico-sdk/lib/tinyusb/src/device/usbd.c.obj
                0x10004238                tud_inited
 .text.tud_init
                0x1000424c       0xdc CMakeFiles/VIPER-E.dir/Users/zachjones/Desktop/Spring_2024_Classes/Capstone_2/Capstone-Software/pico-sdk/lib/tinyusb/src/device/usbd.c.obj
                0x1000424c                tud_init
 .text.tud_task_ext
                0x10004328      0x850 CMakeFiles/VIPER-E.dir/Users/zachjones/Desktop/Spring_2024_Classes/Capstone_2/Capstone-Software/pico-sdk/lib/tinyusb/src/device/usbd.c.obj
                0x10004328                tud_task_ext
 .text.usbd_open_edpt_pair
                0x10004b78       0x9c CMakeFiles/VIPER-E.dir/Users/zachjones/Desktop/Spring_2024_Classes/Capstone_2/Capstone-Software/pico-sdk/lib/tinyusb/src/device/usbd.c.obj
                0x10004b78                usbd_open_edpt_pair
 .text.usbd_defer_func
                0x10004c14       0x48 CMakeFiles/VIPER-E.dir/Users/zachjones/Desktop/Spring_2024_Classes/Capstone_2/Capstone-Software/pico-sdk/lib/tinyusb/src/device/usbd.c.obj
                0x10004c14                usbd_defer_func
 .text.usbd_edpt_open
                0x10004c5c       0x34 CMakeFiles/VIPER-E.dir/Users/zachjones/Desktop/Spring_2024_Classes/Capstone_2/Capstone-Software/pico-sdk/lib/tinyusb/src/device/usbd.c.obj
                0x10004c5c                usbd_edpt_open
 .text.usbd_edpt_claim
                0x10004c90       0x28 CMakeFiles/VIPER-E.dir/Users/zachjones/Desktop/Spring_2024_Classes/Capstone_2/Capstone-Software/pico-sdk/lib/tinyusb/src/device/usbd.c.obj
                0x10004c90                usbd_edpt_claim
 .text.usbd_edpt_release
                0x10004cb8       0x28 CMakeFiles/VIPER-E.dir/Users/zachjones/Desktop/Spring_2024_Classes/Capstone_2/Capstone-Software/pico-sdk/lib/tinyusb/src/device/usbd.c.obj
                0x10004cb8                usbd_edpt_release
 .text.usbd_edpt_xfer
                0x10004ce0       0x4c CMakeFiles/VIPER-E.dir/Users/zachjones/Desktop/Spring_2024_Classes/Capstone_2/Capstone-Software/pico-sdk/lib/tinyusb/src/device/usbd.c.obj
                0x10004ce0                usbd_edpt_xfer
 .text.tud_control_status
                0x10004d2c       0x2c CMakeFiles/VIPER-E.dir/Users/zachjones/Desktop/Spring_2024_Classes/Capstone_2/Capstone-Software/pico-sdk/lib/tinyusb/src/device/usbd_control.c.obj
                0x10004d2c                tud_control_status
 .text.tud_control_xfer
                0x10004d58       0xac CMakeFiles/VIPER-E.dir/Users/zachjones/Desktop/Spring_2024_Classes/Capstone_2/Capstone-Software/pico-sdk/lib/tinyusb/src/device/usbd_control.c.obj
                0x10004d58                tud_control_xfer
 .text.usbd_control_reset
                0x10004e04       0x14 CMakeFiles/VIPER-E.dir/Users/zachjones/Desktop/Spring_2024_Classes/Capstone_2/Capstone-Software/pico-sdk/lib/tinyusb/src/device/usbd_control.c.obj
                0x10004e04                usbd_control_reset
 .text.usbd_control_set_complete_callback
                0x10004e18        0xc CMakeFiles/VIPER-E.dir/Users/zachjones/Desktop/Spring_2024_Classes/Capstone_2/Capstone-Software/pico-sdk/lib/tinyusb/src/device/usbd_control.c.obj
                0x10004e18                usbd_control_set_complete_callback
 .text.usbd_control_set_request
                0x10004e24       0x1c CMakeFiles/VIPER-E.dir/Users/zachjones/Desktop/Spring_2024_Classes/Capstone_2/Capstone-Software/pico-sdk/lib/tinyusb/src/device/usbd_control.c.obj
                0x10004e24                usbd_control_set_request
 .text.usbd_control_xfer_cb
                0x10004e40       0xf4 CMakeFiles/VIPER-E.dir/Users/zachjones/Desktop/Spring_2024_Classes/Capstone_2/Capstone-Software/pico-sdk/lib/tinyusb/src/device/usbd_control.c.obj
                0x10004e40                usbd_control_xfer_cb
 .text.tud_cdc_n_connected
                0x10004f34       0x30 CMakeFiles/VIPER-E.dir/Users/zachjones/Desktop/Spring_2024_Classes/Capstone_2/Capstone-Software/pico-sdk/lib/tinyusb/src/class/cdc/cdc_device.c.obj
                0x10004f34                tud_cdc_n_connected
 .text.tud_cdc_n_available
                0x10004f64       0x18 CMakeFiles/VIPER-E.dir/Users/zachjones/Desktop/Spring_2024_Classes/Capstone_2/Capstone-Software/pico-sdk/lib/tinyusb/src/class/cdc/cdc_device.c.obj
                0x10004f64                tud_cdc_n_available
 .text.tud_cdc_n_read
                0x10004f7c       0x70 CMakeFiles/VIPER-E.dir/Users/zachjones/Desktop/Spring_2024_Classes/Capstone_2/Capstone-Software/pico-sdk/lib/tinyusb/src/class/cdc/cdc_device.c.obj
                0x10004f7c                tud_cdc_n_read
 .text.tud_cdc_n_write_flush
                0x10004fec       0x78 CMakeFiles/VIPER-E.dir/Users/zachjones/Desktop/Spring_2024_Classes/Capstone_2/Capstone-Software/pico-sdk/lib/tinyusb/src/class/cdc/cdc_device.c.obj
                0x10004fec                tud_cdc_n_write_flush
 .text.tud_cdc_n_write
                0x10005064       0x34 CMakeFiles/VIPER-E.dir/Users/zachjones/Desktop/Spring_2024_Classes/Capstone_2/Capstone-Software/pico-sdk/lib/tinyusb/src/class/cdc/cdc_device.c.obj
                0x10005064                tud_cdc_n_write
 .text.tud_cdc_n_write_available
                0x10005098       0x18 CMakeFiles/VIPER-E.dir/Users/zachjones/Desktop/Spring_2024_Classes/Capstone_2/Capstone-Software/pico-sdk/lib/tinyusb/src/class/cdc/cdc_device.c.obj
                0x10005098                tud_cdc_n_write_available
 .text.cdcd_init
                0x100050b0       0x7c CMakeFiles/VIPER-E.dir/Users/zachjones/Desktop/Spring_2024_Classes/Capstone_2/Capstone-Software/pico-sdk/lib/tinyusb/src/class/cdc/cdc_device.c.obj
                0x100050b0                cdcd_init
 .text.cdcd_reset
                0x1000512c       0x2c CMakeFiles/VIPER-E.dir/Users/zachjones/Desktop/Spring_2024_Classes/Capstone_2/Capstone-Software/pico-sdk/lib/tinyusb/src/class/cdc/cdc_device.c.obj
                0x1000512c                cdcd_reset
 .text.cdcd_open
                0x10005158       0xe4 CMakeFiles/VIPER-E.dir/Users/zachjones/Desktop/Spring_2024_Classes/Capstone_2/Capstone-Software/pico-sdk/lib/tinyusb/src/class/cdc/cdc_device.c.obj
                0x10005158                cdcd_open
 .text.cdcd_control_xfer_cb
                0x1000523c       0xe4 CMakeFiles/VIPER-E.dir/Users/zachjones/Desktop/Spring_2024_Classes/Capstone_2/Capstone-Software/pico-sdk/lib/tinyusb/src/class/cdc/cdc_device.c.obj
                0x1000523c                cdcd_control_xfer_cb
 .text.cdcd_xfer_cb
                0x10005320      0x13c CMakeFiles/VIPER-E.dir/Users/zachjones/Desktop/Spring_2024_Classes/Capstone_2/Capstone-Software/pico-sdk/lib/tinyusb/src/class/cdc/cdc_device.c.obj
                0x10005320                cdcd_xfer_cb
 .text.tusb_init
                0x1000545c        0xc CMakeFiles/VIPER-E.dir/Users/zachjones/Desktop/Spring_2024_Classes/Capstone_2/Capstone-Software/pico-sdk/lib/tinyusb/src/tusb.c.obj
                0x1000545c                tusb_init
 .text.tusb_inited
                0x10005468        0x8 CMakeFiles/VIPER-E.dir/Users/zachjones/Desktop/Spring_2024_Classes/Capstone_2/Capstone-Software/pico-sdk/lib/tinyusb/src/tusb.c.obj
                0x10005468                tusb_inited
 .text.tu_edpt_claim
                0x10005470       0x50 CMakeFiles/VIPER-E.dir/Users/zachjones/Desktop/Spring_2024_Classes/Capstone_2/Capstone-Software/pico-sdk/lib/tinyusb/src/tusb.c.obj
                0x10005470                tu_edpt_claim
 .text.tu_edpt_release
                0x100054c0       0x38 CMakeFiles/VIPER-E.dir/Users/zachjones/Desktop/Spring_2024_Classes/Capstone_2/Capstone-Software/pico-sdk/lib/tinyusb/src/tusb.c.obj
                0x100054c0                tu_edpt_release
 .text.tu_edpt_validate
                0x100054f8       0x7c CMakeFiles/VIPER-E.dir/Users/zachjones/Desktop/Spring_2024_Classes/Capstone_2/Capstone-Software/pico-sdk/lib/tinyusb/src/tusb.c.obj
                0x100054f8                tu_edpt_validate
 .text.tu_edpt_bind_driver
                0x10005574       0x34 CMakeFiles/VIPER-E.dir/Users/zachjones/Desktop/Spring_2024_Classes/Capstone_2/Capstone-Software/pico-sdk/lib/tinyusb/src/tusb.c.obj
                0x10005574                tu_edpt_bind_driver
 .text.tu_fifo_config
                0x100055a8       0x6c CMakeFiles/VIPER-E.dir/Users/zachjones/Desktop/Spring_2024_Classes/Capstone_2/Capstone-Software/pico-sdk/lib/tinyusb/src/common/tusb_fifo.c.obj
                0x100055a8                tu_fifo_config
 .text.tu_fifo_count
                0x10005614       0x2c CMakeFiles/VIPER-E.dir/Users/zachjones/Desktop/Spring_2024_Classes/Capstone_2/Capstone-Software/pico-sdk/lib/tinyusb/src/common/tusb_fifo.c.obj
                0x10005614                tu_fifo_count
 .text.tu_fifo_empty
                0x10005640       0x10 CMakeFiles/VIPER-E.dir/Users/zachjones/Desktop/Spring_2024_Classes/Capstone_2/Capstone-Software/pico-sdk/lib/tinyusb/src/common/tusb_fifo.c.obj
                0x10005640                tu_fifo_empty
 .text.tu_fifo_remaining
                0x10005650       0x2c CMakeFiles/VIPER-E.dir/Users/zachjones/Desktop/Spring_2024_Classes/Capstone_2/Capstone-Software/pico-sdk/lib/tinyusb/src/common/tusb_fifo.c.obj
                0x10005650                tu_fifo_remaining
 .text.tu_fifo_read
                0x1000567c       0x9c CMakeFiles/VIPER-E.dir/Users/zachjones/Desktop/Spring_2024_Classes/Capstone_2/Capstone-Software/pico-sdk/lib/tinyusb/src/common/tusb_fifo.c.obj
                0x1000567c                tu_fifo_read
 .text.tu_fifo_read_n
                0x10005718       0xe8 CMakeFiles/VIPER-E.dir/Users/zachjones/Desktop/Spring_2024_Classes/Capstone_2/Capstone-Software/pico-sdk/lib/tinyusb/src/common/tusb_fifo.c.obj
                0x10005718                tu_fifo_read_n
 .text.tu_fifo_write
                0x10005800       0xa8 CMakeFiles/VIPER-E.dir/Users/zachjones/Desktop/Spring_2024_Classes/Capstone_2/Capstone-Software/pico-sdk/lib/tinyusb/src/common/tusb_fifo.c.obj
                0x10005800                tu_fifo_write
 .text.tu_fifo_write_n
                0x100058a8      0x178 CMakeFiles/VIPER-E.dir/Users/zachjones/Desktop/Spring_2024_Classes/Capstone_2/Capstone-Software/pico-sdk/lib/tinyusb/src/common/tusb_fifo.c.obj
                0x100058a8                tu_fifo_write_n
 .text.tu_fifo_clear
                0x10005a20       0x40 CMakeFiles/VIPER-E.dir/Users/zachjones/Desktop/Spring_2024_Classes/Capstone_2/Capstone-Software/pico-sdk/lib/tinyusb/src/common/tusb_fifo.c.obj
                0x10005a20                tu_fifo_clear
 .text.tu_fifo_set_overwritable
                0x10005a60       0x48 CMakeFiles/VIPER-E.dir/Users/zachjones/Desktop/Spring_2024_Classes/Capstone_2/Capstone-Software/pico-sdk/lib/tinyusb/src/common/tusb_fifo.c.obj
                0x10005a60                tu_fifo_set_overwritable
 .text.ff_memalloc
                0x10005aa8        0x8 CMakeFiles/VIPER-E.dir/lib/no-OS-FatFS-SD-SPI-RPi-Pico/FatFs_SPI/ff15/source/ffsystem.c.obj
                0x10005aa8                ff_memalloc
 .text.ff_memfree
                0x10005ab0        0x8 CMakeFiles/VIPER-E.dir/lib/no-OS-FatFS-SD-SPI-RPi-Pico/FatFs_SPI/ff15/source/ffsystem.c.obj
                0x10005ab0                ff_memfree
 .text.ff_uni2oem
                0x10005ab8       0x40 CMakeFiles/VIPER-E.dir/lib/no-OS-FatFS-SD-SPI-RPi-Pico/FatFs_SPI/ff15/source/ffunicode.c.obj
                0x10005ab8                ff_uni2oem
 .text.ff_wtoupper
                0x10005af8       0xb8 CMakeFiles/VIPER-E.dir/lib/no-OS-FatFS-SD-SPI-RPi-Pico/FatFs_SPI/ff15/source/ffunicode.c.obj
                0x10005af8                ff_wtoupper
 .text.tchar2uni
                0x10005bb0      0x100 CMakeFiles/VIPER-E.dir/lib/no-OS-FatFS-SD-SPI-RPi-Pico/FatFs_SPI/ff15/source/ff.c.obj
 .text.inc_share
                0x10005cb0      0x37c CMakeFiles/VIPER-E.dir/lib/no-OS-FatFS-SD-SPI-RPi-Pico/FatFs_SPI/ff15/source/ff.c.obj
 .text.dir_clear
                0x1000602c      0x1b4 CMakeFiles/VIPER-E.dir/lib/no-OS-FatFS-SD-SPI-RPi-Pico/FatFs_SPI/ff15/source/ff.c.obj
 .text.init_alloc_info.isra.0
                0x100061e0       0x6c CMakeFiles/VIPER-E.dir/lib/no-OS-FatFS-SD-SPI-RPi-Pico/FatFs_SPI/ff15/source/ff.c.obj
 .text.move_window
                0x1000624c       0xc8 CMakeFiles/VIPER-E.dir/lib/no-OS-FatFS-SD-SPI-RPi-Pico/FatFs_SPI/ff15/source/ff.c.obj
 .text.put_fat.part.0
                0x10006314      0x160 CMakeFiles/VIPER-E.dir/lib/no-OS-FatFS-SD-SPI-RPi-Pico/FatFs_SPI/ff15/source/ff.c.obj
 .text.get_fat  0x10006474      0x1b0 CMakeFiles/VIPER-E.dir/lib/no-OS-FatFS-SD-SPI-RPi-Pico/FatFs_SPI/ff15/source/ff.c.obj
 .text.dir_next.constprop.0
                0x10006624       0xc4 CMakeFiles/VIPER-E.dir/lib/no-OS-FatFS-SD-SPI-RPi-Pico/FatFs_SPI/ff15/source/ff.c.obj
 .text.check_fs
                0x100066e8      0x188 CMakeFiles/VIPER-E.dir/lib/no-OS-FatFS-SD-SPI-RPi-Pico/FatFs_SPI/ff15/source/ff.c.obj
 .text.mount_volume
                0x10006870      0xaac CMakeFiles/VIPER-E.dir/lib/no-OS-FatFS-SD-SPI-RPi-Pico/FatFs_SPI/ff15/source/ff.c.obj
 .text.load_xdir
                0x1000731c      0x1c0 CMakeFiles/VIPER-E.dir/lib/no-OS-FatFS-SD-SPI-RPi-Pico/FatFs_SPI/ff15/source/ff.c.obj
 .text.dir_read.constprop.0
                0x100074dc      0x55c CMakeFiles/VIPER-E.dir/lib/no-OS-FatFS-SD-SPI-RPi-Pico/FatFs_SPI/ff15/source/ff.c.obj
 .text.dir_sdi  0x10007a38      0x2e0 CMakeFiles/VIPER-E.dir/lib/no-OS-FatFS-SD-SPI-RPi-Pico/FatFs_SPI/ff15/source/ff.c.obj
 .text.store_xdir
                0x10007d18      0x23c CMakeFiles/VIPER-E.dir/lib/no-OS-FatFS-SD-SPI-RPi-Pico/FatFs_SPI/ff15/source/ff.c.obj
 .text.dir_find
                0x10007f54      0x47c CMakeFiles/VIPER-E.dir/lib/no-OS-FatFS-SD-SPI-RPi-Pico/FatFs_SPI/ff15/source/ff.c.obj
 .text.follow_path
                0x100083d0      0x5b8 CMakeFiles/VIPER-E.dir/lib/no-OS-FatFS-SD-SPI-RPi-Pico/FatFs_SPI/ff15/source/ff.c.obj
 .text.remove_chain
                0x10008988      0x3e4 CMakeFiles/VIPER-E.dir/lib/no-OS-FatFS-SD-SPI-RPi-Pico/FatFs_SPI/ff15/source/ff.c.obj
 .text.create_chain
                0x10008d6c      0x520 CMakeFiles/VIPER-E.dir/lib/no-OS-FatFS-SD-SPI-RPi-Pico/FatFs_SPI/ff15/source/ff.c.obj
 .text.dir_alloc
                0x1000928c      0x23c CMakeFiles/VIPER-E.dir/lib/no-OS-FatFS-SD-SPI-RPi-Pico/FatFs_SPI/ff15/source/ff.c.obj
 .text.dir_register
                0x100094c8      0xa48 CMakeFiles/VIPER-E.dir/lib/no-OS-FatFS-SD-SPI-RPi-Pico/FatFs_SPI/ff15/source/ff.c.obj
 .text.f_mount  0x10009f10      0x1c8 CMakeFiles/VIPER-E.dir/lib/no-OS-FatFS-SD-SPI-RPi-Pico/FatFs_SPI/ff15/source/ff.c.obj
                0x10009f10                f_mount
 .text.f_open   0x1000a0d8      0x890 CMakeFiles/VIPER-E.dir/lib/no-OS-FatFS-SD-SPI-RPi-Pico/FatFs_SPI/ff15/source/ff.c.obj
                0x1000a0d8                f_open
 .text.f_write  0x1000a968      0x2f8 CMakeFiles/VIPER-E.dir/lib/no-OS-FatFS-SD-SPI-RPi-Pico/FatFs_SPI/ff15/source/ff.c.obj
                0x1000a968                f_write
 .text.putc_bfd
                0x1000ac60      0x174 CMakeFiles/VIPER-E.dir/lib/no-OS-FatFS-SD-SPI-RPi-Pico/FatFs_SPI/ff15/source/ff.c.obj
 .text.putc_bfd.constprop.0
                0x1000add4      0x120 CMakeFiles/VIPER-E.dir/lib/no-OS-FatFS-SD-SPI-RPi-Pico/FatFs_SPI/ff15/source/ff.c.obj
 .text.f_printf
                0x1000aef4      0xd74 CMakeFiles/VIPER-E.dir/lib/no-OS-FatFS-SD-SPI-RPi-Pico/FatFs_SPI/ff15/source/ff.c.obj
                0x1000aef4                f_printf
 .text.sd_spi_go_high_frequency
                0x1000bc68       0x10 CMakeFiles/VIPER-E.dir/lib/no-OS-FatFS-SD-SPI-RPi-Pico/FatFs_SPI/sd_driver/sd_spi.c.obj
                0x1000bc68                sd_spi_go_high_frequency
 .text.sd_spi_go_low_frequency
                0x1000bc78       0x14 CMakeFiles/VIPER-E.dir/lib/no-OS-FatFS-SD-SPI-RPi-Pico/FatFs_SPI/sd_driver/sd_spi.c.obj
                0x1000bc78                sd_spi_go_low_frequency
 .text.sd_spi_deselect_pulse
                0x1000bc8c       0x44 CMakeFiles/VIPER-E.dir/lib/no-OS-FatFS-SD-SPI-RPi-Pico/FatFs_SPI/sd_driver/sd_spi.c.obj
                0x1000bc8c                sd_spi_deselect_pulse
 .text.sd_spi_acquire
                0x1000bcd0       0x30 CMakeFiles/VIPER-E.dir/lib/no-OS-FatFS-SD-SPI-RPi-Pico/FatFs_SPI/sd_driver/sd_spi.c.obj
                0x1000bcd0                sd_spi_acquire
 .text.sd_spi_release
                0x1000bd00       0x30 CMakeFiles/VIPER-E.dir/lib/no-OS-FatFS-SD-SPI-RPi-Pico/FatFs_SPI/sd_driver/sd_spi.c.obj
                0x1000bd00                sd_spi_release
 .text.sd_spi_transfer
                0x1000bd30        0xc CMakeFiles/VIPER-E.dir/lib/no-OS-FatFS-SD-SPI-RPi-Pico/FatFs_SPI/sd_driver/sd_spi.c.obj
                0x1000bd30                sd_spi_transfer
 .text.sd_spi_write
                0x1000bd3c       0x24 CMakeFiles/VIPER-E.dir/lib/no-OS-FatFS-SD-SPI-RPi-Pico/FatFs_SPI/sd_driver/sd_spi.c.obj
                0x1000bd3c                sd_spi_write
 .text.sd_spi_send_initializing_sequence
                0x1000bd60       0x7c CMakeFiles/VIPER-E.dir/lib/no-OS-FatFS-SD-SPI-RPi-Pico/FatFs_SPI/sd_driver/sd_spi.c.obj
                0x1000bd60                sd_spi_send_initializing_sequence
 .text.sd_get_num
                0x1000bddc        0x4 CMakeFiles/VIPER-E.dir/lib/no-OS-FatFS-SD-SPI-RPi-Pico/FatFs_SPI/sd_driver/hw_config.c.obj
                0x1000bddc                sd_get_num
 .text.sd_get_by_num
                0x1000bde0       0x1c CMakeFiles/VIPER-E.dir/lib/no-OS-FatFS-SD-SPI-RPi-Pico/FatFs_SPI/sd_driver/hw_config.c.obj
                0x1000bde0                sd_get_by_num
 .text.spi_get_num
                0x1000bdfc        0x4 CMakeFiles/VIPER-E.dir/lib/no-OS-FatFS-SD-SPI-RPi-Pico/FatFs_SPI/sd_driver/hw_config.c.obj
                0x1000bdfc                spi_get_num
 .text.spi_get_by_num
                0x1000be00       0x18 CMakeFiles/VIPER-E.dir/lib/no-OS-FatFS-SD-SPI-RPi-Pico/FatFs_SPI/sd_driver/hw_config.c.obj
                0x1000be00                spi_get_by_num
 .text.spi_lock
                0x1000be18        0xc CMakeFiles/VIPER-E.dir/lib/no-OS-FatFS-SD-SPI-RPi-Pico/FatFs_SPI/sd_driver/spi.c.obj
                0x1000be18                spi_lock
 .text.spi_unlock
                0x1000be24        0xc CMakeFiles/VIPER-E.dir/lib/no-OS-FatFS-SD-SPI-RPi-Pico/FatFs_SPI/sd_driver/spi.c.obj
                0x1000be24                spi_unlock
 .text.my_spi_init
                0x1000be30      0x1b4 CMakeFiles/VIPER-E.dir/lib/no-OS-FatFS-SD-SPI-RPi-Pico/FatFs_SPI/sd_driver/spi.c.obj
                0x1000be30                my_spi_init
 .text.sd_test_com
                0x1000bfe4      0x1cc CMakeFiles/VIPER-E.dir/lib/no-OS-FatFS-SD-SPI-RPi-Pico/FatFs_SPI/sd_driver/sd_card.c.obj
 .text.sd_cmd   0x1000c1b0      0x380 CMakeFiles/VIPER-E.dir/lib/no-OS-FatFS-SD-SPI-RPi-Pico/FatFs_SPI/sd_driver/sd_card.c.obj
 .text.sd_sectors_nolock
                0x1000c530      0x17c CMakeFiles/VIPER-E.dir/lib/no-OS-FatFS-SD-SPI-RPi-Pico/FatFs_SPI/sd_driver/sd_card.c.obj
 .text.sd_read_blocks
                0x1000c6ac      0x198 CMakeFiles/VIPER-E.dir/lib/no-OS-FatFS-SD-SPI-RPi-Pico/FatFs_SPI/sd_driver/sd_card.c.obj
                0x1000c6ac                sd_read_blocks
 .text.sd_write_blocks
                0x1000c844      0x204 CMakeFiles/VIPER-E.dir/lib/no-OS-FatFS-SD-SPI-RPi-Pico/FatFs_SPI/sd_driver/sd_card.c.obj
                0x1000c844                sd_write_blocks
 .text.sd_init  0x1000ca48      0x22c CMakeFiles/VIPER-E.dir/lib/no-OS-FatFS-SD-SPI-RPi-Pico/FatFs_SPI/sd_driver/sd_card.c.obj
 .text.sd_card_detect
                0x1000cc74       0x40 CMakeFiles/VIPER-E.dir/lib/no-OS-FatFS-SD-SPI-RPi-Pico/FatFs_SPI/sd_driver/sd_card.c.obj
                0x1000cc74                sd_card_detect
 .text.sd_init_driver
                0x1000ccb4      0x110 CMakeFiles/VIPER-E.dir/lib/no-OS-FatFS-SD-SPI-RPi-Pico/FatFs_SPI/sd_driver/sd_card.c.obj
                0x1000ccb4                sd_init_driver
 .text.crc7     0x1000cdc4       0x28 CMakeFiles/VIPER-E.dir/lib/no-OS-FatFS-SD-SPI-RPi-Pico/FatFs_SPI/sd_driver/crc.c.obj
                0x1000cdc4                crc7
 .text.crc16    0x1000cdec       0x30 CMakeFiles/VIPER-E.dir/lib/no-OS-FatFS-SD-SPI-RPi-Pico/FatFs_SPI/sd_driver/crc.c.obj
                0x1000cdec                crc16
 .text.disk_status
                0x1000ce1c       0x18 CMakeFiles/VIPER-E.dir/lib/no-OS-FatFS-SD-SPI-RPi-Pico/FatFs_SPI/src/glue.c.obj
                0x1000ce1c                disk_status
 .text.disk_initialize
                0x1000ce34       0x2c CMakeFiles/VIPER-E.dir/lib/no-OS-FatFS-SD-SPI-RPi-Pico/FatFs_SPI/src/glue.c.obj
                0x1000ce34                disk_initialize
 .text.disk_read
                0x1000ce60       0x74 CMakeFiles/VIPER-E.dir/lib/no-OS-FatFS-SD-SPI-RPi-Pico/FatFs_SPI/src/glue.c.obj
                0x1000ce60                disk_read
 .text.disk_write
                0x1000ced4       0x74 CMakeFiles/VIPER-E.dir/lib/no-OS-FatFS-SD-SPI-RPi-Pico/FatFs_SPI/src/glue.c.obj
                0x1000ced4                disk_write
 .text.get_fattime
                0x1000cf48       0x6c CMakeFiles/VIPER-E.dir/lib/no-OS-FatFS-SD-SPI-RPi-Pico/FatFs_SPI/src/rtc.c.obj
                0x1000cf48                get_fattime
 .text.spi_init
                0x1000cfb4      0x14c CMakeFiles/VIPER-E.dir/Users/zachjones/Desktop/Spring_2024_Classes/Capstone_2/Capstone-Software/pico-sdk/src/rp2_common/hardware_spi/spi.c.obj
                0x1000cfb4                spi_init
 .text.spi_set_baudrate
                0x1000d100       0xcc CMakeFiles/VIPER-E.dir/Users/zachjones/Desktop/Spring_2024_Classes/Capstone_2/Capstone-Software/pico-sdk/src/rp2_common/hardware_spi/spi.c.obj
                0x1000d100                spi_set_baudrate
 .text.dma_claim_unused_channel
                0x1000d1cc       0x24 CMakeFiles/VIPER-E.dir/Users/zachjones/Desktop/Spring_2024_Classes/Capstone_2/Capstone-Software/pico-sdk/src/rp2_common/hardware_dma/dma.c.obj
                0x1000d1cc                dma_claim_unused_channel
 .text.rtc_init
                0x1000d1f0       0x38 CMakeFiles/VIPER-E.dir/Users/zachjones/Desktop/Spring_2024_Classes/Capstone_2/Capstone-Software/pico-sdk/src/rp2_common/hardware_rtc/rtc.c.obj
                0x1000d1f0                rtc_init
 .text.rtc_set_datetime
                0x1000d228       0xac CMakeFiles/VIPER-E.dir/Users/zachjones/Desktop/Spring_2024_Classes/Capstone_2/Capstone-Software/pico-sdk/src/rp2_common/hardware_rtc/rtc.c.obj
                0x1000d228                rtc_set_datetime
 .text.rtc_get_datetime
                0x1000d2d4       0x44 CMakeFiles/VIPER-E.dir/Users/zachjones/Desktop/Spring_2024_Classes/Capstone_2/Capstone-Software/pico-sdk/src/rp2_common/hardware_rtc/rtc.c.obj
                0x1000d2d4                rtc_get_datetime
 .text.adc_init
                0x1000d318       0x38 CMakeFiles/VIPER-E.dir/Users/zachjones/Desktop/Spring_2024_Classes/Capstone_2/Capstone-Software/pico-sdk/src/rp2_common/hardware_adc/adc.c.obj
                0x1000d318                adc_init
 .text.i2c_set_baudrate
                0x1000d350       0xc4 CMakeFiles/VIPER-E.dir/Users/zachjones/Desktop/Spring_2024_Classes/Capstone_2/Capstone-Software/pico-sdk/src/rp2_common/hardware_i2c/i2c.c.obj
                0x1000d350                i2c_set_baudrate
 .text.i2c_init
                0x1000d414       0x50 CMakeFiles/VIPER-E.dir/Users/zachjones/Desktop/Spring_2024_Classes/Capstone_2/Capstone-Software/pico-sdk/src/rp2_common/hardware_i2c/i2c.c.obj
                0x1000d414                i2c_init
 .text.i2c_write_blocking
                0x1000d464       0xd0 CMakeFiles/VIPER-E.dir/Users/zachjones/Desktop/Spring_2024_Classes/Capstone_2/Capstone-Software/pico-sdk/src/rp2_common/hardware_i2c/i2c.c.obj
                0x1000d464                i2c_write_blocking
 .text.i2c_read_blocking
                0x1000d534       0x90 CMakeFiles/VIPER-E.dir/Users/zachjones/Desktop/Spring_2024_Classes/Capstone_2/Capstone-Software/pico-sdk/src/rp2_common/hardware_i2c/i2c.c.obj
                0x1000d534                i2c_read_blocking
 .text.core1_trampoline
                0x1000d5c4        0x4 CMakeFiles/VIPER-E.dir/Users/zachjones/Desktop/Spring_2024_Classes/Capstone_2/Capstone-Software/pico-sdk/src/rp2_common/pico_multicore/multicore.c.obj
 .text.core1_wrapper
                0x1000d5c8        0xc CMakeFiles/VIPER-E.dir/Users/zachjones/Desktop/Spring_2024_Classes/Capstone_2/Capstone-Software/pico-sdk/src/rp2_common/pico_multicore/multicore.c.obj
                0x1000d5c8                core1_wrapper
 .text.multicore_launch_core1_raw
                0x1000d5d4       0x84 CMakeFiles/VIPER-E.dir/Users/zachjones/Desktop/Spring_2024_Classes/Capstone_2/Capstone-Software/pico-sdk/src/rp2_common/pico_multicore/multicore.c.obj
                0x1000d5d4                multicore_launch_core1_raw
 .text.multicore_launch_core1
                0x1000d658       0x58 CMakeFiles/VIPER-E.dir/Users/zachjones/Desktop/Spring_2024_Classes/Capstone_2/Capstone-Software/pico-sdk/src/rp2_common/pico_multicore/multicore.c.obj
                0x1000d658                multicore_launch_core1
 .text.malloc   0x1000d6b0       0x14 /Applications/ArmGNUToolchain/13.2.Rel1/arm-none-eabi/bin/../lib/gcc/arm-none-eabi/13.2.1/../../../../arm-none-eabi/lib/thumb/v6-m/nofp/libc.a(libc_a-malloc.o)
                0x1000d6b0                malloc
 .text.free     0x1000d6c4       0x14 /Applications/ArmGNUToolchain/13.2.Rel1/arm-none-eabi/bin/../lib/gcc/arm-none-eabi/13.2.1/../../../../arm-none-eabi/lib/thumb/v6-m/nofp/libc.a(libc_a-malloc.o)
                0x1000d6c4                free
 .text._malloc_r
                0x1000d6d8      0x5c4 /Applications/ArmGNUToolchain/13.2.Rel1/arm-none-eabi/bin/../lib/gcc/arm-none-eabi/13.2.1/../../../../arm-none-eabi/lib/thumb/v6-m/nofp/libc.a(libc_a-mallocr.o)
                0x1000d6d8                _malloc_r
 .text.__malloc_lock
                0x1000dc9c       0x10 /Applications/ArmGNUToolchain/13.2.Rel1/arm-none-eabi/bin/../lib/gcc/arm-none-eabi/13.2.1/../../../../arm-none-eabi/lib/thumb/v6-m/nofp/libc.a(libc_a-mlock.o)
                0x1000dc9c                __malloc_lock
 .text.__malloc_unlock
                0x1000dcac       0x10 /Applications/ArmGNUToolchain/13.2.Rel1/arm-none-eabi/bin/../lib/gcc/arm-none-eabi/13.2.1/../../../../arm-none-eabi/lib/thumb/v6-m/nofp/libc.a(libc_a-mlock.o)
                0x1000dcac                __malloc_unlock
 .text.memcmp   0x1000dcbc       0x48 /Applications/ArmGNUToolchain/13.2.Rel1/arm-none-eabi/bin/../lib/gcc/arm-none-eabi/13.2.1/../../../../arm-none-eabi/lib/thumb/v6-m/nofp/libc.a(libc_a-memcmp.o)
                0x1000dcbc                memcmp
 .text.strchr   0x1000dd04       0xc4 /Applications/ArmGNUToolchain/13.2.Rel1/arm-none-eabi/bin/../lib/gcc/arm-none-eabi/13.2.1/../../../../arm-none-eabi/lib/thumb/v6-m/nofp/libc.a(libc_a-strchr.o)
                0x1000dd04                strchr
 .text._sbrk_r  0x1000ddc8       0x24 /Applications/ArmGNUToolchain/13.2.Rel1/arm-none-eabi/bin/../lib/gcc/arm-none-eabi/13.2.1/../../../../arm-none-eabi/lib/thumb/v6-m/nofp/libc.a(libc_a-sbrkr.o)
                0x1000ddc8                _sbrk_r
 .text.__errno  0x1000ddec        0xc /Applications/ArmGNUToolchain/13.2.Rel1/arm-none-eabi/bin/../lib/gcc/arm-none-eabi/13.2.1/../../../../arm-none-eabi/lib/thumb/v6-m/nofp/libc.a(libc_a-errno.o)
                0x1000ddec                __errno
 .text.sysconf  0x1000ddf8       0x1c /Applications/ArmGNUToolchain/13.2.Rel1/arm-none-eabi/bin/../lib/gcc/arm-none-eabi/13.2.1/../../../../arm-none-eabi/lib/thumb/v6-m/nofp/libc.a(libc_a-sysconf.o)
                0x1000ddf8                sysconf
 .text.__retarget_lock_acquire_recursive
                0x1000de14        0x4 /Applications/ArmGNUToolchain/13.2.Rel1/arm-none-eabi/bin/../lib/gcc/arm-none-eabi/13.2.1/../../../../arm-none-eabi/lib/thumb/v6-m/nofp/libc.a(libc_a-lock.o)
                0x1000de14                __retarget_lock_acquire_recursive
 .text.__retarget_lock_release_recursive
                0x1000de18        0x4 /Applications/ArmGNUToolchain/13.2.Rel1/arm-none-eabi/bin/../lib/gcc/arm-none-eabi/13.2.1/../../../../arm-none-eabi/lib/thumb/v6-m/nofp/libc.a(libc_a-lock.o)
                0x1000de18                __retarget_lock_release_recursive
 .text.strlen   0x1000de1c       0x5c /Applications/ArmGNUToolchain/13.2.Rel1/arm-none-eabi/bin/../lib/gcc/arm-none-eabi/13.2.1/../../../../arm-none-eabi/lib/thumb/v6-m/nofp/libc.a(libc_a-strlen-stub.o)
                0x1000de1c                strlen
 .text._malloc_trim_r
                0x1000de78       0xb4 /Applications/ArmGNUToolchain/13.2.Rel1/arm-none-eabi/bin/../lib/gcc/arm-none-eabi/13.2.1/../../../../arm-none-eabi/lib/thumb/v6-m/nofp/libc.a(libc_a-freer.o)
                0x1000de78                _malloc_trim_r
 .text._free_r  0x1000df2c      0x1d4 /Applications/ArmGNUToolchain/13.2.Rel1/arm-none-eabi/bin/../lib/gcc/arm-none-eabi/13.2.1/../../../../arm-none-eabi/lib/thumb/v6-m/nofp/libc.a(libc_a-freer.o)
                0x1000df2c                _free_r
 *(.fini)
 .fini          0x1000e100        0x4 /Applications/ArmGNUToolchain/13.2.Rel1/arm-none-eabi/bin/../lib/gcc/arm-none-eabi/13.2.1/thumb/v6-m/nofp/crti.o
                0x1000e100                _fini
 *fill*         0x1000e104        0x4 
 .fini.__stub   0x1000e108       0xf0 linker stubs
 *crtbegin.o(.ctors)
 *crtbegin?.o(.ctors)
 *(EXCLUDE_FILE(*crtend.o *crtend?.o) .ctors)
 *(SORT_BY_NAME(.ctors.*))
 *(.ctors)
 *crtbegin.o(.dtors)
 *crtbegin?.o(.dtors)
 *(EXCLUDE_FILE(*crtend.o *crtend?.o) .dtors)
 *(SORT_BY_NAME(.dtors.*))
 *(.dtors)
 *(.eh_frame*)
 .eh_frame      0x1000e1f8        0x0 /Applications/ArmGNUToolchain/13.2.Rel1/arm-none-eabi/bin/../lib/gcc/arm-none-eabi/13.2.1/thumb/v6-m/nofp/crtbegin.o
                0x1000e1f8                        . = ALIGN (0x4)

.glue_7         0x1000e1f8        0x0
 .glue_7        0x1000e1f8        0x0 linker stubs

.glue_7t        0x1000e1f8        0x0
 .glue_7t       0x1000e1f8        0x0 linker stubs

.vfp11_veneer   0x1000e1f8        0x0
 .vfp11_veneer  0x1000e1f8        0x0 linker stubs

.v4_bx          0x1000e1f8        0x0
 .v4_bx         0x1000e1f8        0x0 linker stubs

.iplt           0x1000e1f8        0x0
 .iplt          0x1000e1f8        0x0 /Applications/ArmGNUToolchain/13.2.Rel1/arm-none-eabi/bin/../lib/gcc/arm-none-eabi/13.2.1/thumb/v6-m/nofp/crtbegin.o

.rodata         0x1000e1f8      0xca0
 *(EXCLUDE_FILE(*libm.a: *libc.a:*lib_a-mem*.o *libgcc.a:) .rodata*)
 .rodata.core_1.str1.4
                0x1000e1f8      0x29e CMakeFiles/VIPER-E.dir/src/VIPER-E.c.obj
                                 0x9b (size before relaxing)
 *fill*         0x1000e496        0x2 
 .rodata.__bi_73.0
                0x1000e498        0x8 CMakeFiles/VIPER-E.dir/src/VIPER-E.c.obj
 .rodata.spin_lock_claim_unused.str1.4
                0x1000e4a0       0x1b CMakeFiles/VIPER-E.dir/Users/zachjones/Desktop/Spring_2024_Classes/Capstone_2/Capstone-Software/pico-sdk/src/rp2_common/hardware_sync/sync.c.obj
 .rodata.user_irq_claim_unused.str1.4
                0x1000e4a0       0x1b CMakeFiles/VIPER-E.dir/Users/zachjones/Desktop/Spring_2024_Classes/Capstone_2/Capstone-Software/pico-sdk/src/rp2_common/hardware_irq/irq.c.obj
 .rodata.hardware_alarm_claim.str1.4
                0x1000e4a0       0x22 CMakeFiles/VIPER-E.dir/Users/zachjones/Desktop/Spring_2024_Classes/Capstone_2/Capstone-Software/pico-sdk/src/rp2_common/hardware_timer/timer.c.obj
 .rodata.panic.str1.4
                0x1000e4a0       0x12 CMakeFiles/VIPER-E.dir/Users/zachjones/Desktop/Spring_2024_Classes/Capstone_2/Capstone-Software/pico-sdk/src/rp2_common/pico_runtime/runtime.c.obj
 .rodata.hard_assertion_failure.str1.4
                0x1000e4a0        0xc CMakeFiles/VIPER-E.dir/Users/zachjones/Desktop/Spring_2024_Classes/Capstone_2/Capstone-Software/pico-sdk/src/rp2_common/pico_runtime/runtime.c.obj
 .rodata.__wrap_malloc.str1.4
                0x1000e4a0        0xe CMakeFiles/VIPER-E.dir/Users/zachjones/Desktop/Spring_2024_Classes/Capstone_2/Capstone-Software/pico-sdk/src/rp2_common/pico_malloc/pico_malloc.c.obj
 .rodata.str1.4
                0x1000e4a0       0x3c CMakeFiles/VIPER-E.dir/Users/zachjones/Desktop/Spring_2024_Classes/Capstone_2/Capstone-Software/pico-sdk/src/rp2_common/pico_standard_link/binary_info.c.obj
 .rodata.__bi_81
                0x1000e4a0        0xc CMakeFiles/VIPER-E.dir/Users/zachjones/Desktop/Spring_2024_Classes/Capstone_2/Capstone-Software/pico-sdk/src/rp2_common/pico_standard_link/binary_info.c.obj
 .rodata.__bi_75
                0x1000e4ac        0xc CMakeFiles/VIPER-E.dir/Users/zachjones/Desktop/Spring_2024_Classes/Capstone_2/Capstone-Software/pico-sdk/src/rp2_common/pico_standard_link/binary_info.c.obj
 .rodata.__bi_44
                0x1000e4b8        0xc CMakeFiles/VIPER-E.dir/Users/zachjones/Desktop/Spring_2024_Classes/Capstone_2/Capstone-Software/pico-sdk/src/rp2_common/pico_standard_link/binary_info.c.obj
 .rodata.crlf_str.0
                0x1000e4c4        0x2 CMakeFiles/VIPER-E.dir/Users/zachjones/Desktop/Spring_2024_Classes/Capstone_2/Capstone-Software/pico-sdk/src/rp2_common/pico_stdio/stdio.c.obj
 .rodata.str1.4
                0x1000e4c6       0x2c CMakeFiles/VIPER-E.dir/Users/zachjones/Desktop/Spring_2024_Classes/Capstone_2/Capstone-Software/pico-sdk/src/rp2_common/pico_stdio_uart/stdio_uart.c.obj
 *fill*         0x1000e4c6        0x2 
 .rodata.__bi_33.4
                0x1000e4c8        0xc CMakeFiles/VIPER-E.dir/Users/zachjones/Desktop/Spring_2024_Classes/Capstone_2/Capstone-Software/pico-sdk/src/rp2_common/pico_stdio_uart/stdio_uart.c.obj
 .rodata.__bi_34.5
                0x1000e4d4        0x8 CMakeFiles/VIPER-E.dir/Users/zachjones/Desktop/Spring_2024_Classes/Capstone_2/Capstone-Software/pico-sdk/src/rp2_common/pico_stdio_uart/stdio_uart.c.obj
 .rodata._resetd_driver
                0x1000e4dc       0x18 CMakeFiles/VIPER-E.dir/Users/zachjones/Desktop/Spring_2024_Classes/Capstone_2/Capstone-Software/pico-sdk/src/rp2_common/pico_stdio_usb/reset_interface.c.obj
 .rodata.str1.4
                0x1000e4f4       0x13 CMakeFiles/VIPER-E.dir/Users/zachjones/Desktop/Spring_2024_Classes/Capstone_2/Capstone-Software/pico-sdk/src/rp2_common/pico_stdio_usb/stdio_usb.c.obj
 .rodata.__bi_182.0
                0x1000e4f4        0xc CMakeFiles/VIPER-E.dir/Users/zachjones/Desktop/Spring_2024_Classes/Capstone_2/Capstone-Software/pico-sdk/src/rp2_common/pico_stdio_usb/stdio_usb.c.obj
 .rodata.str1.4
                0x1000e500       0x2a CMakeFiles/VIPER-E.dir/Users/zachjones/Desktop/Spring_2024_Classes/Capstone_2/Capstone-Software/pico-sdk/src/rp2_common/pico_stdio_usb/stdio_usb_descriptors.c.obj
 .rodata.usbd_desc_str
                0x1000e500       0x18 CMakeFiles/VIPER-E.dir/Users/zachjones/Desktop/Spring_2024_Classes/Capstone_2/Capstone-Software/pico-sdk/src/rp2_common/pico_stdio_usb/stdio_usb_descriptors.c.obj
 .rodata.usbd_desc_cfg
                0x1000e518       0x54 CMakeFiles/VIPER-E.dir/Users/zachjones/Desktop/Spring_2024_Classes/Capstone_2/Capstone-Software/pico-sdk/src/rp2_common/pico_stdio_usb/stdio_usb_descriptors.c.obj
 .rodata.usbd_desc_device
                0x1000e56c       0x12 CMakeFiles/VIPER-E.dir/Users/zachjones/Desktop/Spring_2024_Classes/Capstone_2/Capstone-Software/pico-sdk/src/rp2_common/pico_stdio_usb/stdio_usb_descriptors.c.obj
 .rodata.str1.4
                0x1000e57e       0x14 CMakeFiles/VIPER-E.dir/Users/zachjones/Desktop/Spring_2024_Classes/Capstone_2/Capstone-Software/pico-sdk/lib/tinyusb/src/portable/raspberrypi/rp2040/dcd_rp2040.c.obj
 .rodata.str1.4
                0x1000e57e       0x53 CMakeFiles/VIPER-E.dir/Users/zachjones/Desktop/Spring_2024_Classes/Capstone_2/Capstone-Software/pico-sdk/lib/tinyusb/src/portable/raspberrypi/rp2040/rp2040_usb.c.obj
 *fill*         0x1000e57e        0x2 
 .rodata.tud_task_ext
                0x1000e580       0x8c CMakeFiles/VIPER-E.dir/Users/zachjones/Desktop/Spring_2024_Classes/Capstone_2/Capstone-Software/pico-sdk/lib/tinyusb/src/device/usbd.c.obj
 .rodata._usbd_driver
                0x1000e60c       0x18 CMakeFiles/VIPER-E.dir/Users/zachjones/Desktop/Spring_2024_Classes/Capstone_2/Capstone-Software/pico-sdk/lib/tinyusb/src/device/usbd.c.obj
 .rodata.ff_wtoupper
                0x1000e624       0x24 CMakeFiles/VIPER-E.dir/lib/no-OS-FatFS-SD-SPI-RPi-Pico/FatFs_SPI/ff15/source/ffunicode.c.obj
 .rodata.cvt2.0
                0x1000e648       0xbc CMakeFiles/VIPER-E.dir/lib/no-OS-FatFS-SD-SPI-RPi-Pico/FatFs_SPI/ff15/source/ffunicode.c.obj
 .rodata.cvt1.1
                0x1000e704      0x1f2 CMakeFiles/VIPER-E.dir/lib/no-OS-FatFS-SD-SPI-RPi-Pico/FatFs_SPI/ff15/source/ffunicode.c.obj
 *fill*         0x1000e8f6        0x2 
 .rodata.uc437  0x1000e8f8      0x100 CMakeFiles/VIPER-E.dir/lib/no-OS-FatFS-SD-SPI-RPi-Pico/FatFs_SPI/ff15/source/ffunicode.c.obj
 .rodata.check_fs.str1.4
                0x1000e9f8       0x15 CMakeFiles/VIPER-E.dir/lib/no-OS-FatFS-SD-SPI-RPi-Pico/FatFs_SPI/ff15/source/ff.c.obj
 .rodata.follow_path.str1.4
                0x1000e9f8       0x13 CMakeFiles/VIPER-E.dir/lib/no-OS-FatFS-SD-SPI-RPi-Pico/FatFs_SPI/ff15/source/ff.c.obj
 .rodata.f_printf.str1.4
                0x1000e9f8        0xc CMakeFiles/VIPER-E.dir/lib/no-OS-FatFS-SD-SPI-RPi-Pico/FatFs_SPI/ff15/source/ff.c.obj
 .rodata.f_printf
                0x1000e9f8       0xd0 CMakeFiles/VIPER-E.dir/lib/no-OS-FatFS-SD-SPI-RPi-Pico/FatFs_SPI/ff15/source/ff.c.obj
 .rodata.ExCvt  0x1000eac8       0x80 CMakeFiles/VIPER-E.dir/lib/no-OS-FatFS-SD-SPI-RPi-Pico/FatFs_SPI/ff15/source/ff.c.obj
 .rodata.LfnOfs
                0x1000eb48        0xd CMakeFiles/VIPER-E.dir/lib/no-OS-FatFS-SD-SPI-RPi-Pico/FatFs_SPI/ff15/source/ff.c.obj
 *fill*         0x1000eb55        0x3 
 .rodata.GUID_MS_Basic
                0x1000eb58       0x10 CMakeFiles/VIPER-E.dir/lib/no-OS-FatFS-SD-SPI-RPi-Pico/FatFs_SPI/ff15/source/ff.c.obj
 .rodata        0x1000eb68       0x2c CMakeFiles/VIPER-E.dir/lib/no-OS-FatFS-SD-SPI-RPi-Pico/FatFs_SPI/ff15/source/ff.c.obj
 .rodata.str1.4
                0x1000eb94        0x7 CMakeFiles/VIPER-E.dir/lib/no-OS-FatFS-SD-SPI-RPi-Pico/FatFs_SPI/sd_driver/hw_config.c.obj
 .rodata.dummy.2
                0x1000eb94        0x1 CMakeFiles/VIPER-E.dir/lib/no-OS-FatFS-SD-SPI-RPi-Pico/FatFs_SPI/sd_driver/spi.c.obj
 .rodata.sd_init.str1.4
                0x1000eb95       0x16 CMakeFiles/VIPER-E.dir/lib/no-OS-FatFS-SD-SPI-RPi-Pico/FatFs_SPI/sd_driver/sd_card.c.obj
 *fill*         0x1000eb95        0x3 
 .rodata.m_Crc16Table
                0x1000eb98      0x200 CMakeFiles/VIPER-E.dir/lib/no-OS-FatFS-SD-SPI-RPi-Pico/FatFs_SPI/sd_driver/crc.c.obj
 .rodata.m_Crc7Table
                0x1000ed98      0x100 CMakeFiles/VIPER-E.dir/lib/no-OS-FatFS-SD-SPI-RPi-Pico/FatFs_SPI/sd_driver/crc.c.obj
 .rodata.dma_claim_unused_channel.str1.4
                0x1000ee98       0x1e CMakeFiles/VIPER-E.dir/Users/zachjones/Desktop/Spring_2024_Classes/Capstone_2/Capstone-Software/pico-sdk/src/rp2_common/hardware_dma/dma.c.obj
                0x1000eeb8                        . = ALIGN (0x4)
 *(SORT_BY_ALIGNMENT(SORT_BY_NAME(.flashdata*)))
                0x1000eeb8                        . = ALIGN (0x4)

.ARM.extab
 *(.ARM.extab* .gnu.linkonce.armextab.*)
                0x1000ee98                        __exidx_start = .

.ARM.exidx
 *(.ARM.exidx* .gnu.linkonce.armexidx.*)
                0x1000ee98                        __exidx_end = .
                0x1000eeb8                        . = ALIGN (0x4)
                0x1000ee98                        __binary_info_start = .

.binary_info    0x1000ee98       0x2c
 *(.binary_info.keep.*)
 .binary_info.keep.__bi_ptr73
                0x1000ee98        0x4 CMakeFiles/VIPER-E.dir/src/VIPER-E.c.obj
 .binary_info.keep.__bi_ptr81
                0x1000ee9c        0x4 CMakeFiles/VIPER-E.dir/Users/zachjones/Desktop/Spring_2024_Classes/Capstone_2/Capstone-Software/pico-sdk/src/rp2_common/pico_standard_link/binary_info.c.obj
 .binary_info.keep.__bi_ptr75
                0x1000eea0        0x4 CMakeFiles/VIPER-E.dir/Users/zachjones/Desktop/Spring_2024_Classes/Capstone_2/Capstone-Software/pico-sdk/src/rp2_common/pico_standard_link/binary_info.c.obj
 .binary_info.keep.__bi_ptr50
                0x1000eea4        0x4 CMakeFiles/VIPER-E.dir/Users/zachjones/Desktop/Spring_2024_Classes/Capstone_2/Capstone-Software/pico-sdk/src/rp2_common/pico_standard_link/binary_info.c.obj
 .binary_info.keep.__bi_ptr44
                0x1000eea8        0x4 CMakeFiles/VIPER-E.dir/Users/zachjones/Desktop/Spring_2024_Classes/Capstone_2/Capstone-Software/pico-sdk/src/rp2_common/pico_standard_link/binary_info.c.obj
 .binary_info.keep.__bi_ptr38
                0x1000eeac        0x4 CMakeFiles/VIPER-E.dir/Users/zachjones/Desktop/Spring_2024_Classes/Capstone_2/Capstone-Software/pico-sdk/src/rp2_common/pico_standard_link/binary_info.c.obj
 .binary_info.keep.__bi_ptr30
                0x1000eeb0        0x4 CMakeFiles/VIPER-E.dir/Users/zachjones/Desktop/Spring_2024_Classes/Capstone_2/Capstone-Software/pico-sdk/src/rp2_common/pico_standard_link/binary_info.c.obj
 .binary_info.keep.__bi_ptr22
                0x1000eeb4        0x4 CMakeFiles/VIPER-E.dir/Users/zachjones/Desktop/Spring_2024_Classes/Capstone_2/Capstone-Software/pico-sdk/src/rp2_common/pico_standard_link/binary_info.c.obj
 *(.binary_info.*)
 .binary_info.__bi_ptr34
                0x1000eeb8        0x4 CMakeFiles/VIPER-E.dir/Users/zachjones/Desktop/Spring_2024_Classes/Capstone_2/Capstone-Software/pico-sdk/src/rp2_common/pico_stdio_uart/stdio_uart.c.obj
 .binary_info.__bi_ptr33
                0x1000eebc        0x4 CMakeFiles/VIPER-E.dir/Users/zachjones/Desktop/Spring_2024_Classes/Capstone_2/Capstone-Software/pico-sdk/src/rp2_common/pico_stdio_uart/stdio_uart.c.obj
 .binary_info.__bi_ptr182
                0x1000eec0        0x4 CMakeFiles/VIPER-E.dir/Users/zachjones/Desktop/Spring_2024_Classes/Capstone_2/Capstone-Software/pico-sdk/src/rp2_common/pico_stdio_usb/stdio_usb.c.obj
                0x1000eec4                        __binary_info_end = .

.rel.dyn        0x1000eec4        0x0
 .rel.iplt      0x1000eec4        0x0 /Applications/ArmGNUToolchain/13.2.Rel1/arm-none-eabi/bin/../lib/gcc/arm-none-eabi/13.2.1/thumb/v6-m/nofp/crtbegin.o
                0x1000eec4                        . = ALIGN (0x4)

.ram_vector_table
                0x20000000       0xc0
 *(.ram_vector_table)
 .ram_vector_table
                0x20000000       0xc0 CMakeFiles/VIPER-E.dir/Users/zachjones/Desktop/Spring_2024_Classes/Capstone_2/Capstone-Software/pico-sdk/src/rp2_common/pico_runtime/runtime.c.obj
                0x20000000                ram_vector_table

.data           0x200000c0     0x1c68 load address 0x1000eec4
                0x200000c0                        __data_start__ = .
 *(vtable)
 *(.time_critical*)
 .time_critical.sem_acquire_timeout_ms
                0x200000c0       0x84 CMakeFiles/VIPER-E.dir/Users/zachjones/Desktop/Spring_2024_Classes/Capstone_2/Capstone-Software/pico-sdk/src/common/pico_sync/sem.c.obj
                0x200000c0                sem_acquire_timeout_ms
 .time_critical.sem_release
                0x20000144       0x4c CMakeFiles/VIPER-E.dir/Users/zachjones/Desktop/Spring_2024_Classes/Capstone_2/Capstone-Software/pico-sdk/src/common/pico_sync/sem.c.obj
                0x20000144                sem_release
 .time_critical.sem_reset
                0x20000190       0x40 CMakeFiles/VIPER-E.dir/Users/zachjones/Desktop/Spring_2024_Classes/Capstone_2/Capstone-Software/pico-sdk/src/common/pico_sync/sem.c.obj
                0x20000190                sem_reset
 .time_critical.mutex_enter_blocking
                0x200001d0       0x48 CMakeFiles/VIPER-E.dir/Users/zachjones/Desktop/Spring_2024_Classes/Capstone_2/Capstone-Software/pico-sdk/src/common/pico_sync/mutex.c.obj
                0x200001d0                mutex_enter_blocking
 .time_critical.mutex_try_enter
                0x20000218       0x40 CMakeFiles/VIPER-E.dir/Users/zachjones/Desktop/Spring_2024_Classes/Capstone_2/Capstone-Software/pico-sdk/src/common/pico_sync/mutex.c.obj
                0x20000218                mutex_try_enter
 .time_critical.mutex_try_enter_block_until
                0x20000258       0x9c CMakeFiles/VIPER-E.dir/Users/zachjones/Desktop/Spring_2024_Classes/Capstone_2/Capstone-Software/pico-sdk/src/common/pico_sync/mutex.c.obj
                0x20000258                mutex_try_enter_block_until
 .time_critical.mutex_enter_timeout_ms
                0x200002f4       0x90 CMakeFiles/VIPER-E.dir/Users/zachjones/Desktop/Spring_2024_Classes/Capstone_2/Capstone-Software/pico-sdk/src/common/pico_sync/mutex.c.obj
                0x200002f4                mutex_enter_timeout_ms
 .time_critical.mutex_exit
                0x20000384       0x28 CMakeFiles/VIPER-E.dir/Users/zachjones/Desktop/Spring_2024_Classes/Capstone_2/Capstone-Software/pico-sdk/src/common/pico_sync/mutex.c.obj
                0x20000384                mutex_exit
 .time_critical.flash_init_boot2_copyout
                0x200003ac       0x30 CMakeFiles/VIPER-E.dir/Users/zachjones/Desktop/Spring_2024_Classes/Capstone_2/Capstone-Software/pico-sdk/src/rp2_common/hardware_flash/flash.c.obj
 .time_critical.flash_enable_xip_via_boot2
                0x200003dc        0xc CMakeFiles/VIPER-E.dir/Users/zachjones/Desktop/Spring_2024_Classes/Capstone_2/Capstone-Software/pico-sdk/src/rp2_common/hardware_flash/flash.c.obj
 .time_critical.flash_cs_force
                0x200003e8       0x38 CMakeFiles/VIPER-E.dir/Users/zachjones/Desktop/Spring_2024_Classes/Capstone_2/Capstone-Software/pico-sdk/src/rp2_common/hardware_flash/flash.c.obj
 .time_critical.flash_do_cmd
                0x20000420       0xc0 CMakeFiles/VIPER-E.dir/Users/zachjones/Desktop/Spring_2024_Classes/Capstone_2/Capstone-Software/pico-sdk/src/rp2_common/hardware_flash/flash.c.obj
                0x20000420                flash_do_cmd
 .time_critical.reset_non_control_endpoints
                0x200004e0       0x68 CMakeFiles/VIPER-E.dir/Users/zachjones/Desktop/Spring_2024_Classes/Capstone_2/Capstone-Software/pico-sdk/lib/tinyusb/src/portable/raspberrypi/rp2040/dcd_rp2040.c.obj
 .time_critical.hw_handle_buff_status
                0x20000548       0xb0 CMakeFiles/VIPER-E.dir/Users/zachjones/Desktop/Spring_2024_Classes/Capstone_2/Capstone-Software/pico-sdk/lib/tinyusb/src/portable/raspberrypi/rp2040/dcd_rp2040.c.obj
 .time_critical.dcd_rp2040_irq
                0x200005f8      0x510 CMakeFiles/VIPER-E.dir/Users/zachjones/Desktop/Spring_2024_Classes/Capstone_2/Capstone-Software/pico-sdk/lib/tinyusb/src/portable/raspberrypi/rp2040/dcd_rp2040.c.obj
 .time_critical.e15_is_bulkin_ep
                0x20000b08       0x28 CMakeFiles/VIPER-E.dir/Users/zachjones/Desktop/Spring_2024_Classes/Capstone_2/Capstone-Software/pico-sdk/lib/tinyusb/src/portable/raspberrypi/rp2040/rp2040_usb.c.obj
 .time_critical.e15_is_critical_frame_period
                0x20000b30       0x34 CMakeFiles/VIPER-E.dir/Users/zachjones/Desktop/Spring_2024_Classes/Capstone_2/Capstone-Software/pico-sdk/lib/tinyusb/src/portable/raspberrypi/rp2040/rp2040_usb.c.obj
 .time_critical.prepare_ep_buffer
                0x20000b64       0x6c CMakeFiles/VIPER-E.dir/Users/zachjones/Desktop/Spring_2024_Classes/Capstone_2/Capstone-Software/pico-sdk/lib/tinyusb/src/portable/raspberrypi/rp2040/rp2040_usb.c.obj
 .time_critical.sync_ep_buffer