Archive member included to satisfy reference by file (symbol)

/Applications/ArmGNUToolchain/13.2.Rel1/arm-none-eabi/bin/../lib/gcc/arm-none-eabi/13.2.1/thumb/v6-m/nofp/libgcc.a(_dvmd_tls.o)
                              CMakeFiles/VIPER-E.dir/Users/isaacgaron/Documents/UGA/CapstoneDevelopment/pico-test/pico-sdk/src/rp2_common/pico_divider/divider.S.obj (__aeabi_idiv0)
/Applications/ArmGNUToolchain/13.2.Rel1/arm-none-eabi/bin/../lib/gcc/arm-none-eabi/13.2.1/../../../../arm-none-eabi/lib/thumb/v6-m/nofp/libc.a(libc_a-calloc.o)
                              CMakeFiles/VIPER-E.dir/Users/isaacgaron/Documents/UGA/CapstoneDevelopment/pico-test/pico-sdk/src/rp2_common/pico_malloc/pico_malloc.c.obj (calloc)
/Applications/ArmGNUToolchain/13.2.Rel1/arm-none-eabi/bin/../lib/gcc/arm-none-eabi/13.2.1/../../../../arm-none-eabi/lib/thumb/v6-m/nofp/libc.a(libc_a-callocr.o)
                              /Applications/ArmGNUToolchain/13.2.Rel1/arm-none-eabi/bin/../lib/gcc/arm-none-eabi/13.2.1/../../../../arm-none-eabi/lib/thumb/v6-m/nofp/libc.a(libc_a-calloc.o) (_calloc_r)
/Applications/ArmGNUToolchain/13.2.Rel1/arm-none-eabi/bin/../lib/gcc/arm-none-eabi/13.2.1/../../../../arm-none-eabi/lib/thumb/v6-m/nofp/libc.a(libc_a-malloc.o)
                              CMakeFiles/VIPER-E.dir/Users/isaacgaron/Documents/UGA/CapstoneDevelopment/pico-test/pico-sdk/src/rp2_common/pico_malloc/pico_malloc.c.obj (malloc)
/Applications/ArmGNUToolchain/13.2.Rel1/arm-none-eabi/bin/../lib/gcc/arm-none-eabi/13.2.1/../../../../arm-none-eabi/lib/thumb/v6-m/nofp/libc.a(libc_a-mallocr.o)
                              /Applications/ArmGNUToolchain/13.2.Rel1/arm-none-eabi/bin/../lib/gcc/arm-none-eabi/13.2.1/../../../../arm-none-eabi/lib/thumb/v6-m/nofp/libc.a(libc_a-callocr.o) (_malloc_r)
/Applications/ArmGNUToolchain/13.2.Rel1/arm-none-eabi/bin/../lib/gcc/arm-none-eabi/13.2.1/../../../../arm-none-eabi/lib/thumb/v6-m/nofp/libc.a(libc_a-mlock.o)
                              /Applications/ArmGNUToolchain/13.2.Rel1/arm-none-eabi/bin/../lib/gcc/arm-none-eabi/13.2.1/../../../../arm-none-eabi/lib/thumb/v6-m/nofp/libc.a(libc_a-mallocr.o) (__malloc_lock)
/Applications/ArmGNUToolchain/13.2.Rel1/arm-none-eabi/bin/../lib/gcc/arm-none-eabi/13.2.1/../../../../arm-none-eabi/lib/thumb/v6-m/nofp/libc.a(libc_a-realloc.o)
                              CMakeFiles/VIPER-E.dir/Users/isaacgaron/Documents/UGA/CapstoneDevelopment/pico-test/pico-sdk/src/rp2_common/pico_malloc/pico_malloc.c.obj (realloc)
/Applications/ArmGNUToolchain/13.2.Rel1/arm-none-eabi/bin/../lib/gcc/arm-none-eabi/13.2.1/../../../../arm-none-eabi/lib/thumb/v6-m/nofp/libc.a(libc_a-reallocr.o)
                              /Applications/ArmGNUToolchain/13.2.Rel1/arm-none-eabi/bin/../lib/gcc/arm-none-eabi/13.2.1/../../../../arm-none-eabi/lib/thumb/v6-m/nofp/libc.a(libc_a-realloc.o) (_realloc_r)
/Applications/ArmGNUToolchain/13.2.Rel1/arm-none-eabi/bin/../lib/gcc/arm-none-eabi/13.2.1/../../../../arm-none-eabi/lib/thumb/v6-m/nofp/libc.a(libc_a-fflush.o)
                              CMakeFiles/VIPER-E.dir/lib/no-OS-FatFS-SD-SPI-RPi-Pico/FatFs_SPI/sd_driver/demo_logging.c.obj (fflush)
/Applications/ArmGNUToolchain/13.2.Rel1/arm-none-eabi/bin/../lib/gcc/arm-none-eabi/13.2.1/../../../../arm-none-eabi/lib/thumb/v6-m/nofp/libc.a(libc_a-findfp.o)
                              /Applications/ArmGNUToolchain/13.2.Rel1/arm-none-eabi/bin/../lib/gcc/arm-none-eabi/13.2.1/../../../../arm-none-eabi/lib/thumb/v6-m/nofp/libc.a(libc_a-fflush.o) (__sglue)
/Applications/ArmGNUToolchain/13.2.Rel1/arm-none-eabi/bin/../lib/gcc/arm-none-eabi/13.2.1/../../../../arm-none-eabi/lib/thumb/v6-m/nofp/libc.a(libc_a-fwalk.o)
                              /Applications/ArmGNUToolchain/13.2.Rel1/arm-none-eabi/bin/../lib/gcc/arm-none-eabi/13.2.1/../../../../arm-none-eabi/lib/thumb/v6-m/nofp/libc.a(libc_a-fflush.o) (_fwalk_sglue)
/Applications/ArmGNUToolchain/13.2.Rel1/arm-none-eabi/bin/../lib/gcc/arm-none-eabi/13.2.1/../../../../arm-none-eabi/lib/thumb/v6-m/nofp/libc.a(libc_a-memcmp.o)
                              CMakeFiles/VIPER-E.dir/lib/no-OS-FatFS-SD-SPI-RPi-Pico/FatFs_SPI/ff15/source/ff.c.obj (memcmp)
/Applications/ArmGNUToolchain/13.2.Rel1/arm-none-eabi/bin/../lib/gcc/arm-none-eabi/13.2.1/../../../../arm-none-eabi/lib/thumb/v6-m/nofp/libc.a(libc_a-memmove.o)
                              /Applications/ArmGNUToolchain/13.2.Rel1/arm-none-eabi/bin/../lib/gcc/arm-none-eabi/13.2.1/../../../../arm-none-eabi/lib/thumb/v6-m/nofp/libc.a(libc_a-reallocr.o) (memmove)
/Applications/ArmGNUToolchain/13.2.Rel1/arm-none-eabi/bin/../lib/gcc/arm-none-eabi/13.2.1/../../../../arm-none-eabi/lib/thumb/v6-m/nofp/libc.a(libc_a-strchr.o)
                              CMakeFiles/VIPER-E.dir/lib/no-OS-FatFS-SD-SPI-RPi-Pico/FatFs_SPI/ff15/source/ff.c.obj (strchr)
/Applications/ArmGNUToolchain/13.2.Rel1/arm-none-eabi/bin/../lib/gcc/arm-none-eabi/13.2.1/../../../../arm-none-eabi/lib/thumb/v6-m/nofp/libc.a(libc_a-strncpy.o)
[...]
Memory Configuration

Name             Origin             Length             Attributes
FLASH            0x10000000         0x00200000         xr
RAM              0x20000000         0x00040000         xrw
SCRATCH_X        0x20040000         0x00001000         xrw
SCRATCH_Y        0x20041000         0x00001000         xrw
*default*        0x00000000         0xffffffff

Linker script and memory map

LOAD /Applications/ArmGNUToolchain/13.2.Rel1/arm-none-eabi/bin/../lib/gcc/arm-none-eabi/13.2.1/thumb/v6-m/nofp/crti.o
LOAD /Applications/ArmGNUToolchain/13.2.Rel1/arm-none-eabi/bin/../lib/gcc/arm-none-eabi/13.2.1/thumb/v6-m/nofp/crtbegin.o
LOAD /Applications/ArmGNUToolchain/13.2.Rel1/arm-none-eabi/bin/../lib/gcc/arm-none-eabi/13.2.1/../../../../arm-none-eabi/lib/thumb/v6-m/nofp/crt0.o

.flash_begin    0x10000000        0x0
                0x10000000                        __flash_binary_start = .

.boot2          0x10000000      0x100
                0x10000000                        __boot2_start__ = .
 *(.boot2)
 .boot2         0x10000000      0x100 /var/folders/k8/f69wg4n1517glb74b_mxm3y00000gn/T//ccun9I7d.o
                0x10000100                        __boot2_end__ = .
                0x00000001                        ASSERT (((__boot2_end__ - __boot2_start__) == 0x100), ERROR: Pico second stage bootloader must be 256 bytes in size)

.text           0x10000100     0x48b0
                0x10000100                        __logical_binary_start = .
 *(.vectors)
 .vectors       0x10000100       0xd4 CMakeFiles/VIPER-E.dir/Users/isaacgaron/Documents/UGA/CapstoneDevelopment/pico-test/pico-sdk/src/rp2_common/pico_standard_link/crt0.S.obj
                0x10000100                __VECTOR_TABLE
                0x10000100                __vectors
                0x100001c0                __default_isrs_start
                0x100001c0                isr_invalid
                0x100001c2                isr_nmi
                0x100001c4                isr_hardfault
                0x100001c6                isr_svcall
                0x100001c8                isr_pendsv
                0x100001ca                isr_systick
                0x100001cc                isr_irq28
                0x100001cc                isr_irq19
                0x100001cc                isr_irq0
                0x100001cc                isr_irq6
                0x100001cc                isr_irq22
                0x100001cc                isr_irq17
                0x100001cc                isr_irq14
                0x100001cc                isr_irq2
                0x100001cc                isr_irq10
                0x100001cc                isr_irq8
                0x100001cc                isr_irq24
                0x100001cc                isr_irq1
                0x100001cc                isr_irq7
                0x100001cc                isr_irq21
                0x100001cc                isr_irq20
                0x100001cc                isr_irq15
                0x100001cc                isr_irq25
                0x100001cc                isr_irq4
                0x100001cc                isr_irq16
                0x100001cc                isr_irq29
                0x100001cc                isr_irq26
                0x100001cc                __default_isrs_end
                0x100001cc                isr_irq3
                0x100001cc                isr_irq9
                0x100001cc                __unhandled_user_irq
                0x100001cc                isr_irq13
                0x100001cc                isr_irq27
                0x100001cc                isr_irq31
                0x100001cc                isr_irq5
                0x100001cc                isr_irq11
                0x100001cc                isr_irq23
                0x100001cc                isr_irq18
                0x100001cc                isr_irq30
                0x100001cc                isr_irq12
                0x100001d2                unhandled_user_irq_num_in_r0
 *(.binary_info_header)
 .binary_info_header
                0x100001d4       0x14 CMakeFiles/VIPER-E.dir/Users/isaacgaron/Documents/UGA/CapstoneDevelopment/pico-test/pico-sdk/src/rp2_common/pico_standard_link/crt0.S.obj
                0x100001e8                        __binary_info_header_end = .
 *(.reset)
 .reset         0x100001e8       0xa0 CMakeFiles/VIPER-E.dir/Users/isaacgaron/Documents/UGA/CapstoneDevelopment/pico-test/pico-sdk/src/rp2_common/pico_standard_link/crt0.S.obj
                0x100001e8                _entry_point
 .reset         0x10000288       0x30 CMakeFiles/VIPER-E.dir/Users/isaacgaron/Documents/UGA/CapstoneDevelopment/pico-test/pico-sdk/src/rp2_common/pico_standard_link/binary_info.c.obj
 *(.init)
 .init          0x100002b8        0x4 /Applications/ArmGNUToolchain/13.2.Rel1/arm-none-eabi/bin/../lib/gcc/arm-none-eabi/13.2.1/thumb/v6-m/nofp/crti.o
                0x100002b8                _init
 *(EXCLUDE_FILE(*libm.a: *libc.a:*lib_a-mem*.o *libgcc.a:) .text*)
 .text.register_tm_clones
                0x100002bc       0x28 /Applications/ArmGNUToolchain/13.2.Rel1/arm-none-eabi/bin/../lib/gcc/arm-none-eabi/13.2.1/thumb/v6-m/nofp/crtbegin.o
 .text.frame_dummy
                0x100002e4       0x24 /Applications/ArmGNUToolchain/13.2.Rel1/arm-none-eabi/bin/../lib/gcc/arm-none-eabi/13.2.1/thumb/v6-m/nofp/crtbegin.o
 .text.startup.main
                0x10000308       0x1c CMakeFiles/VIPER-E.dir/src/VIPER-E.c.obj
                0x10000308                main
 .text.gpio_set_function
                0x10000324       0x30 CMakeFiles/VIPER-E.dir/Users/isaacgaron/Documents/UGA/CapstoneDevelopment/pico-test/pico-sdk/src/rp2_common/hardware_gpio/gpio.c.obj
                0x10000324                gpio_set_function
 .text.running_on_fpga
                0x10000354       0x10 CMakeFiles/VIPER-E.dir/Users/isaacgaron/Documents/UGA/CapstoneDevelopment/pico-test/pico-sdk/src/rp2_common/pico_platform/platform.c.obj
                0x10000354                running_on_fpga
 .text.hw_claim_or_assert
                0x10000364       0x44 CMakeFiles/VIPER-E.dir/Users/isaacgaron/Documents/UGA/CapstoneDevelopment/pico-test/pico-sdk/src/rp2_common/hardware_claim/claim.c.obj
                0x10000364                hw_claim_or_assert
 .text.hw_claim_unused_from_range
                0x100003a8       0x9c CMakeFiles/VIPER-E.dir/Users/isaacgaron/Documents/UGA/CapstoneDevelopment/pico-test/pico-sdk/src/rp2_common/hardware_claim/claim.c.obj
                0x100003a8                hw_claim_unused_from_range
 .text.spin_locks_reset
                0x10000444       0x1c CMakeFiles/VIPER-E.dir/Users/isaacgaron/Documents/UGA/CapstoneDevelopment/pico-test/pico-sdk/src/rp2_common/hardware_sync/sync.c.obj
                0x10000444                spin_locks_reset
 .text.next_striped_spin_lock_num
                0x10000460       0x18 CMakeFiles/VIPER-E.dir/Users/isaacgaron/Documents/UGA/CapstoneDevelopment/pico-test/pico-sdk/src/rp2_common/hardware_sync/sync.c.obj
                0x10000460                next_striped_spin_lock_num
 .text.spin_lock_claim_unused
                0x10000478       0x24 CMakeFiles/VIPER-E.dir/Users/isaacgaron/Documents/UGA/CapstoneDevelopment/pico-test/pico-sdk/src/rp2_common/hardware_sync/sync.c.obj
                0x10000478                spin_lock_claim_unused
 .text.irq_set_enabled
                0x1000049c       0x24 CMakeFiles/VIPER-E.dir/Users/isaacgaron/Documents/UGA/CapstoneDevelopment/pico-test/pico-sdk/src/rp2_common/hardware_irq/irq.c.obj
                0x1000049c                irq_set_enabled
 .text.irq_set_pending
                0x100004c0       0x10 CMakeFiles/VIPER-E.dir/Users/isaacgaron/Documents/UGA/CapstoneDevelopment/pico-test/pico-sdk/src/rp2_common/hardware_irq/irq.c.obj
                0x100004c0                irq_set_pending
 .text.irq_has_shared_handler
                0x100004d0       0x2c CMakeFiles/VIPER-E.dir/Users/isaacgaron/Documents/UGA/CapstoneDevelopment/pico-test/pico-sdk/src/rp2_common/hardware_irq/irq.c.obj
                0x100004d0                irq_has_shared_handler
 .text.irq_get_vtable_handler
                0x100004fc       0x10 CMakeFiles/VIPER-E.dir/Users/isaacgaron/Documents/UGA/CapstoneDevelopment/pico-test/pico-sdk/src/rp2_common/hardware_irq/irq.c.obj
                0x100004fc                irq_get_vtable_handler
 .text.irq_set_exclusive_handler
                0x1000050c       0x54 CMakeFiles/VIPER-E.dir/Users/isaacgaron/Documents/UGA/CapstoneDevelopment/pico-test/pico-sdk/src/rp2_common/hardware_irq/irq.c.obj
                0x1000050c                irq_set_exclusive_handler
 .text.irq_add_shared_handler
                0x10000560      0x1f4 CMakeFiles/VIPER-E.dir/Users/isaacgaron/Documents/UGA/CapstoneDevelopment/pico-test/pico-sdk/src/rp2_common/hardware_irq/irq.c.obj
                0x10000560                irq_add_shared_handler
 .text.irq_remove_handler
                0x10000754      0x1c4 CMakeFiles/VIPER-E.dir/Users/isaacgaron/Documents/UGA/CapstoneDevelopment/pico-test/pico-sdk/src/rp2_common/hardware_irq/irq.c.obj
                0x10000754                irq_remove_handler
 .text.irq_add_tail_to_free_list
                0x10000918       0xb4 CMakeFiles/VIPER-E.dir/Users/isaacgaron/Documents/UGA/CapstoneDevelopment/pico-test/pico-sdk/src/rp2_common/hardware_irq/irq.c.obj
                0x10000918                irq_add_tail_to_free_list
 .text.irq_init_priorities
                0x100009cc       0x24 CMakeFiles/VIPER-E.dir/Users/isaacgaron/Documents/UGA/CapstoneDevelopment/pico-test/pico-sdk/src/rp2_common/hardware_irq/irq.c.obj
                0x100009cc                irq_init_priorities
 .text.user_irq_claim_unused
                0x100009f0       0x2c CMakeFiles/VIPER-E.dir/Users/isaacgaron/Documents/UGA/CapstoneDevelopment/pico-test/pico-sdk/src/rp2_common/hardware_irq/irq.c.obj
                0x100009f0                user_irq_claim_unused
 .text.lock_init
                0x10000a1c       0x10 CMakeFiles/VIPER-E.dir/Users/isaacgaron/Documents/UGA/CapstoneDevelopment/pico-test/pico-sdk/src/common/pico_sync/lock_core.c.obj
                0x10000a1c                lock_init
 .text.mutex_init
                0x10000a2c       0x1c CMakeFiles/VIPER-E.dir/Users/isaacgaron/Documents/UGA/CapstoneDevelopment/pico-test/pico-sdk/src/common/pico_sync/mutex.c.obj
                0x10000a2c                mutex_init
 .text.recursive_mutex_init
                0x10000a48       0x1c CMakeFiles/VIPER-E.dir/Users/isaacgaron/Documents/UGA/CapstoneDevelopment/pico-test/pico-sdk/src/common/pico_sync/mutex.c.obj
                0x10000a48                recursive_mutex_init
 .text.critical_section_init
                0x10000a64       0x1c CMakeFiles/VIPER-E.dir/Users/isaacgaron/Documents/UGA/CapstoneDevelopment/pico-test/pico-sdk/src/common/pico_sync/critical_section.c.obj
                0x10000a64                critical_section_init
 .text.critical_section_init_with_lock_num
                0x10000a80       0x14 CMakeFiles/VIPER-E.dir/Users/isaacgaron/Documents/UGA/CapstoneDevelopment/pico-test/pico-sdk/src/common/pico_sync/critical_section.c.obj
                0x10000a80                critical_section_init_with_lock_num
 .text.timer_pool_entry_comparator
                0x10000a94       0x34 CMakeFiles/VIPER-E.dir/Users/isaacgaron/Documents/UGA/CapstoneDevelopment/pico-test/pico-sdk/src/common/pico_time/time.c.obj
                0x10000a94                timer_pool_entry_comparator
 .text.sleep_until_callback
                0x10000ac8       0x30 CMakeFiles/VIPER-E.dir/Users/isaacgaron/Documents/UGA/CapstoneDevelopment/pico-test/pico-sdk/src/common/pico_time/time.c.obj
 .text.add_alarm_under_lock.isra.0
                0x10000af8      0x100 CMakeFiles/VIPER-E.dir/Users/isaacgaron/Documents/UGA/CapstoneDevelopment/pico-test/pico-sdk/src/common/pico_time/time.c.obj
 .text.alarm_pool_alarm_callback
                0x10000bf8      0x1c0 CMakeFiles/VIPER-E.dir/Users/isaacgaron/Documents/UGA/CapstoneDevelopment/pico-test/pico-sdk/src/common/pico_time/time.c.obj
 .text.alarm_pool_init_default
                0x10000db8       0x6c CMakeFiles/VIPER-E.dir/Users/isaacgaron/Documents/UGA/CapstoneDevelopment/pico-test/pico-sdk/src/common/pico_time/time.c.obj
                0x10000db8                alarm_pool_init_default
 .text.alarm_pool_get_default
                0x10000e24        0x8 CMakeFiles/VIPER-E.dir/Users/isaacgaron/Documents/UGA/CapstoneDevelopment/pico-test/pico-sdk/src/common/pico_time/time.c.obj
                0x10000e24                alarm_pool_get_default
 .text.alarm_pool_add_alarm_at
                0x10000e2c      0x17c CMakeFiles/VIPER-E.dir/Users/isaacgaron/Documents/UGA/CapstoneDevelopment/pico-test/pico-sdk/src/common/pico_time/time.c.obj
                0x10000e2c                alarm_pool_add_alarm_at
 .text.alarm_pool_core_num
                0x10000fa8        0x4 CMakeFiles/VIPER-E.dir/Users/isaacgaron/Documents/UGA/CapstoneDevelopment/pico-test/pico-sdk/src/common/pico_time/time.c.obj
                0x10000fa8                alarm_pool_core_num
 .text.sleep_until
                0x10000fac       0xc4 CMakeFiles/VIPER-E.dir/Users/isaacgaron/Documents/UGA/CapstoneDevelopment/pico-test/pico-sdk/src/common/pico_time/time.c.obj
                0x10000fac                sleep_until
 .text.sleep_ms
                0x10001070       0x38 CMakeFiles/VIPER-E.dir/Users/isaacgaron/Documents/UGA/CapstoneDevelopment/pico-test/pico-sdk/src/common/pico_time/time.c.obj
                0x10001070                sleep_ms
 .text.best_effort_wfe_or_timeout
                0x100010a8       0xcc CMakeFiles/VIPER-E.dir/Users/isaacgaron/Documents/UGA/CapstoneDevelopment/pico-test/pico-sdk/src/common/pico_time/time.c.obj
                0x100010a8                best_effort_wfe_or_timeout
 .text.hardware_alarm_irq_handler
                0x10001174       0xbc CMakeFiles/VIPER-E.dir/Users/isaacgaron/Documents/UGA/CapstoneDevelopment/pico-test/pico-sdk/src/rp2_common/hardware_timer/timer.c.obj
 .text.hardware_alarm_claim
                0x10001230       0x18 CMakeFiles/VIPER-E.dir/Users/isaacgaron/Documents/UGA/CapstoneDevelopment/pico-test/pico-sdk/src/rp2_common/hardware_timer/timer.c.obj
                0x10001230                hardware_alarm_claim
 .text.time_us_64
                0x10001248       0x14 CMakeFiles/VIPER-E.dir/Users/isaacgaron/Documents/UGA/CapstoneDevelopment/pico-test/pico-sdk/src/rp2_common/hardware_timer/timer.c.obj
                0x10001248                time_us_64
 .text.busy_wait_us
                0x1000125c       0x68 CMakeFiles/VIPER-E.dir/Users/isaacgaron/Documents/UGA/CapstoneDevelopment/pico-test/pico-sdk/src/rp2_common/hardware_timer/timer.c.obj
                0x1000125c                busy_wait_us
 .text.busy_wait_until
                0x100012c4       0x20 CMakeFiles/VIPER-E.dir/Users/isaacgaron/Documents/UGA/CapstoneDevelopment/pico-test/pico-sdk/src/rp2_common/hardware_timer/timer.c.obj
                0x100012c4                busy_wait_until
 .text.hardware_alarm_set_callback
                0x100012e4       0x8c CMakeFiles/VIPER-E.dir/Users/isaacgaron/Documents/UGA/CapstoneDevelopment/pico-test/pico-sdk/src/rp2_common/hardware_timer/timer.c.obj
                0x100012e4                hardware_alarm_set_callback
 .text.hardware_alarm_set_target
                0x10001370       0xd0 CMakeFiles/VIPER-E.dir/Users/isaacgaron/Documents/UGA/CapstoneDevelopment/pico-test/pico-sdk/src/rp2_common/hardware_timer/timer.c.obj
                0x10001370                hardware_alarm_set_target
 .text.hardware_alarm_cancel
                0x10001440       0x3c CMakeFiles/VIPER-E.dir/Users/isaacgaron/Documents/UGA/CapstoneDevelopment/pico-test/pico-sdk/src/rp2_common/hardware_timer/timer.c.obj
                0x10001440                hardware_alarm_cancel
 .text.ph_merge_nodes
                0x1000147c       0x58 CMakeFiles/VIPER-E.dir/Users/isaacgaron/Documents/UGA/CapstoneDevelopment/pico-test/pico-sdk/src/common/pico_util/pheap.c.obj
 .text.ph_post_alloc_init
                0x100014d4       0x3c CMakeFiles/VIPER-E.dir/Users/isaacgaron/Documents/UGA/CapstoneDevelopment/pico-test/pico-sdk/src/common/pico_util/pheap.c.obj
                0x100014d4                ph_post_alloc_init
 .text.ph_merge_two_pass
                0x10001510       0x8c CMakeFiles/VIPER-E.dir/Users/isaacgaron/Documents/UGA/CapstoneDevelopment/pico-test/pico-sdk/src/common/pico_util/pheap.c.obj
                0x10001510                ph_merge_two_pass
 .text.ph_remove_any_head
                0x1000159c      0x100 CMakeFiles/VIPER-E.dir/Users/isaacgaron/Documents/UGA/CapstoneDevelopment/pico-test/pico-sdk/src/common/pico_util/pheap.c.obj
 .text.ph_remove_head
                0x1000169c      0x104 CMakeFiles/VIPER-E.dir/Users/isaacgaron/Documents/UGA/CapstoneDevelopment/pico-test/pico-sdk/src/common/pico_util/pheap.c.obj
                0x1000169c                ph_remove_head
 .text.ph_remove_and_free_node
                0x100017a0       0x78 CMakeFiles/VIPER-E.dir/Users/isaacgaron/Documents/UGA/CapstoneDevelopment/pico-test/pico-sdk/src/common/pico_util/pheap.c.obj
                0x100017a0                ph_remove_and_free_node
 .text.uart_init
                0x10001818      0x18c CMakeFiles/VIPER-E.dir/Users/isaacgaron/Documents/UGA/CapstoneDevelopment/pico-test/pico-sdk/src/rp2_common/hardware_uart/uart.c.obj
                0x10001818                uart_init
 .text.clocks_init
                0x100019a4      0x2c8 CMakeFiles/VIPER-E.dir/Users/isaacgaron/Documents/UGA/CapstoneDevelopment/pico-test/pico-sdk/src/rp2_common/hardware_clocks/clocks.c.obj
                0x100019a4                clocks_init
 .text.clock_get_hz
                0x10001c6c        0xc CMakeFiles/VIPER-E.dir/Users/isaacgaron/Documents/UGA/CapstoneDevelopment/pico-test/pico-sdk/src/rp2_common/hardware_clocks/clocks.c.obj
                0x10001c6c                clock_get_hz
 .text.pll_init
                0x10001c78       0xa4 CMakeFiles/VIPER-E.dir/Users/isaacgaron/Documents/UGA/CapstoneDevelopment/pico-test/pico-sdk/src/rp2_common/hardware_pll/pll.c.obj
                0x10001c78                pll_init
 .text.watchdog_start_tick
                0x10001d1c       0x10 CMakeFiles/VIPER-E.dir/Users/isaacgaron/Documents/UGA/CapstoneDevelopment/pico-test/pico-sdk/src/rp2_common/hardware_watchdog/watchdog.c.obj
                0x10001d1c                watchdog_start_tick
 .text.watchdog_reboot
                0x10001d2c       0x9c CMakeFiles/VIPER-E.dir/Users/isaacgaron/Documents/UGA/CapstoneDevelopment/pico-test/pico-sdk/src/rp2_common/hardware_watchdog/watchdog.c.obj
                0x10001d2c                watchdog_reboot
 .text.xosc_init
                0x10001dc8       0x28 CMakeFiles/VIPER-E.dir/Users/isaacgaron/Documents/UGA/CapstoneDevelopment/pico-test/pico-sdk/src/rp2_common/hardware_xosc/xosc.c.obj
                0x10001dc8                xosc_init
 .text.runtime_init
                0x10001df0       0xf0 CMakeFiles/VIPER-E.dir/Users/isaacgaron/Documents/UGA/CapstoneDevelopment/pico-test/pico-sdk/src/rp2_common/pico_runtime/runtime.c.obj
                0x10001df0                runtime_init
 .text._exit    0x10001ee0        0x4 CMakeFiles/VIPER-E.dir/Users/isaacgaron/Documents/UGA/CapstoneDevelopment/pico-test/pico-sdk/src/rp2_common/pico_runtime/runtime.c.obj
                0x10001ee0                _exit
 .text.exit     0x10001ee4        0x8 CMakeFiles/VIPER-E.dir/Users/isaacgaron/Documents/UGA/CapstoneDevelopment/pico-test/pico-sdk/src/rp2_common/pico_runtime/runtime.c.obj
                0x10001ee4                exit
 .text.panic    0x10001eec       0x30 CMakeFiles/VIPER-E.dir/Users/isaacgaron/Documents/UGA/CapstoneDevelopment/pico-test/pico-sdk/src/rp2_common/pico_runtime/runtime.c.obj
                0x10001eec                panic
 .text.hard_assertion_failure
                0x10001f1c        0xc CMakeFiles/VIPER-E.dir/Users/isaacgaron/Documents/UGA/CapstoneDevelopment/pico-test/pico-sdk/src/rp2_common/pico_runtime/runtime.c.obj
                0x10001f1c                hard_assertion_failure
 .text._out_char
                0x10001f28       0x10 CMakeFiles/VIPER-E.dir/Users/isaacgaron/Documents/UGA/CapstoneDevelopment/pico-test/pico-sdk/src/rp2_common/pico_printf/printf.c.obj
 .text.weak_raw_vprintf
                0x10001f38       0x30 CMakeFiles/VIPER-E.dir/Users/isaacgaron/Documents/UGA/CapstoneDevelopment/pico-test/pico-sdk/src/rp2_common/pico_printf/printf.c.obj
                0x10001f38                weak_raw_vprintf
 .text          0x10001f68       0x10 CMakeFiles/VIPER-E.dir/Users/isaacgaron/Documents/UGA/CapstoneDevelopment/pico-test/pico-sdk/src/rp2_common/pico_bit_ops/bit_ops_aeabi.S.obj
 .text.rom_func_lookup
                0x10001f78       0x10 CMakeFiles/VIPER-E.dir/Users/isaacgaron/Documents/UGA/CapstoneDevelopment/pico-test/pico-sdk/src/rp2_common/pico_bootrom/bootrom.c.obj
                0x10001f78                rom_func_lookup
 .text.rom_data_lookup
                0x10001f88       0x10 CMakeFiles/VIPER-E.dir/Users/isaacgaron/Documents/UGA/CapstoneDevelopment/pico-test/pico-sdk/src/rp2_common/pico_bootrom/bootrom.c.obj
                0x10001f88                rom_data_lookup
 .text.rom_funcs_lookup
                0x10001f98       0x44 CMakeFiles/VIPER-E.dir/Users/isaacgaron/Documents/UGA/CapstoneDevelopment/pico-test/pico-sdk/src/rp2_common/pico_bootrom/bootrom.c.obj
                0x10001f98                rom_funcs_lookup
 .text.__wrap___aeabi_uidiv
                0x10001fdc       0x4c CMakeFiles/VIPER-E.dir/Users/isaacgaron/Documents/UGA/CapstoneDevelopment/pico-test/pico-sdk/src/rp2_common/pico_divider/divider.S.obj
                0x10001fdc                __wrap___aeabi_uidiv
                0x10001fdc                __wrap___aeabi_uidivmod
                0x10001fdc                div_u32u32
                0x10001fdc                divmod_u32u32
                0x10001fe4                divmod_u32u32_unsafe
                0x1000200c                divmod_u32u32_savestate
 .text.__aeabi_double_init
                0x10002028       0x98 CMakeFiles/VIPER-E.dir/Users/isaacgaron/Documents/UGA/CapstoneDevelopment/pico-test/pico-sdk/src/rp2_common/pico_double/double_init_rom.c.obj
                0x10002028                __aeabi_double_init
 .text.double_table_shim_on_use_helper
                0x100020c0       0x2c CMakeFiles/VIPER-E.dir/Users/isaacgaron/Documents/UGA/CapstoneDevelopment/pico-test/pico-sdk/src/rp2_common/pico_double/double_v1_rom_shim.S.obj
                0x100020c0                double_table_shim_on_use_helper
 .text.__aeabi_lmul
                0x100020ec       0x32 CMakeFiles/VIPER-E.dir/Users/isaacgaron/Documents/UGA/CapstoneDevelopment/pico-test/pico-sdk/src/rp2_common/pico_int64_ops/pico_int64_ops_aeabi.S.obj
                0x100020ec                __wrap___aeabi_lmul
 *fill*         0x1000211e        0x2 
 .text.__aeabi_float_init
                0x10002120       0x64 CMakeFiles/VIPER-E.dir/Users/isaacgaron/Documents/UGA/CapstoneDevelopment/pico-test/pico-sdk/src/rp2_common/pico_float/float_init_rom.c.obj
                0x10002120                __aeabi_float_init
 .text.float_table_shim_on_use_helper
                0x10002184       0x2c CMakeFiles/VIPER-E.dir/Users/isaacgaron/Documents/UGA/CapstoneDevelopment/pico-test/pico-sdk/src/rp2_common/pico_float/float_v1_rom_shim.S.obj
                0x10002184                float_table_shim_on_use_helper
 .text          0x100021b0       0x10 CMakeFiles/VIPER-E.dir/Users/isaacgaron/Documents/UGA/CapstoneDevelopment/pico-test/pico-sdk/src/rp2_common/pico_mem_ops/mem_ops_aeabi.S.obj
                0x100021b0                __aeabi_mem_init
 .text.memset   0x100021c0        0xc CMakeFiles/VIPER-E.dir/Users/isaacgaron/Documents/UGA/CapstoneDevelopment/pico-test/pico-sdk/src/rp2_common/pico_mem_ops/mem_ops_aeabi.S.obj
                0x100021c0                __wrap_memset
 .text.memcpy   0x100021cc        0xc CMakeFiles/VIPER-E.dir/Users/isaacgaron/Documents/UGA/CapstoneDevelopment/pico-test/pico-sdk/src/rp2_common/pico_mem_ops/mem_ops_aeabi.S.obj
                0x100021cc                __wrap___aeabi_memcpy
                0x100021cc                __wrap_memcpy
 .text.stdio_out_chars_crlf
                0x100021d8       0x94 CMakeFiles/VIPER-E.dir/Users/isaacgaron/Documents/UGA/CapstoneDevelopment/pico-test/pico-sdk/src/rp2_common/pico_stdio/stdio.c.obj
 .text.__wrap_putchar
                0x1000226c       0x98 CMakeFiles/VIPER-E.dir/Users/isaacgaron/Documents/UGA/CapstoneDevelopment/pico-test/pico-sdk/src/rp2_common/pico_stdio/stdio.c.obj
                0x1000226c                __wrap_putchar
 .text.__wrap_puts
                0x10002304       0xe0 CMakeFiles/VIPER-E.dir/Users/isaacgaron/Documents/UGA/CapstoneDevelopment/pico-test/pico-sdk/src/rp2_common/pico_stdio/stdio.c.obj
                0x10002304                __wrap_puts
 .text.stdio_set_driver_enabled
                0x100023e4       0x30 CMakeFiles/VIPER-E.dir/Users/isaacgaron/Documents/UGA/CapstoneDevelopment/pico-test/pico-sdk/src/rp2_common/pico_stdio/stdio.c.obj
                0x100023e4                stdio_set_driver_enabled
 .text.stdio_init_all
                0x10002414       0x10 CMakeFiles/VIPER-E.dir/Users/isaacgaron/Documents/UGA/CapstoneDevelopment/pico-test/pico-sdk/src/rp2_common/pico_stdio/stdio.c.obj
                0x10002414                stdio_init_all
 .text.stdio_uart_out_chars
                0x10002424       0x4c CMakeFiles/VIPER-E.dir/Users/isaacgaron/Documents/UGA/CapstoneDevelopment/pico-test/pico-sdk/src/rp2_common/pico_stdio_uart/stdio_uart.c.obj
 .text.stdio_uart_in_chars
                0x10002470       0x90 CMakeFiles/VIPER-E.dir/Users/isaacgaron/Documents/UGA/CapstoneDevelopment/pico-test/pico-sdk/src/rp2_common/pico_stdio_uart/stdio_uart.c.obj
                0x10002470                stdio_uart_in_chars
 .text.on_uart_rx
                0x10002500       0x28 CMakeFiles/VIPER-E.dir/Users/isaacgaron/Documents/UGA/CapstoneDevelopment/pico-test/pico-sdk/src/rp2_common/pico_stdio_uart/stdio_uart.c.obj
 .text.stdio_uart_set_chars_available_callback
                0x10002528       0x8c CMakeFiles/VIPER-E.dir/Users/isaacgaron/Documents/UGA/CapstoneDevelopment/pico-test/pico-sdk/src/rp2_common/pico_stdio_uart/stdio_uart.c.obj
 .text.stdio_uart_init
                0x100025b4       0x48 CMakeFiles/VIPER-E.dir/Users/isaacgaron/Documents/UGA/CapstoneDevelopment/pico-test/pico-sdk/src/rp2_common/pico_stdio_uart/stdio_uart.c.obj
                0x100025b4                stdio_uart_init
 .text.resetd_init
                0x100025fc        0x4 CMakeFiles/VIPER-E.dir/Users/isaacgaron/Documents/UGA/CapstoneDevelopment/pico-test/pico-sdk/src/rp2_common/pico_stdio_usb/reset_interface.c.obj
 .text.resetd_reset
                0x10002600        0xc CMakeFiles/VIPER-E.dir/Users/isaacgaron/Documents/UGA/CapstoneDevelopment/pico-test/pico-sdk/src/rp2_common/pico_stdio_usb/reset_interface.c.obj
 .text.resetd_open
                0x1000260c       0x28 CMakeFiles/VIPER-E.dir/Users/isaacgaron/Documents/UGA/CapstoneDevelopment/pico-test/pico-sdk/src/rp2_common/pico_stdio_usb/reset_interface.c.obj
 .text.resetd_xfer_cb
                0x10002634        0x4 CMakeFiles/VIPER-E.dir/Users/isaacgaron/Documents/UGA/CapstoneDevelopment/pico-test/pico-sdk/src/rp2_common/pico_stdio_usb/reset_interface.c.obj
 .text.resetd_control_xfer_cb
                0x10002638       0x60 CMakeFiles/VIPER-E.dir/Users/isaacgaron/Documents/UGA/CapstoneDevelopment/pico-test/pico-sdk/src/rp2_common/pico_stdio_usb/reset_interface.c.obj
 .text.usbd_app_driver_get_cb
                0x10002698        0xc CMakeFiles/VIPER-E.dir/Users/isaacgaron/Documents/UGA/CapstoneDevelopment/pico-test/pico-sdk/src/rp2_common/pico_stdio_usb/reset_interface.c.obj
                0x10002698                usbd_app_driver_get_cb
 .text.tud_cdc_line_coding_cb
                0x100026a4       0x34 CMakeFiles/VIPER-E.dir/Users/isaacgaron/Documents/UGA/CapstoneDevelopment/pico-test/pico-sdk/src/rp2_common/pico_stdio_usb/reset_interface.c.obj
                0x100026a4                tud_cdc_line_coding_cb
 .text.stdio_usb_set_chars_available_callback
                0x100026d8       0x14 CMakeFiles/VIPER-E.dir/Users/isaacgaron/Documents/UGA/CapstoneDevelopment/pico-test/pico-sdk/src/rp2_common/pico_stdio_usb/stdio_usb.c.obj
                0x100026d8                stdio_usb_set_chars_available_callback
 .text.usb_irq  0x100026ec       0x10 CMakeFiles/VIPER-E.dir/Users/isaacgaron/Documents/UGA/CapstoneDevelopment/pico-test/pico-sdk/src/rp2_common/pico_stdio_usb/stdio_usb.c.obj
 .text.timer_task
                0x100026fc       0x54 CMakeFiles/VIPER-E.dir/Users/isaacgaron/Documents/UGA/CapstoneDevelopment/pico-test/pico-sdk/src/rp2_common/pico_stdio_usb/stdio_usb.c.obj
 .text.stdio_usb_in_chars
                0x10002750       0x90 CMakeFiles/VIPER-E.dir/Users/isaacgaron/Documents/UGA/CapstoneDevelopment/pico-test/pico-sdk/src/rp2_common/pico_stdio_usb/stdio_usb.c.obj
                0x10002750                stdio_usb_in_chars
 .text.stdio_usb_out_chars
                0x100027e0      0x104 CMakeFiles/VIPER-E.dir/Users/isaacgaron/Documents/UGA/CapstoneDevelopment/pico-test/pico-sdk/src/rp2_common/pico_stdio_usb/stdio_usb.c.obj
 .text.low_priority_worker_irq
                0x100028e4       0xa8 CMakeFiles/VIPER-E.dir/Users/isaacgaron/Documents/UGA/CapstoneDevelopment/pico-test/pico-sdk/src/rp2_common/pico_stdio_usb/stdio_usb.c.obj
 .text.tud_cdc_rx_cb
                0x1000298c       0x20 CMakeFiles/VIPER-E.dir/Users/isaacgaron/Documents/UGA/CapstoneDevelopment/pico-test/pico-sdk/src/rp2_common/pico_stdio_usb/stdio_usb.c.obj
                0x1000298c                tud_cdc_rx_cb
 .text.stdio_usb_init
                0x100029ac       0xe0 CMakeFiles/VIPER-E.dir/Users/isaacgaron/Documents/UGA/CapstoneDevelopment/pico-test/pico-sdk/src/rp2_common/pico_stdio_usb/stdio_usb.c.obj
                0x100029ac                stdio_usb_init
 .text.tud_descriptor_device_cb
                0x10002a8c        0x8 CMakeFiles/VIPER-E.dir/Users/isaacgaron/Documents/UGA/CapstoneDevelopment/pico-test/pico-sdk/src/rp2_common/pico_stdio_usb/stdio_usb_descriptors.c.obj
                0x10002a8c                tud_descriptor_device_cb
 .text.tud_descriptor_configuration_cb
                0x10002a94        0x8 CMakeFiles/VIPER-E.dir/Users/isaacgaron/Documents/UGA/CapstoneDevelopment/pico-test/pico-sdk/src/rp2_common/pico_stdio_usb/stdio_usb_descriptors.c.obj
                0x10002a94                tud_descriptor_configuration_cb
 .text.tud_descriptor_string_cb
                0x10002a9c       0x78 CMakeFiles/VIPER-E.dir/Users/isaacgaron/Documents/UGA/CapstoneDevelopment/pico-test/pico-sdk/src/rp2_common/pico_stdio_usb/stdio_usb_descriptors.c.obj
                0x10002a9c                tud_descriptor_string_cb
 .text.startup._retrieve_unique_id_on_boot
                0x10002b14       0x10 CMakeFiles/VIPER-E.dir/Users/isaacgaron/Documents/UGA/CapstoneDevelopment/pico-test/pico-sdk/src/rp2_common/pico_unique_id/unique_id.c.obj
 .text.pico_get_unique_board_id_string
                0x10002b24      0x1a8 CMakeFiles/VIPER-E.dir/Users/isaacgaron/Documents/UGA/CapstoneDevelopment/pico-test/pico-sdk/src/rp2_common/pico_unique_id/unique_id.c.obj
                0x10002b24                pico_get_unique_board_id_string
 .text.flash_get_unique_id
                0x10002ccc       0x3c CMakeFiles/VIPER-E.dir/Users/isaacgaron/Documents/UGA/CapstoneDevelopment/pico-test/pico-sdk/src/rp2_common/hardware_flash/flash.c.obj
                0x10002ccc                flash_get_unique_id
 .text.dcd_int_enable
                0x10002d08        0xc CMakeFiles/VIPER-E.dir/Users/isaacgaron/Documents/UGA/CapstoneDevelopment/pico-test/pico-sdk/lib/tinyusb/src/portable/raspberrypi/rp2040/dcd_rp2040.c.obj
                0x10002d08                dcd_int_enable
 .text.dcd_set_address
                0x10002d14       0x14 CMakeFiles/VIPER-E.dir/Users/isaacgaron/Documents/UGA/CapstoneDevelopment/pico-test/pico-sdk/lib/tinyusb/src/portable/raspberrypi/rp2040/dcd_rp2040.c.obj
                0x10002d14                dcd_set_address
 .text.dcd_connect
                0x10002d28       0x10 CMakeFiles/VIPER-E.dir/Users/isaacgaron/Documents/UGA/CapstoneDevelopment/pico-test/pico-sdk/lib/tinyusb/src/portable/raspberrypi/rp2040/dcd_rp2040.c.obj
                0x10002d28                dcd_connect
 .text.dcd_init
                0x10002d38       0x98 CMakeFiles/VIPER-E.dir/Users/isaacgaron/Documents/UGA/CapstoneDevelopment/pico-test/pico-sdk/lib/tinyusb/src/portable/raspberrypi/rp2040/dcd_rp2040.c.obj
                0x10002d38                dcd_init
 .text.dcd_edpt0_status_complete
                0x10002dd0       0x1c CMakeFiles/VIPER-E.dir/Users/isaacgaron/Documents/UGA/CapstoneDevelopment/pico-test/pico-sdk/lib/tinyusb/src/portable/raspberrypi/rp2040/dcd_rp2040.c.obj
                0x10002dd0                dcd_edpt0_status_complete
 .text.dcd_edpt_open
                0x10002dec      0x108 CMakeFiles/VIPER-E.dir/Users/isaacgaron/Documents/UGA/CapstoneDevelopment/pico-test/pico-sdk/lib/tinyusb/src/portable/raspberrypi/rp2040/dcd_rp2040.c.obj
                0x10002dec                dcd_edpt_open
 .text.dcd_edpt_close_all
                0x10002ef4        0x8 CMakeFiles/VIPER-E.dir/Users/isaacgaron/Documents/UGA/CapstoneDevelopment/pico-test/pico-sdk/lib/tinyusb/src/portable/raspberrypi/rp2040/dcd_rp2040.c.obj
                0x10002ef4                dcd_edpt_close_all
 .text.dcd_edpt_xfer
                0x10002efc       0x24 CMakeFiles/VIPER-E.dir/Users/isaacgaron/Documents/UGA/CapstoneDevelopment/pico-test/pico-sdk/lib/tinyusb/src/portable/raspberrypi/rp2040/dcd_rp2040.c.obj
                0x10002efc                dcd_edpt_xfer
 .text.dcd_edpt_stall
                0x10002f20       0x34 CMakeFiles/VIPER-E.dir/Users/isaacgaron/Documents/UGA/CapstoneDevelopment/pico-test/pico-sdk/lib/tinyusb/src/portable/raspberrypi/rp2040/dcd_rp2040.c.obj
                0x10002f20                dcd_edpt_stall
 .text.dcd_edpt_clear_stall
                0x10002f54       0x30 CMakeFiles/VIPER-E.dir/Users/isaacgaron/Documents/UGA/CapstoneDevelopment/pico-test/pico-sdk/lib/tinyusb/src/portable/raspberrypi/rp2040/dcd_rp2040.c.obj
                0x10002f54                dcd_edpt_clear_stall
 .text.rp2040_usb_init
                0x10002f84       0x4c CMakeFiles/VIPER-E.dir/Users/isaacgaron/Documents/UGA/CapstoneDevelopment/pico-test/pico-sdk/lib/tinyusb/src/portable/raspberrypi/rp2040/rp2040_usb.c.obj
                0x10002f84                rp2040_usb_init
 .text.hw_endpoint_xfer_start
                0x10002fd0       0x40 CMakeFiles/VIPER-E.dir/Users/isaacgaron/Documents/UGA/CapstoneDevelopment/pico-test/pico-sdk/lib/tinyusb/src/portable/raspberrypi/rp2040/rp2040_usb.c.obj
                0x10002fd0                hw_endpoint_xfer_start
 .text.tud_mounted
                0x10003010       0x10 CMakeFiles/VIPER-E.dir/Users/isaacgaron/Documents/UGA/CapstoneDevelopment/pico-test/pico-sdk/lib/tinyusb/src/device/usbd.c.obj
                0x10003010                tud_mounted
 .text.tud_suspended
                0x10003020       0x10 CMakeFiles/VIPER-E.dir/Users/isaacgaron/Documents/UGA/CapstoneDevelopment/pico-test/pico-sdk/lib/tinyusb/src/device/usbd.c.obj
                0x10003020                tud_suspended
 .text.tud_inited
                0x10003030       0x14 CMakeFiles/VIPER-E.dir/Users/isaacgaron/Documents/UGA/CapstoneDevelopment/pico-test/pico-sdk/lib/tinyusb/src/device/usbd.c.obj
                0x10003030                tud_inited
 .text.tud_init
                0x10003044       0xdc CMakeFiles/VIPER-E.dir/Users/isaacgaron/Documents/UGA/CapstoneDevelopment/pico-test/pico-sdk/lib/tinyusb/src/device/usbd.c.obj
                0x10003044                tud_init
 .text.tud_task_ext
                0x10003120      0x850 CMakeFiles/VIPER-E.dir/Users/isaacgaron/Documents/UGA/CapstoneDevelopment/pico-test/pico-sdk/lib/tinyusb/src/device/usbd.c.obj
                0x10003120                tud_task_ext
 .text.usbd_open_edpt_pair
                0x10003970       0x9c CMakeFiles/VIPER-E.dir/Users/isaacgaron/Documents/UGA/CapstoneDevelopment/pico-test/pico-sdk/lib/tinyusb/src/device/usbd.c.obj
                0x10003970                usbd_open_edpt_pair
 .text.usbd_defer_func
                0x10003a0c       0x48 CMakeFiles/VIPER-E.dir/Users/isaacgaron/Documents/UGA/CapstoneDevelopment/pico-test/pico-sdk/lib/tinyusb/src/device/usbd.c.obj
                0x10003a0c                usbd_defer_func
 .text.usbd_edpt_open
                0x10003a54       0x34 CMakeFiles/VIPER-E.dir/Users/isaacgaron/Documents/UGA/CapstoneDevelopment/pico-test/pico-sdk/lib/tinyusb/src/device/usbd.c.obj
                0x10003a54                usbd_edpt_open
 .text.usbd_edpt_claim
                0x10003a88       0x28 CMakeFiles/VIPER-E.dir/Users/isaacgaron/Documents/UGA/CapstoneDevelopment/pico-test/pico-sdk/lib/tinyusb/src/device/usbd.c.obj
                0x10003a88                usbd_edpt_claim
 .text.usbd_edpt_release
                0x10003ab0       0x28 CMakeFiles/VIPER-E.dir/Users/isaacgaron/Documents/UGA/CapstoneDevelopment/pico-test/pico-sdk/lib/tinyusb/src/device/usbd.c.obj
                0x10003ab0                usbd_edpt_release
 .text.usbd_edpt_xfer
                0x10003ad8       0x4c CMakeFiles/VIPER-E.dir/Users/isaacgaron/Documents/UGA/CapstoneDevelopment/pico-test/pico-sdk/lib/tinyusb/src/device/usbd.c.obj
                0x10003ad8                usbd_edpt_xfer
 .text.tud_control_status
                0x10003b24       0x2c CMakeFiles/VIPER-E.dir/Users/isaacgaron/Documents/UGA/CapstoneDevelopment/pico-test/pico-sdk/lib/tinyusb/src/device/usbd_control.c.obj
                0x10003b24                tud_control_status
 .text.tud_control_xfer
                0x10003b50       0xac CMakeFiles/VIPER-E.dir/Users/isaacgaron/Documents/UGA/CapstoneDevelopment/pico-test/pico-sdk/lib/tinyusb/src/device/usbd_control.c.obj
                0x10003b50                tud_control_xfer
 .text.usbd_control_reset
                0x10003bfc       0x14 CMakeFiles/VIPER-E.dir/Users/isaacgaron/Documents/UGA/CapstoneDevelopment/pico-test/pico-sdk/lib/tinyusb/src/device/usbd_control.c.obj
                0x10003bfc                usbd_control_reset
 .text.usbd_control_set_complete_callback
                0x10003c10        0xc CMakeFiles/VIPER-E.dir/Users/isaacgaron/Documents/UGA/CapstoneDevelopment/pico-test/pico-sdk/lib/tinyusb/src/device/usbd_control.c.obj
                0x10003c10                usbd_control_set_complete_callback
 .text.usbd_control_set_request
                0x10003c1c       0x1c CMakeFiles/VIPER-E.dir/Users/isaacgaron/Documents/UGA/CapstoneDevelopment/pico-test/pico-sdk/lib/tinyusb/src/device/usbd_control.c.obj
                0x10003c1c                usbd_control_set_request
 .text.usbd_control_xfer_cb
                0x10003c38       0xf4 CMakeFiles/VIPER-E.dir/Users/isaacgaron/Documents/UGA/CapstoneDevelopment/pico-test/pico-sdk/lib/tinyusb/src/device/usbd_control.c.obj
                0x10003c38                usbd_control_xfer_cb
 .text.tud_cdc_n_connected
                0x10003d2c       0x30 CMakeFiles/VIPER-E.dir/Users/isaacgaron/Documents/UGA/CapstoneDevelopment/pico-test/pico-sdk/lib/tinyusb/src/class/cdc/cdc_device.c.obj
                0x10003d2c                tud_cdc_n_connected
 .text.tud_cdc_n_available
                0x10003d5c       0x18 CMakeFiles/VIPER-E.dir/Users/isaacgaron/Documents/UGA/CapstoneDevelopment/pico-test/pico-sdk/lib/tinyusb/src/class/cdc/cdc_device.c.obj
                0x10003d5c                tud_cdc_n_available
 .text.tud_cdc_n_read
                0x10003d74       0x70 CMakeFiles/VIPER-E.dir/Users/isaacgaron/Documents/UGA/CapstoneDevelopment/pico-test/pico-sdk/lib/tinyusb/src/class/cdc/cdc_device.c.obj
                0x10003d74                tud_cdc_n_read
 .text.tud_cdc_n_write_flush
                0x10003de4       0x78 CMakeFiles/VIPER-E.dir/Users/isaacgaron/Documents/UGA/CapstoneDevelopment/pico-test/pico-sdk/lib/tinyusb/src/class/cdc/cdc_device.c.obj
                0x10003de4                tud_cdc_n_write_flush
 .text.tud_cdc_n_write
                0x10003e5c       0x34 CMakeFiles/VIPER-E.dir/Users/isaacgaron/Documents/UGA/CapstoneDevelopment/pico-test/pico-sdk/lib/tinyusb/src/class/cdc/cdc_device.c.obj
                0x10003e5c                tud_cdc_n_write
 .text.tud_cdc_n_write_available
                0x10003e90       0x18 CMakeFiles/VIPER-E.dir/Users/isaacgaron/Documents/UGA/CapstoneDevelopment/pico-test/pico-sdk/lib/tinyusb/src/class/cdc/cdc_device.c.obj
                0x10003e90                tud_cdc_n_write_available
 .text.cdcd_init
                0x10003ea8       0x7c CMakeFiles/VIPER-E.dir/Users/isaacgaron/Documents/UGA/CapstoneDevelopment/pico-test/pico-sdk/lib/tinyusb/src/class/cdc/cdc_device.c.obj
                0x10003ea8                cdcd_init
 .text.cdcd_reset
                0x10003f24       0x2c CMakeFiles/VIPER-E.dir/Users/isaacgaron/Documents/UGA/CapstoneDevelopment/pico-test/pico-sdk/lib/tinyusb/src/class/cdc/cdc_device.c.obj
                0x10003f24                cdcd_reset
 .text.cdcd_open
                0x10003f50       0xe4 CMakeFiles/VIPER-E.dir/Users/isaacgaron/Documents/UGA/CapstoneDevelopment/pico-test/pico-sdk/lib/tinyusb/src/class/cdc/cdc_device.c.obj
                0x10003f50                cdcd_open
 .text.cdcd_control_xfer_cb
                0x10004034       0xe4 CMakeFiles/VIPER-E.dir/Users/isaacgaron/Documents/UGA/CapstoneDevelopment/pico-test/pico-sdk/lib/tinyusb/src/class/cdc/cdc_device.c.obj
                0x10004034                cdcd_control_xfer_cb
 .text.cdcd_xfer_cb
                0x10004118      0x13c CMakeFiles/VIPER-E.dir/Users/isaacgaron/Documents/UGA/CapstoneDevelopment/pico-test/pico-sdk/lib/tinyusb/src/class/cdc/cdc_device.c.obj
                0x10004118                cdcd_xfer_cb
 .text.tusb_init
                0x10004254        0xc CMakeFiles/VIPER-E.dir/Users/isaacgaron/Documents/UGA/CapstoneDevelopment/pico-test/pico-sdk/lib/tinyusb/src/tusb.c.obj
                0x10004254                tusb_init
 .text.tusb_inited
                0x10004260        0x8 CMakeFiles/VIPER-E.dir/Users/isaacgaron/Documents/UGA/CapstoneDevelopment/pico-test/pico-sdk/lib/tinyusb/src/tusb.c.obj
                0x10004260                tusb_inited
 .text.tu_edpt_claim
                0x10004268       0x50 CMakeFiles/VIPER-E.dir/Users/isaacgaron/Documents/UGA/CapstoneDevelopment/pico-test/pico-sdk/lib/tinyusb/src/tusb.c.obj
                0x10004268                tu_edpt_claim
 .text.tu_edpt_release
                0x100042b8       0x38 CMakeFiles/VIPER-E.dir/Users/isaacgaron/Documents/UGA/CapstoneDevelopment/pico-test/pico-sdk/lib/tinyusb/src/tusb.c.obj
                0x100042b8                tu_edpt_release
 .text.tu_edpt_validate
                0x100042f0       0x7c CMakeFiles/VIPER-E.dir/Users/isaacgaron/Documents/UGA/CapstoneDevelopment/pico-test/pico-sdk/lib/tinyusb/src/tusb.c.obj
                0x100042f0                tu_edpt_validate
 .text.tu_edpt_bind_driver
                0x1000436c       0x34 CMakeFiles/VIPER-E.dir/Users/isaacgaron/Documents/UGA/CapstoneDevelopment/pico-test/pico-sdk/lib/tinyusb/src/tusb.c.obj
                0x1000436c                tu_edpt_bind_driver
 .text.tu_fifo_config
                0x100043a0       0x6c CMakeFiles/VIPER-E.dir/Users/isaacgaron/Documents/UGA/CapstoneDevelopment/pico-test/pico-sdk/lib/tinyusb/src/common/tusb_fifo.c.obj
                0x100043a0                tu_fifo_config
 .text.tu_fifo_count
                0x1000440c       0x2c CMakeFiles/VIPER-E.dir/Users/isaacgaron/Documents/UGA/CapstoneDevelopment/pico-test/pico-sdk/lib/tinyusb/src/common/tusb_fifo.c.obj
                0x1000440c                tu_fifo_count
 .text.tu_fifo_empty
                0x10004438       0x10 CMakeFiles/VIPER-E.dir/Users/isaacgaron/Documents/UGA/CapstoneDevelopment/pico-test/pico-sdk/lib/tinyusb/src/common/tusb_fifo.c.obj
                0x10004438                tu_fifo_empty
 .text.tu_fifo_remaining
                0x10004448       0x2c CMakeFiles/VIPER-E.dir/Users/isaacgaron/Documents/UGA/CapstoneDevelopment/pico-test/pico-sdk/lib/tinyusb/src/common/tusb_fifo.c.obj
                0x10004448                tu_fifo_remaining
 .text.tu_fifo_read
                0x10004474       0x9c CMakeFiles/VIPER-E.dir/Users/isaacgaron/Documents/UGA/CapstoneDevelopment/pico-test/pico-sdk/lib/tinyusb/src/common/tusb_fifo.c.obj
                0x10004474                tu_fifo_read
 .text.tu_fifo_read_n
                0x10004510       0xe8 CMakeFiles/VIPER-E.dir/Users/isaacgaron/Documents/UGA/CapstoneDevelopment/pico-test/pico-sdk/lib/tinyusb/src/common/tusb_fifo.c.obj
                0x10004510                tu_fifo_read_n
 .text.tu_fifo_write
                0x100045f8       0xa8 CMakeFiles/VIPER-E.dir/Users/isaacgaron/Documents/UGA/CapstoneDevelopment/pico-test/pico-sdk/lib/tinyusb/src/common/tusb_fifo.c.obj
                0x100045f8                tu_fifo_write
 .text.tu_fifo_write_n
                0x100046a0      0x178 CMakeFiles/VIPER-E.dir/Users/isaacgaron/Documents/UGA/CapstoneDevelopment/pico-test/pico-sdk/lib/tinyusb/src/common/tusb_fifo.c.obj
                0x100046a0                tu_fifo_write_n
 .text.tu_fifo_clear
                0x10004818       0x40 CMakeFiles/VIPER-E.dir/Users/isaacgaron/Documents/UGA/CapstoneDevelopment/pico-test/pico-sdk/lib/tinyusb/src/common/tusb_fifo.c.obj
                0x10004818                tu_fifo_clear
 .text.tu_fifo_set_overwritable
                0x10004858       0x48 CMakeFiles/VIPER-E.dir/Users/isaacgaron/Documents/UGA/CapstoneDevelopment/pico-test/pico-sdk/lib/tinyusb/src/common/tusb_fifo.c.obj
                0x10004858                tu_fifo_set_overwritable
 .text.strlen   0x100048a0       0x5c /Applications/ArmGNUToolchain/13.2.Rel1/arm-none-eabi/bin/../lib/gcc/arm-none-eabi/13.2.1/../../../../arm-none-eabi/lib/thumb/v6-m/nofp/libc.a(libc_a-strlen-stub.o)
                0x100048a0                strlen
 *(.fini)
 .fini          0x100048fc        0x4 /Applications/ArmGNUToolchain/13.2.Rel1/arm-none-eabi/bin/../lib/gcc/arm-none-eabi/13.2.1/thumb/v6-m/nofp/crti.o
                0x100048fc                _fini
 .fini.__stub   0x10004900       0xb0 linker stubs
 *crtbegin.o(.ctors)
 *crtbegin?.o(.ctors)
 *(EXCLUDE_FILE(*crtend.o *crtend?.o) .ctors)
 *(SORT_BY_NAME(.ctors.*))
 *(.ctors)
 *crtbegin.o(.dtors)
 *crtbegin?.o(.dtors)
 *(EXCLUDE_FILE(*crtend.o *crtend?.o) .dtors)
 *(SORT_BY_NAME(.dtors.*))
 *(.dtors)
 *(.eh_frame*)
 .eh_frame      0x100049b0        0x0 /Applications/ArmGNUToolchain/13.2.Rel1/arm-none-eabi/bin/../lib/gcc/arm-none-eabi/13.2.1/thumb/v6-m/nofp/crtbegin.o
                0x100049b0                        . = ALIGN (0x4)

.glue_7         0x100049b0        0x0
 .glue_7        0x100049b0        0x0 linker stubs

.glue_7t        0x100049b0        0x0
 .glue_7t       0x100049b0        0x0 linker stubs

.vfp11_veneer   0x100049b0        0x0
 .vfp11_veneer  0x100049b0        0x0 linker stubs

.v4_bx          0x100049b0        0x0
 .v4_bx         0x100049b0        0x0 linker stubs

.iplt           0x100049b0        0x0
 .iplt          0x100049b0        0x0 /Applications/ArmGNUToolchain/13.2.Rel1/arm-none-eabi/bin/../lib/gcc/arm-none-eabi/13.2.1/thumb/v6-m/nofp/crtbegin.o

.rodata         0x100049b0      0x31c
 *(EXCLUDE_FILE(*libm.a: *libc.a:*lib_a-mem*.o *libgcc.a:) .rodata*)
 .rodata.main.str1.4
                0x100049b0      0x198 CMakeFiles/VIPER-E.dir/src/VIPER-E.c.obj
                                  0xe (size before relaxing)
 .rodata.spin_lock_claim_unused.str1.4
                0x10004b48       0x1b CMakeFiles/VIPER-E.dir/Users/isaacgaron/Documents/UGA/CapstoneDevelopment/pico-test/pico-sdk/src/rp2_common/hardware_sync/sync.c.obj
 .rodata.user_irq_claim_unused.str1.4
                0x10004b48       0x1b CMakeFiles/VIPER-E.dir/Users/isaacgaron/Documents/UGA/CapstoneDevelopment/pico-test/pico-sdk/src/rp2_common/hardware_irq/irq.c.obj
 .rodata.hardware_alarm_claim.str1.4
                0x10004b48       0x22 CMakeFiles/VIPER-E.dir/Users/isaacgaron/Documents/UGA/CapstoneDevelopment/pico-test/pico-sdk/src/rp2_common/hardware_timer/timer.c.obj
 .rodata.panic.str1.4
                0x10004b48       0x12 CMakeFiles/VIPER-E.dir/Users/isaacgaron/Documents/UGA/CapstoneDevelopment/pico-test/pico-sdk/src/rp2_common/pico_runtime/runtime.c.obj
 .rodata.hard_assertion_failure.str1.4
                0x10004b48        0xc CMakeFiles/VIPER-E.dir/Users/isaacgaron/Documents/UGA/CapstoneDevelopment/pico-test/pico-sdk/src/rp2_common/pico_runtime/runtime.c.obj
 .rodata.str1.4
                0x10004b48       0x3c CMakeFiles/VIPER-E.dir/Users/isaacgaron/Documents/UGA/CapstoneDevelopment/pico-test/pico-sdk/src/rp2_common/pico_standard_link/binary_info.c.obj
 .rodata.__bi_81
                0x10004b48        0xc CMakeFiles/VIPER-E.dir/Users/isaacgaron/Documents/UGA/CapstoneDevelopment/pico-test/pico-sdk/src/rp2_common/pico_standard_link/binary_info.c.obj
 .rodata.__bi_75
                0x10004b54        0xc CMakeFiles/VIPER-E.dir/Users/isaacgaron/Documents/UGA/CapstoneDevelopment/pico-test/pico-sdk/src/rp2_common/pico_standard_link/binary_info.c.obj
 .rodata.__bi_44
                0x10004b60        0xc CMakeFiles/VIPER-E.dir/Users/isaacgaron/Documents/UGA/CapstoneDevelopment/pico-test/pico-sdk/src/rp2_common/pico_standard_link/binary_info.c.obj
 .rodata.crlf_str.0
                0x10004b6c        0x2 CMakeFiles/VIPER-E.dir/Users/isaacgaron/Documents/UGA/CapstoneDevelopment/pico-test/pico-sdk/src/rp2_common/pico_stdio/stdio.c.obj
 .rodata.str1.4
                0x10004b6e       0x2c CMakeFiles/VIPER-E.dir/Users/isaacgaron/Documents/UGA/CapstoneDevelopment/pico-test/pico-sdk/src/rp2_common/pico_stdio_uart/stdio_uart.c.obj
 *fill*         0x10004b6e        0x2 
 .rodata.__bi_33.4
                0x10004b70        0xc CMakeFiles/VIPER-E.dir/Users/isaacgaron/Documents/UGA/CapstoneDevelopment/pico-test/pico-sdk/src/rp2_common/pico_stdio_uart/stdio_uart.c.obj
 .rodata.__bi_34.5
                0x10004b7c        0x8 CMakeFiles/VIPER-E.dir/Users/isaacgaron/Documents/UGA/CapstoneDevelopment/pico-test/pico-sdk/src/rp2_common/pico_stdio_uart/stdio_uart.c.obj
 .rodata._resetd_driver
                0x10004b84       0x18 CMakeFiles/VIPER-E.dir/Users/isaacgaron/Documents/UGA/CapstoneDevelopment/pico-test/pico-sdk/src/rp2_common/pico_stdio_usb/reset_interface.c.obj
 .rodata.str1.4
                0x10004b9c       0x13 CMakeFiles/VIPER-E.dir/Users/isaacgaron/Documents/UGA/CapstoneDevelopment/pico-test/pico-sdk/src/rp2_common/pico_stdio_usb/stdio_usb.c.obj
 .rodata.__bi_182.0
                0x10004b9c        0xc CMakeFiles/VIPER-E.dir/Users/isaacgaron/Documents/UGA/CapstoneDevelopment/pico-test/pico-sdk/src/rp2_common/pico_stdio_usb/stdio_usb.c.obj
 .rodata.str1.4
                0x10004ba8       0x2a CMakeFiles/VIPER-E.dir/Users/isaacgaron/Documents/UGA/CapstoneDevelopment/pico-test/pico-sdk/src/rp2_common/pico_stdio_usb/stdio_usb_descriptors.c.obj
 .rodata.usbd_desc_str
                0x10004ba8       0x18 CMakeFiles/VIPER-E.dir/Users/isaacgaron/Documents/UGA/CapstoneDevelopment/pico-test/pico-sdk/src/rp2_common/pico_stdio_usb/stdio_usb_descriptors.c.obj
 .rodata.usbd_desc_cfg
                0x10004bc0       0x54 CMakeFiles/VIPER-E.dir/Users/isaacgaron/Documents/UGA/CapstoneDevelopment/pico-test/pico-sdk/src/rp2_common/pico_stdio_usb/stdio_usb_descriptors.c.obj
 .rodata.usbd_desc_device
                0x10004c14       0x12 CMakeFiles/VIPER-E.dir/Users/isaacgaron/Documents/UGA/CapstoneDevelopment/pico-test/pico-sdk/src/rp2_common/pico_stdio_usb/stdio_usb_descriptors.c.obj
 .rodata.str1.4
                0x10004c26       0x14 CMakeFiles/VIPER-E.dir/Users/isaacgaron/Documents/UGA/CapstoneDevelopment/pico-test/pico-sdk/lib/tinyusb/src/portable/raspberrypi/rp2040/dcd_rp2040.c.obj
 .rodata.str1.4
                0x10004c26       0x53 CMakeFiles/VIPER-E.dir/Users/isaacgaron/Documents/UGA/CapstoneDevelopment/pico-test/pico-sdk/lib/tinyusb/src/portable/raspberrypi/rp2040/rp2040_usb.c.obj
 *fill*         0x10004c26        0x2 
 .rodata.tud_task_ext
                0x10004c28       0x8c CMakeFiles/VIPER-E.dir/Users/isaacgaron/Documents/UGA/CapstoneDevelopment/pico-test/pico-sdk/lib/tinyusb/src/device/usbd.c.obj
 .rodata._usbd_driver
                0x10004cb4       0x18 CMakeFiles/VIPER-E.dir/Users/isaacgaron/Documents/UGA/CapstoneDevelopment/pico-test/pico-sdk/lib/tinyusb/src/device/usbd.c.obj
                0x10004ccc                        . = ALIGN (0x4)
 *(SORT_BY_ALIGNMENT(SORT_BY_NAME(.flashdata*)))
                0x10004ccc                        . = ALIGN (0x4)

.ARM.extab
 *(.ARM.extab* .gnu.linkonce.armextab.*)
                0x10004ccc                        __exidx_start = .

.ARM.exidx
 *(.ARM.exidx* .gnu.linkonce.armexidx.*)
                0x10004ccc                        __exidx_end = .
                0x10004ccc                        . = ALIGN (0x4)
                0x10004ccc                        __binary_info_start = .

.binary_info    0x10004ccc       0x28
 *(.binary_info.keep.*)
 .binary_info.keep.__bi_ptr81
                0x10004ccc        0x4 CMakeFiles/VIPER-E.dir/Users/isaacgaron/Documents/UGA/CapstoneDevelopment/pico-test/pico-sdk/src/rp2_common/pico_standard_link/binary_info.c.obj
 .binary_info.keep.__bi_ptr75
                0x10004cd0        0x4 CMakeFiles/VIPER-E.dir/Users/isaacgaron/Documents/UGA/CapstoneDevelopment/pico-test/pico-sdk/src/rp2_common/pico_standard_link/binary_info.c.obj
 .binary_info.keep.__bi_ptr50
                0x10004cd4        0x4 CMakeFiles/VIPER-E.dir/Users/isaacgaron/Documents/UGA/CapstoneDevelopment/pico-test/pico-sdk/src/rp2_common/pico_standard_link/binary_info.c.obj
 .binary_info.keep.__bi_ptr44
                0x10004cd8        0x4 CMakeFiles/VIPER-E.dir/Users/isaacgaron/Documents/UGA/CapstoneDevelopment/pico-test/pico-sdk/src/rp2_common/pico_standard_link/binary_info.c.obj
 .binary_info.keep.__bi_ptr38
                0x10004cdc        0x4 CMakeFiles/VIPER-E.dir/Users/isaacgaron/Documents/UGA/CapstoneDevelopment/pico-test/pico-sdk/src/rp2_common/pico_standard_link/binary_info.c.obj
 .binary_info.keep.__bi_ptr30
                0x10004ce0        0x4 CMakeFiles/VIPER-E.dir/Users/isaacgaron/Documents/UGA/CapstoneDevelopment/pico-test/pico-sdk/src/rp2_common/pico_standard_link/binary_info.c.obj
 .binary_info.keep.__bi_ptr22
                0x10004ce4        0x4 CMakeFiles/VIPER-E.dir/Users/isaacgaron/Documents/UGA/CapstoneDevelopment/pico-test/pico-sdk/src/rp2_common/pico_standard_link/binary_info.c.obj
 *(.binary_info.*)
 .binary_info.__bi_ptr34
                0x10004ce8        0x4 CMakeFiles/VIPER-E.dir/Users/isaacgaron/Documents/UGA/CapstoneDevelopment/pico-test/pico-sdk/src/rp2_common/pico_stdio_uart/stdio_uart.c.obj
 .binary_info.__bi_ptr33
                0x10004cec        0x4 CMakeFiles/VIPER-E.dir/Users/isaacgaron/Documents/UGA/CapstoneDevelopment/pico-test/pico-sdk/src/rp2_common/pico_stdio_uart/stdio_uart.c.obj
 .binary_info.__bi_ptr182
                0x10004cf0        0x4 CMakeFiles/VIPER-E.dir/Users/isaacgaron/Documents/UGA/CapstoneDevelopment/pico-test/pico-sdk/src/rp2_common/pico_stdio_usb/stdio_usb.c.obj
                0x10004cf4                        __binary_info_end = .

.rel.dyn        0x10004cf4        0x0
 .rel.iplt      0x10004cf4        0x0 /Applications/ArmGNUToolchain/13.2.Rel1/arm-none-eabi/bin/../lib/gcc/arm-none-eabi/13.2.1/thumb/v6-m/nofp/crtbegin.o
                0x10004cf4                        . = ALIGN (0x4)

.ram_vector_table
                0x20000000       0xc0
 *(.ram_vector_table)
 .ram_vector_table
                0x20000000       0xc0 CMakeFiles/VIPER-E.dir/Users/isaacgaron/Documents/UGA/CapstoneDevelopment/pico-test/pico-sdk/src/rp2_common/pico_runtime/runtime.c.obj
                0x20000000                ram_vector_table

.data           0x200000c0      0xe48 load address 0x10004cf4
                0x200000c0                        __data_start__ = .
 *(vtable)
 *(.time_critical*)
 .time_critical.mutex_try_enter
                0x200000c0       0x40 CMakeFiles/VIPER-E.dir/Users/isaacgaron/Documents/UGA/CapstoneDevelopment/pico-test/pico-sdk/src/common/pico_sync/mutex.c.obj
                0x200000c0                mutex_try_enter
 .time_critical.mutex_try_enter_block_until
                0x20000100       0x9c CMakeFiles/VIPER-E.dir/Users/isaacgaron/Documents/UGA/CapstoneDevelopment/pico-test/pico-sdk/src/common/pico_sync/mutex.c.obj
                0x20000100                mutex_try_enter_block_until
 .time_critical.mutex_enter_timeout_ms
                0x2000019c       0x90 CMakeFiles/VIPER-E.dir/Users/isaacgaron/Documents/UGA/CapstoneDevelopment/pico-test/pico-sdk/src/common/pico_sync/mutex.c.obj
                0x2000019c                mutex_enter_timeout_ms
 .time_critical.mutex_exit
                0x2000022c       0x28 CMakeFiles/VIPER-E.dir/Users/isaacgaron/Documents/UGA/CapstoneDevelopment/pico-test/pico-sdk/src/common/pico_sync/mutex.c.obj
                0x2000022c                mutex_exit
 .time_critical.flash_init_boot2_copyout
                0x20000254       0x30 CMakeFiles/VIPER-E.dir/Users/isaacgaron/Documents/UGA/CapstoneDevelopment/pico-test/pico-sdk/src/rp2_common/hardware_flash/flash.c.obj
 .time_critical.flash_enable_xip_via_boot2
                0x20000284        0xc CMakeFiles/VIPER-E.dir/Users/isaacgaron/Documents/UGA/CapstoneDevelopment/pico-test/pico-sdk/src/rp2_common/hardware_flash/flash.c.obj
 .time_critical.flash_cs_force
                0x20000290       0x38 CMakeFiles/VIPER-E.dir/Users/isaacgaron/Documents/UGA/CapstoneDevelopment/pico-test/pico-sdk/src/rp2_common/hardware_flash/flash.c.obj
 .time_critical.flash_do_cmd
                0x200002c8       0xc0 CMakeFiles/VIPER-E.dir/Users/isaacgaron/Documents/UGA/CapstoneDevelopment/pico-test/pico-sdk/src/rp2_common/hardware_flash/flash.c.obj
                0x200002c8                flash_do_cmd
 .time_critical.reset_non_control_endpoints
                0x20000388       0x68 CMakeFiles/VIPER-E.dir/Users/isaacgaron/Documents/UGA/CapstoneDevelopment/pico-test/pico-sdk/lib/tinyusb/src/portable/raspberrypi/rp2040/dcd_rp2040.c.obj
 .time_critical.hw_handle_buff_status
                0x200003f0       0xb0 CMakeFiles/VIPER-E.dir/Users/isaacgaron/Documents/UGA/CapstoneDevelopment/pico-test/pico-sdk/lib/tinyusb/src/portable/raspberrypi/rp2040/dcd_rp2040.c.obj
 .time_critical.dcd_rp2040_irq
                0x200004a0      0x510 CMakeFiles/VIPER-E.dir/Users/isaacgaron/Documents/UGA/CapstoneDevelopment/pico-test/pico-sdk/lib/tinyusb/src/portable/raspberrypi/rp2040/dcd_rp2040.c.obj
 .time_critical.e15_is_bulkin_ep
                0x200009b0       0x28 CMakeFiles/VIPER-E.dir/Users/isaacgaron/Documents/UGA/CapstoneDevelopment/pico-test/pico-sdk/lib/tinyusb/src/portable/raspberrypi/rp2040/rp2040_usb.c.obj
 .time_critical.e15_is_critical_frame_period
                0x200009d8       0x34 CMakeFiles/VIPER-E.dir/Users/isaacgaron/Documents/UGA/CapstoneDevelopment/pico-test/pico-sdk/lib/tinyusb/src/portable/raspberrypi/rp2040/rp2040_usb.c.obj
 .time_critical.prepare_ep_buffer
                0x20000a0c       0x6c CMakeFiles/VIPER-E.dir/Users/isaacgaron/Documents/UGA/CapstoneDevelopment/pico-test/pico-sdk/lib/tinyusb/src/portable/raspberrypi/rp2040/rp2040_usb.c.obj
 .time_critical.sync_ep_buffer
                0x20000a78       0x48 CMakeFiles/VIPER-E.dir/Users/isaacgaron/Documents/UGA/CapstoneDevelopment/pico-test/pico-sdk/lib/tinyusb/src/portable/raspberrypi/rp2040/rp2040_usb.c.obj
 .time_critical._hw_endpoint_xfer_sync
                0x20000ac0       0x28 CMakeFiles/VIPER-E.dir/Users/isaacgaron/Documents/UGA/CapstoneDevelopment/pico-test/pico-sdk/lib/tinyusb/src/portable/raspberrypi/rp2040/rp2040_usb.c.obj
 .time_critical.hw_endpoint_reset_transfer
                0x20000ae8        0xc CMakeFiles/VIPER-E.dir/Users/isaacgaron/Documents/UGA/CapstoneDevelopment/pico-test/pico-sdk/lib/tinyusb/src/portable/raspberrypi/rp2040/rp2040_usb.c.obj
                0x20000ae8                hw_endpoint_reset_transfer
 .time_critical._hw_endpoint_buffer_control_update32
                0x20000af4       0x58 CMakeFiles/VIPER-E.dir/Users/isaacgaron/Documents/UGA/CapstoneDevelopment/pico-test/pico-sdk/lib/tinyusb/src/portable/raspberrypi/rp2040/rp2040_usb.c.obj
                0x20000af4                _hw_endpoint_buffer_control_update32
 .time_critical.hw_endpoint_start_next_buffer
                0x20000b4c       0x6c CMakeFiles/VIPER-E.dir/Users/isaacgaron/Documents/UGA/CapstoneDevelopment/pico-test/pico-sdk/lib/tinyusb/src/portable/raspberrypi/rp2040/rp2040_usb.c.obj
                0x20000b4c                hw_endpoint_start_next_buffer
 .time_critical.hw_endpoint_xfer_continue
                0x20000bb8       0x50 CMakeFiles/VIPER-E.dir/Users/isaacgaron/Documents/UGA/CapstoneDevelopment/pico-test/pico-sdk/lib/tinyusb/src/portable/raspberrypi/rp2040/rp2040_usb.c.obj
                0x20000bb8                hw_endpoint_xfer_continue
 .time_critical.tinyusb
                0x20000c08      0x16c CMakeFiles/VIPER-E.dir/Users/isaacgaron/Documents/UGA/CapstoneDevelopment/pico-test/pico-sdk/lib/tinyusb/src/device/usbd.c.obj
                0x20000c08                dcd_event_handler
 *(.text*)
 .text          0x20000d74        0x4 /Applications/ArmGNUToolchain/13.2.Rel1/arm-none-eabi/bin/../lib/gcc/arm-none-eabi/13.2.1/thumb/v6-m/nofp/libgcc.a(_dvmd_tls.o)
                0x20000d74                __aeabi_ldiv0
                0x20000d74                __aeabi_idiv0
 .text.__stub   0x20000d78       0x70 linker stubs
                0x20000de8                        . = ALIGN (0x4)
 *(.rodata*)
                0x20000de8                        . = ALIGN (0x4)
 *(.data*)
 .data.striped_spin_lock_num
                0x20000de8        0x1 CMakeFiles/VIPER-E.dir/Users/isaacgaron/Documents/UGA/CapstoneDevelopment/pico-test/pico-sdk/src/rp2_common/hardware_sync/sync.c.obj
 *fill*         0x20000de9        0x3 
 .data          0x20000dec       0x48 CMakeFiles/VIPER-E.dir/Users/isaacgaron/Documents/UGA/CapstoneDevelopment/pico-test/pico-sdk/src/rp2_common/hardware_irq/irq_handler_chain.S.obj
                0x20000dec                irq_handler_chain_slots
                0x20000e1c                irq_handler_chain_first_slot
                0x20000e26                irq_handler_chain_remove_tail
 .data.default_alarm_pool
                0x20000e34       0x18 CMakeFiles/VIPER-E.dir/Users/isaacgaron/Documents/UGA/CapstoneDevelopment/pico-test/pico-sdk/src/common/pico_time/time.c.obj
 .data.default_alarm_pool_heap
                0x20000e4c       0x10 CMakeFiles/VIPER-E.dir/Users/isaacgaron/Documents/UGA/CapstoneDevelopment/pico-test/pico-sdk/src/common/pico_time/time.c.obj
 *fill*         0x20000e5c        0x4 
 .data.aeabi_bits_funcs
                0x20000e60       0x10 CMakeFiles/VIPER-E.dir/Users/isaacgaron/Documents/UGA/CapstoneDevelopment/pico-test/pico-sdk/src/rp2_common/pico_bit_ops/bit_ops_aeabi.S.obj
                0x20000e60                aeabi_bits_funcs
                0x20000e70                aeabi_bits_funcs_end
 .data.aeabi_mem_funcs
                0x20000e70       0x10 CMakeFiles/VIPER-E.dir/Users/isaacgaron/Documents/UGA/CapstoneDevelopment/pico-test/pico-sdk/src/rp2_common/pico_mem_ops/mem_ops_aeabi.S.obj
                0x20000e70                aeabi_mem_funcs
                0x20000e80                aeabi_mem_funcs_end
 .data.stdio_uart
                0x20000e80       0x18 CMakeFiles/VIPER-E.dir/Users/isaacgaron/Documents/UGA/CapstoneDevelopment/pico-test/pico-sdk/src/rp2_common/pico_stdio_uart/stdio_uart.c.obj
                0x20000e80                stdio_uart
 .data.stdio_usb
                0x20000e98       0x18 CMakeFiles/VIPER-E.dir/Users/isaacgaron/Documents/UGA/CapstoneDevelopment/pico-test/pico-sdk/src/rp2_common/pico_stdio_usb/stdio_usb.c.obj
                0x20000e98                stdio_usb
 .data.ep_dir_string
                0x20000eb0        0x8 CMakeFiles/VIPER-E.dir/Users/isaacgaron/Documents/UGA/CapstoneDevelopment/pico-test/pico-sdk/lib/tinyusb/src/portable/raspberrypi/rp2040/rp2040_usb.c.obj
                0x20000eb0                ep_dir_string
 .data._usbd_qdef
                0x20000eb8       0x1c CMakeFiles/VIPER-E.dir/Users/isaacgaron/Documents/UGA/CapstoneDevelopment/pico-test/pico-sdk/lib/tinyusb/src/device/usbd.c.obj
                0x20000eb8                _usbd_qdef
 .data._usbd_rhport
                0x20000ed4        0x1 CMakeFiles/VIPER-E.dir/Users/isaacgaron/Documents/UGA/CapstoneDevelopment/pico-test/pico-sdk/lib/tinyusb/src/device/usbd.c.obj
                0x20000ed8                        . = ALIGN (0x4)
 *fill*         0x20000ed5        0x3 
 *(.after_data.*)
                0x20000ed8                        . = ALIGN (0x4)
                0x20000ed8                        PROVIDE (__mutex_array_start = .)
 *(SORT_BY_NAME(.mutex_array.*))
 *(.mutex_array)
 .mutex_array   0x20000ed8        0x8 CMakeFiles/VIPER-E.dir/Users/isaacgaron/Documents/UGA/CapstoneDevelopment/pico-test/pico-sdk/src/rp2_common/pico_stdio/stdio.c.obj
 .mutex_array   0x20000ee0        0x8 CMakeFiles/VIPER-E.dir/lib/no-OS-FatFS-SD-SPI-RPi-Pico/FatFs_SPI/sd_driver/spi.c.obj
 .mutex_array   0x20000ee8        0x8 CMakeFiles/VIPER-E.dir/lib/no-OS-FatFS-SD-SPI-RPi-Pico/FatFs_SPI/sd_driver/sd_card.c.obj
                0x20000ef0                        PROVIDE (__mutex_array_end = .)
                0x20000ef0                        . = ALIGN (0x4)
                0x20000ef0                        PROVIDE (__preinit_array_start = .)
 *(SORT_BY_NAME(.preinit_array.*))
 .preinit_array.00001
                0x20000ef0        0x4 CMakeFiles/VIPER-E.dir/Users/isaacgaron/Documents/UGA/CapstoneDevelopment/pico-test/pico-sdk/src/rp2_common/pico_mem_ops/mem_ops_aeabi.S.obj
 .preinit_array.00010
                0x20000ef4        0x4 CMakeFiles/VIPER-E.dir/Users/isaacgaron/Documents/UGA/CapstoneDevelopment/pico-test/pico-sdk/src/rp2_common/pico_bit_ops/bit_ops_aeabi.S.obj
 .preinit_array.00020
                0x20000ef8        0x4 CMakeFiles/VIPER-E.dir/Users/isaacgaron/Documents/UGA/CapstoneDevelopment/pico-test/pico-sdk/src/rp2_common/pico_double/double_aeabi.S.obj
 .preinit_array.00020
                0x20000efc        0x4 CMakeFiles/VIPER-E.dir/Users/isaacgaron/Documents/UGA/CapstoneDevelopment/pico-test/pico-sdk/src/rp2_common/pico_float/float_aeabi.S.obj
 *(.preinit_array)
                0x20000f00                        PROVIDE (__preinit_array_end = .)
                0x20000f00                        . = ALIGN (0x4)
                0x20000f00                        PROVIDE (__init_array_start = .)
 *(SORT_BY_NAME(.init_array.*))
 *(.init_array)
 .init_array    0x20000f00        0x4 /Applications/ArmGNUToolchain/13.2.Rel1/arm-none-eabi/bin/../lib/gcc/arm-none-eabi/13.2.1/thumb/v6-m/nofp/crtbegin.o
 .init_array    0x20000f04        0x4 CMakeFiles/VIPER-E.dir/Users/isaacgaron/Documents/UGA/CapstoneDevelopment/pico-test/pico-sdk/src/rp2_common/pico_unique_id/unique_id.c.obj
                0x20000f08                        PROVIDE (__init_array_end = .)
                0x20000f08                        . = ALIGN (0x4)
                [!provide]                        PROVIDE (__fini_array_start = .)
 *(SORT_BY_NAME(.fini_array.*))
 *(.fini_array)
                [!provide]                        PROVIDE (__fini_array_end = .)
 *(.jcr)
                0x20000f08                        . = ALIGN (0x4)
                0x20000f08                        __data_end__ = .
                0x10004cf4                        __etext = LOADADDR (.data)

.tm_clone_table
                0x20000f08        0x0 load address 0x10005b3c
 .tm_clone_table
                0x20000f08        0x0 /Applications/ArmGNUToolchain/13.2.Rel1/arm-none-eabi/bin/../lib/gcc/arm-none-eabi/13.2.1/thumb/v6-m/nofp/crtbegin.o
 .tm_clone_table
                0x20000f08        0x0 /Applications/ArmGNUToolchain/13.2.Rel1/arm-none-eabi/bin/../lib/gcc/arm-none-eabi/13.2.1/thumb/v6-m/nofp/crtend.o

.igot.plt       0x20000f08        0x0 load address 0x10005b3c
 .igot.plt      0x20000f08        0x0 /Applications/ArmGNUToolchain/13.2.Rel1/arm-none-eabi/bin/../lib/gcc/arm-none-eabi/13.2.1/thumb/v6-m/nofp/crtbegin.o

.uninitialized_data
                0x20000f08        0x0 load address 0x10005b3c
                0x20000f08                        . = ALIGN (0x4)
 *(.uninitialized_data*)

.scratch_x      0x20040000        0x0 load address 0x10005b3c
                0x20040000                        __scratch_x_start__ = .
 *(.scratch_x.*)
                0x20040000                        . = ALIGN (0x4)
                0x20040000                        __scratch_x_end__ = .
                0x10005b3c                        __scratch_x_source__ = LOADADDR (.scratch_x)

.scratch_y      0x20041000        0x0 load address 0x10005b3c
                0x20041000                        __scratch_y_start__ = .
 *(.scratch_y.*)
                0x20041000                        . = ALIGN (0x4)
                0x20041000                        __scratch_y_end__ = .
                0x10005b3c                        __scratch_y_source__ = LOADADDR (.scratch_y)

.bss            0x20000f08      0xd94
                0x20000f08                        . = ALIGN (0x4)
                0x20000f08                        __bss_start__ = .
 *(SORT_BY_ALIGNMENT(SORT_BY_NAME(.bss*)))
 .bss.configured_freq
                0x20000f08       0x28 CMakeFiles/VIPER-E.dir/Users/isaacgaron/Documents/UGA/CapstoneDevelopment/pico-test/pico-sdk/src/rp2_common/hardware_clocks/clocks.c.obj
 .bss.default_alarm_pool_entries
                0x20000f30      0x100 CMakeFiles/VIPER-E.dir/Users/isaacgaron/Documents/UGA/CapstoneDevelopment/pico-test/pico-sdk/src/common/pico_time/time.c.obj
 .bss.last_avail_time.1
                0x20001030        0x8 CMakeFiles/VIPER-E.dir/Users/isaacgaron/Documents/UGA/CapstoneDevelopment/pico-test/pico-sdk/src/rp2_common/pico_stdio_usb/stdio_usb.c.obj
 .bss.sd_table  0x20001038      0x100 CMakeFiles/VIPER-E.dir/Users/isaacgaron/Documents/UGA/CapstoneDevelopment/pico-test/pico-sdk/src/rp2_common/pico_double/double_init_rom.c.obj
                0x20001038                sd_table
 .bss.sf_table  0x20001138      0x100 CMakeFiles/VIPER-E.dir/Users/isaacgaron/Documents/UGA/CapstoneDevelopment/pico-test/pico-sdk/src/rp2_common/pico_float/float_init_rom.c.obj
                0x20001138                sf_table
 .bss._app_driver
                0x20001238        0x4 CMakeFiles/VIPER-E.dir/Users/isaacgaron/Documents/UGA/CapstoneDevelopment/pico-test/pico-sdk/lib/tinyusb/src/device/usbd.c.obj
 .bss._cdcd_itf
                0x2000123c      0x2c8 CMakeFiles/VIPER-E.dir/Users/isaacgaron/Documents/UGA/CapstoneDevelopment/pico-test/pico-sdk/lib/tinyusb/src/class/cdc/cdc_device.c.obj
 .bss._ctrl_xfer
                0x20001504       0x14 CMakeFiles/VIPER-E.dir/Users/isaacgaron/Documents/UGA/CapstoneDevelopment/pico-test/pico-sdk/lib/tinyusb/src/device/usbd_control.c.obj
 .bss._ubsd_mutexdef
                0x20001518        0x8 CMakeFiles/VIPER-E.dir/Users/isaacgaron/Documents/UGA/CapstoneDevelopment/pico-test/pico-sdk/lib/tinyusb/src/device/usbd.c.obj
 .bss._usbd_ctrl_buf
                0x20001520       0x40 CMakeFiles/VIPER-E.dir/Users/isaacgaron/Documents/UGA/CapstoneDevelopment/pico-test/pico-sdk/lib/tinyusb/src/device/usbd_control.c.obj
 .bss._usbd_dev
                0x20001560       0x53 CMakeFiles/VIPER-E.dir/Users/isaacgaron/Documents/UGA/CapstoneDevelopment/pico-test/pico-sdk/lib/tinyusb/src/device/usbd.c.obj
 *fill*         0x200015b3        0x1 
 .bss._usbd_mutex
                0x200015b4        0x4 CMakeFiles/VIPER-E.dir/Users/isaacgaron/Documents/UGA/CapstoneDevelopment/pico-test/pico-sdk/lib/tinyusb/src/device/usbd.c.obj
 .bss._usbd_q   0x200015b8        0x4 CMakeFiles/VIPER-E.dir/Users/isaacgaron/Documents/UGA/CapstoneDevelopment/pico-test/pico-sdk/lib/tinyusb/src/device/usbd.c.obj
 .bss._usbd_qdef_buf
                0x200015bc       0xc0 CMakeFiles/VIPER-E.dir/Users/isaacgaron/Documents/UGA/CapstoneDevelopment/pico-test/pico-sdk/lib/tinyusb/src/device/usbd.c.obj
                0x200015bc                _usbd_qdef_buf
 .bss.alarm_callbacks
                0x2000167c       0x10 CMakeFiles/VIPER-E.dir/Users/isaacgaron/Documents/UGA/CapstoneDevelopment/pico-test/pico-sdk/src/rp2_common/hardware_timer/timer.c.obj
 .bss.boot2_copyout
                0x2000168c      0x100 CMakeFiles/VIPER-E.dir/Users/isaacgaron/Documents/UGA/CapstoneDevelopment/pico-test/pico-sdk/src/rp2_common/hardware_flash/flash.c.obj
 .bss.chars_available_callback
                0x2000178c        0x4 CMakeFiles/VIPER-E.dir/Users/isaacgaron/Documents/UGA/CapstoneDevelopment/pico-test/pico-sdk/src/rp2_common/pico_stdio_uart/stdio_uart.c.obj
 .bss.chars_available_callback
                0x20001790        0x4 CMakeFiles/VIPER-E.dir/Users/isaacgaron/Documents/UGA/CapstoneDevelopment/pico-test/pico-sdk/src/rp2_common/pico_stdio_usb/stdio_usb.c.obj
 .bss.chars_available_param
                0x20001794        0x4 CMakeFiles/VIPER-E.dir/Users/isaacgaron/Documents/UGA/CapstoneDevelopment/pico-test/pico-sdk/src/rp2_common/pico_stdio_uart/stdio_uart.c.obj
 .bss.chars_available_param
                0x20001798        0x4 CMakeFiles/VIPER-E.dir/Users/isaacgaron/Documents/UGA/CapstoneDevelopment/pico-test/pico-sdk/src/rp2_common/pico_stdio_usb/stdio_usb.c.obj
 .bss.claimed   0x2000179c        0x4 CMakeFiles/VIPER-E.dir/Users/isaacgaron/Documents/UGA/CapstoneDevelopment/pico-test/pico-sdk/src/rp2_common/hardware_sync/sync.c.obj
 .bss.default_alarm_pool_entry_ids_high
                0x200017a0       0x10 CMakeFiles/VIPER-E.dir/Users/isaacgaron/Documents/UGA/CapstoneDevelopment/pico-test/pico-sdk/src/common/pico_time/time.c.obj
 .bss.default_alarm_pool_heap_nodes
                0x200017b0       0x30 CMakeFiles/VIPER-E.dir/Users/isaacgaron/Documents/UGA/CapstoneDevelopment/pico-test/pico-sdk/src/common/pico_time/time.c.obj
 .bss.desc_str.0
                0x200017e0       0x28 CMakeFiles/VIPER-E.dir/Users/isaacgaron/Documents/UGA/CapstoneDevelopment/pico-test/pico-sdk/src/rp2_common/pico_stdio_usb/stdio_usb_descriptors.c.obj
 .bss.drivers   0x20001808        0x4 CMakeFiles/VIPER-E.dir/Users/isaacgaron/Documents/UGA/CapstoneDevelopment/pico-test/pico-sdk/src/rp2_common/pico_stdio/stdio.c.obj
 .bss.e15_last_sof
                0x2000180c        0x4 CMakeFiles/VIPER-E.dir/Users/isaacgaron/Documents/UGA/CapstoneDevelopment/pico-test/pico-sdk/lib/tinyusb/src/portable/raspberrypi/rp2040/rp2040_usb.c.obj
                0x2000180c                e15_last_sof
 .bss.filter    0x20001810        0x4 CMakeFiles/VIPER-E.dir/Users/isaacgaron/Documents/UGA/CapstoneDevelopment/pico-test/pico-sdk/src/rp2_common/pico_stdio/stdio.c.obj
 .bss.hw_endpoints
                0x20001814      0x400 CMakeFiles/VIPER-E.dir/Users/isaacgaron/Documents/UGA/CapstoneDevelopment/pico-test/pico-sdk/lib/tinyusb/src/portable/raspberrypi/rp2040/dcd_rp2040.c.obj
 .bss.lazy_vsnprintf
                0x20001c14        0x4 CMakeFiles/VIPER-E.dir/Users/isaacgaron/Documents/UGA/CapstoneDevelopment/pico-test/pico-sdk/src/rp2_common/pico_printf/printf.c.obj
 .bss.load_value
                0x20001c18        0x4 CMakeFiles/VIPER-E.dir/Users/isaacgaron/Documents/UGA/CapstoneDevelopment/pico-test/pico-sdk/src/rp2_common/hardware_watchdog/watchdog.c.obj
 .bss.next_buffer_ptr
                0x20001c1c        0x4 CMakeFiles/VIPER-E.dir/Users/isaacgaron/Documents/UGA/CapstoneDevelopment/pico-test/pico-sdk/lib/tinyusb/src/portable/raspberrypi/rp2040/dcd_rp2040.c.obj
 .bss.object.0  0x20001c20       0x18 /Applications/ArmGNUToolchain/13.2.Rel1/arm-none-eabi/bin/../lib/gcc/arm-none-eabi/13.2.1/thumb/v6-m/nofp/crtbegin.o
 .bss.one_shot_timer_crit_sec
                0x20001c38        0x8 CMakeFiles/VIPER-E.dir/Users/isaacgaron/Documents/UGA/CapstoneDevelopment/pico-test/pico-sdk/src/rp2_common/pico_stdio_usb/stdio_usb.c.obj
 .bss.pools     0x20001c40       0x10 CMakeFiles/VIPER-E.dir/Users/isaacgaron/Documents/UGA/CapstoneDevelopment/pico-test/pico-sdk/src/common/pico_time/time.c.obj
 .bss.retrieved_id
                0x20001c50        0x8 CMakeFiles/VIPER-E.dir/Users/isaacgaron/Documents/UGA/CapstoneDevelopment/pico-test/pico-sdk/src/rp2_common/pico_unique_id/unique_id.c.obj
 .bss.sf_clz_func
                0x20001c58        0x4 CMakeFiles/VIPER-E.dir/Users/isaacgaron/Documents/UGA/CapstoneDevelopment/pico-test/pico-sdk/src/rp2_common/pico_double/double_init_rom.c.obj
                0x20001c58                sf_clz_func
 .bss.sleep_notifier
                0x20001c5c        0x4 CMakeFiles/VIPER-E.dir/Users/isaacgaron/Documents/UGA/CapstoneDevelopment/pico-test/pico-sdk/src/common/pico_time/time.c.obj
 .bss.stdio_usb_mutex
                0x20001c60        0x8 CMakeFiles/VIPER-E.dir/Users/isaacgaron/Documents/UGA/CapstoneDevelopment/pico-test/pico-sdk/src/rp2_common/pico_stdio_usb/stdio_usb.c.obj
 .bss.target_hi
                0x20001c68       0x10 CMakeFiles/VIPER-E.dir/Users/isaacgaron/Documents/UGA/CapstoneDevelopment/pico-test/pico-sdk/src/rp2_common/hardware_timer/timer.c.obj
 .bss.uart_char_to_line_feed
                0x20001c78        0x4 CMakeFiles/VIPER-E.dir/Users/isaacgaron/Documents/UGA/CapstoneDevelopment/pico-test/pico-sdk/src/rp2_common/hardware_uart/uart.c.obj
                0x20001c78                uart_char_to_line_feed
 .bss.uart_instance
                0x20001c7c        0x4 CMakeFiles/VIPER-E.dir/Users/isaacgaron/Documents/UGA/CapstoneDevelopment/pico-test/pico-sdk/src/rp2_common/pico_stdio_uart/stdio_uart.c.obj
 .bss.usbd_serial_str
                0x20001c80       0x11 CMakeFiles/VIPER-E.dir/Users/isaacgaron/Documents/UGA/CapstoneDevelopment/pico-test/pico-sdk/src/rp2_common/pico_stdio_usb/stdio_usb_descriptors.c.obj
 .bss._app_driver_count
                0x20001c91        0x1 CMakeFiles/VIPER-E.dir/Users/isaacgaron/Documents/UGA/CapstoneDevelopment/pico-test/pico-sdk/lib/tinyusb/src/device/usbd.c.obj
 .bss._sof_enable
                0x20001c92        0x1 CMakeFiles/VIPER-E.dir/Users/isaacgaron/Documents/UGA/CapstoneDevelopment/pico-test/pico-sdk/lib/tinyusb/src/portable/raspberrypi/rp2040/dcd_rp2040.c.obj
 .bss.boot2_copyout_valid
                0x20001c93        0x1 CMakeFiles/VIPER-E.dir/Users/isaacgaron/Documents/UGA/CapstoneDevelopment/pico-test/pico-sdk/src/rp2_common/hardware_flash/flash.c.obj
 .bss.claimed   0x20001c94        0x1 CMakeFiles/VIPER-E.dir/Users/isaacgaron/Documents/UGA/CapstoneDevelopment/pico-test/pico-sdk/src/rp2_common/hardware_timer/timer.c.obj
 .bss.irq_hander_chain_free_slot_head
                0x20001c95        0x1 CMakeFiles/VIPER-E.dir/Users/isaacgaron/Documents/UGA/CapstoneDevelopment/pico-test/pico-sdk/src/rp2_common/hardware_irq/irq.c.obj
 .bss.itf_num   0x20001c96        0x1 CMakeFiles/VIPER-E.dir/Users/isaacgaron/Documents/UGA/CapstoneDevelopment/pico-test/pico-sdk/src/rp2_common/pico_stdio_usb/reset_interface.c.obj
 .bss.low_priority_irq_num
                0x20001c97        0x1 CMakeFiles/VIPER-E.dir/Users/isaacgaron/Documents/UGA/CapstoneDevelopment/pico-test/pico-sdk/src/rp2_common/pico_stdio_usb/stdio_usb.c.obj
 .bss.one_shot_timer_pending
                0x20001c98        0x1 CMakeFiles/VIPER-E.dir/Users/isaacgaron/Documents/UGA/CapstoneDevelopment/pico-test/pico-sdk/src/rp2_common/pico_stdio_usb/stdio_usb.c.obj
 .bss.timer_callbacks_pending
                0x20001c99        0x1 CMakeFiles/VIPER-E.dir/Users/isaacgaron/Documents/UGA/CapstoneDevelopment/pico-test/pico-sdk/src/rp2_common/hardware_timer/timer.c.obj
 .bss.user_irq_claimed
                0x20001c9a        0x1 CMakeFiles/VIPER-E.dir/Users/isaacgaron/Documents/UGA/CapstoneDevelopment/pico-test/pico-sdk/src/rp2_common/hardware_irq/irq.c.obj
 *(COMMON)
                0x20001c9c                        . = ALIGN (0x4)
 *fill*         0x20001c9b        0x1 
                0x20001c9c                        __bss_end__ = .

.heap           0x20001c9c      0x800
                0x20001c9c                        __end__ = .
                0x20001c9c                        end = __end__
 *(.heap*)
 .heap          0x20001c9c      0x800 CMakeFiles/VIPER-E.dir/Users/isaacgaron/Documents/UGA/CapstoneDevelopment/pico-test/pico-sdk/src/rp2_common/pico_standard_link/crt0.S.obj
                0x2000249c                        __HeapLimit = .

.stack1_dummy
 *(.stack1*)

.stack_dummy    0x20041000      0x800
 *(.stack*)
 .stack         0x20041000      0x800 CMakeFiles/VIPER-E.dir/Users/isaacgaron/Documents/UGA/CapstoneDevelopment/pico-test/pico-sdk/src/rp2_common/pico_standard_link/crt0.S.obj

.flash_end      0x10005b3c        0x0
                0x10005b3c                        PROVIDE (__flash_binary_end = .)
                0x20040000                        __StackLimit = (ORIGIN (RAM) + LENGTH (RAM))
                0x20041000                        __StackOneTop = (ORIGIN (SCRATCH_X) + LENGTH (SCRATCH_X))
                0x20042000                        __StackTop = (ORIGIN (SCRATCH_Y) + LENGTH (SCRATCH_Y))
                0x20041000                        __StackOneBottom = (__StackOneTop - SIZEOF (.stack1_dummy))
                0x20041800                        __StackBottom = (__StackTop - SIZEOF (.stack_dummy))
                0x20042000                        PROVIDE (__stack = __StackTop)
                0x00000001                        ASSERT ((__StackLimit >= __HeapLimit), region RAM overflowed)
                0x00000001                        ASSERT (((__binary_info_header_end - __logical_binary_start) <= 0x100), Binary info must be in first 256 bytes of the binary)
LOAD CMakeFiles/VIPER-E.dir/src/VIPER-E.c.obj
LOAD CMakeFiles/VIPER-E.dir/Users/isaacgaron/Documents/UGA/CapstoneDevelopment/pico-test/pico-sdk/src/rp2_common/pico_stdlib/stdlib.c.obj
LOAD CMakeFiles/VIPER-E.dir/Users/isaacgaron/Documents/UGA/CapstoneDevelopment/pico-test/pico-sdk/src/rp2_common/hardware_gpio/gpio.c.obj
LOAD CMakeFiles/VIPER-E.dir/Users/isaacgaron/Documents/UGA/CapstoneDevelopment/pico-test/pico-sdk/src/rp2_common/pico_platform/platform.c.obj
LOAD CMakeFiles/VIPER-E.dir/Users/isaacgaron/Documents/UGA/CapstoneDevelopment/pico-test/pico-sdk/src/rp2_common/hardware_claim/claim.c.obj
LOAD CMakeFiles/VIPER-E.dir/Users/isaacgaron/Documents/UGA/CapstoneDevelopment/pico-test/pico-sdk/src/rp2_common/hardware_sync/sync.c.obj
LOAD CMakeFiles/VIPER-E.dir/Users/isaacgaron/Documents/UGA/CapstoneDevelopment/pico-test/pico-sdk/src/rp2_common/hardware_irq/irq.c.obj
LOAD CMakeFiles/VIPER-E.dir/Users/isaacgaron/Documents/UGA/CapstoneDevelopment/pico-test/pico-sdk/src/rp2_common/hardware_irq/irq_handler_chain.S.obj
LOAD CMakeFiles/VIPER-E.dir/Users/isaacgaron/Documents/UGA/CapstoneDevelopment/pico-test/pico-sdk/src/common/pico_sync/sem.c.obj
LOAD CMakeFiles/VIPER-E.dir/Users/isaacgaron/Documents/UGA/CapstoneDevelopment/pico-test/pico-sdk/src/common/pico_sync/lock_core.c.obj
LOAD CMakeFiles/VIPER-E.dir/Users/isaacgaron/Documents/UGA/CapstoneDevelopment/pico-test/pico-sdk/src/common/pico_sync/mutex.c.obj
LOAD CMakeFiles/VIPER-E.dir/Users/isaacgaron/Documents/UGA/CapstoneDevelopment/pico-test/pico-sdk/src/common/pico_sync/critical_section.c.obj
LOAD CMakeFiles/VIPER-E.dir/Users/isaacgaron/Documents/UGA/CapstoneDevelopment/pico-test/pico-sdk/src/common/pico_time/time.c.obj
LOAD CMakeFiles/VIPER-E.dir/Users/isaacgaron/Documents/UGA/CapstoneDevelopment/pico-test/pico-sdk/src/common/pico_time/timeout_helper.c.obj
LOAD CMakeFiles/VIPER-E.dir/Users/isaacgaron/Documents/UGA/CapstoneDevelopment/pico-test/pico-sdk/src/rp2_common/hardware_timer/timer.c.obj
LOAD CMakeFiles/VIPER-E.dir/Users/isaacgaron/Documents/UGA/CapstoneDevelopment/pico-test/pico-sdk/src/common/pico_util/datetime.c.obj
LOAD CMakeFiles/VIPER-E.dir/Users/isaacgaron/Documents/UGA/CapstoneDevelopment/pico-test/pico-sdk/src/common/pico_util/pheap.c.obj
LOAD CMakeFiles/VIPER-E.dir/Users/isaacgaron/Documents/UGA/CapstoneDevelopment/pico-test/pico-sdk/src/common/pico_util/queue.c.obj
LOAD CMakeFiles/VIPER-E.dir/Users/isaacgaron/Documents/UGA/CapstoneDevelopment/pico-test/pico-sdk/src/rp2_common/hardware_uart/uart.c.obj
LOAD CMakeFiles/VIPER-E.dir/Users/isaacgaron/Documents/UGA/CapstoneDevelopment/pico-test/pico-sdk/src/rp2_common/hardware_clocks/clocks.c.obj
LOAD CMakeFiles/VIPER-E.dir/Users/isaacgaron/Documents/UGA/CapstoneDevelopment/pico-test/pico-sdk/src/rp2_common/hardware_pll/pll.c.obj
LOAD CMakeFiles/VIPER-E.dir/Users/isaacgaron/Documents/UGA/CapstoneDevelopment/pico-test/pico-sdk/src/rp2_common/hardware_vreg/vreg.c.obj
LOAD CMakeFiles/VIPER-E.dir/Users/isaacgaron/Documents/UGA/CapstoneDevelopment/pico-test/pico-sdk/src/rp2_common/hardware_watchdog/watchdog.c.obj
LOAD CMakeFiles/VIPER-E.dir/Users/isaacgaron/Documents/UGA/CapstoneDevelopment/pico-test/pico-sdk/src/rp2_common/hardware_xosc/xosc.c.obj
LOAD CMakeFiles/VIPER-E.dir/Users/isaacgaron/Documents/UGA/CapstoneDevelopment/pico-test/pico-sdk/src/rp2_common/hardware_divider/divider.S.obj
LOAD CMakeFiles/VIPER-E.dir/Users/isaacgaron/Documents/UGA/CapstoneDevelopment/pico-test/pico-sdk/src/rp2_common/pico_runtime/runtime.c.obj
LOAD CMakeFiles/VIPER-E.dir/Users/isaacgaron/Documents/UGA/CapstoneDevelopment/pico-test/pico-sdk/src/rp2_common/pico_printf/printf.c.obj
LOAD CMakeFiles/VIPER-E.dir/Users/isaacgaron/Documents/UGA/CapstoneDevelopment/pico-test/pico-sdk/src/rp2_common/pico_bit_ops/bit_ops_aeabi.S.obj
LOAD CMakeFiles/VIPER-E.dir/Users/isaacgaron/Documents/UGA/CapstoneDevelopment/pico-test/pico-sdk/src/rp2_common/pico_bootrom/bootrom.c.obj
LOAD CMakeFiles/VIPER-E.dir/Users/isaacgaron/Documents/UGA/CapstoneDevelopment/pico-test/pico-sdk/src/rp2_common/pico_divider/divider.S.obj
LOAD CMakeFiles/VIPER-E.dir/Users/isaacgaron/Documents/UGA/CapstoneDevelopment/pico-test/pico-sdk/src/rp2_common/pico_double/double_aeabi.S.obj
LOAD CMakeFiles/VIPER-E.dir/Users/isaacgaron/Documents/UGA/CapstoneDevelopment/pico-test/pico-sdk/src/rp2_common/pico_double/double_init_rom.c.obj
LOAD CMakeFiles/VIPER-E.dir/Users/isaacgaron/Documents/UGA/CapstoneDevelopment/pico-test/pico-sdk/src/rp2_common/pico_double/double_math.c.obj
LOAD CMakeFiles/VIPER-E.dir/Users/isaacgaron/Documents/UGA/CapstoneDevelopment/pico-test/pico-sdk/src/rp2_common/pico_double/double_v1_rom_shim.S.obj
LOAD CMakeFiles/VIPER-E.dir/Users/isaacgaron/Documents/UGA/CapstoneDevelopment/pico-test/pico-sdk/src/rp2_common/pico_int64_ops/pico_int64_ops_aeabi.S.obj
LOAD CMakeFiles/VIPER-E.dir/Users/isaacgaron/Documents/UGA/CapstoneDevelopment/pico-test/pico-sdk/src/rp2_common/pico_float/float_aeabi.S.obj
LOAD CMakeFiles/VIPER-E.dir/Users/isaacgaron/Documents/UGA/CapstoneDevelopment/pico-test/pico-sdk/src/rp2_common/pico_float/float_init_rom.c.obj
LOAD CMakeFiles/VIPER-E.dir/Users/isaacgaron/Documents/UGA/CapstoneDevelopment/pico-test/pico-sdk/src/rp2_common/pico_float/float_math.c.obj
LOAD CMakeFiles/VIPER-E.dir/Users/isaacgaron/Documents/UGA/CapstoneDevelopment/pico-test/pico-sdk/src/rp2_common/pico_float/float_v1_rom_shim.S.obj
LOAD CMakeFiles/VIPER-E.dir/Users/isaacgaron/Documents/UGA/CapstoneDevelopment/pico-test/pico-sdk/src/rp2_common/pico_malloc/pico_malloc.c.obj
LOAD CMakeFiles/VIPER-E.dir/Users/isaacgaron/Documents/UGA/CapstoneDevelopment/pico-test/pico-sdk/src/rp2_common/pico_mem_ops/mem_ops_aeabi.S.obj
LOAD CMakeFiles/VIPER-E.dir/Users/isaacgaron/Documents/UGA/CapstoneDevelopment/pico-test/pico-sdk/src/rp2_common/pico_standard_link/crt0.S.obj
LOAD CMakeFiles/VIPER-E.dir/Users/isaacgaron/Documents/UGA/CapstoneDevelopment/pico-test/pico-sdk/src/rp2_common/pico_standard_link/new_delete.cpp.obj
LOAD CMakeFiles/VIPER-E.dir/Users/isaacgaron/Documents/UGA/CapstoneDevelopment/pico-test/pico-sdk/src/rp2_common/pico_standard_link/binary_info.c.obj
LOAD CMakeFiles/VIPER-E.dir/Users/isaacgaron/Documents/UGA/CapstoneDevelopment/pico-test/pico-sdk/src/rp2_common/pico_stdio/stdio.c.obj
LOAD CMakeFiles/VIPER-E.dir/Users/isaacgaron/Documents/UGA/CapstoneDevelopment/pico-test/pico-sdk/src/rp2_common/pico_stdio_uart/stdio_uart.c.obj
LOAD CMakeFiles/VIPER-E.dir/Users/isaacgaron/Documents/UGA/CapstoneDevelopment/pico-test/pico-sdk/src/rp2_common/pico_stdio_usb/reset_interface.c.obj
LOAD CMakeFiles/VIPER-E.dir/Users/isaacgaron/Documents/UGA/CapstoneDevelopment/pico-test/pico-sdk/src/rp2_common/pico_stdio_usb/stdio_usb.c.obj
LOAD CMakeFiles/VIPER-E.dir/Users/isaacgaron/Documents/UGA/CapstoneDevelopment/pico-test/pico-sdk/src/rp2_common/pico_stdio_usb/stdio_usb_descriptors.c.obj
LOAD CMakeFiles/VIPER-E.dir/Users/isaacgaron/Documents/UGA/CapstoneDevelopment/pico-test/pico-sdk/src/rp2_common/pico_unique_id/unique_id.c.obj
LOAD CMakeFiles/VIPER-E.dir/Users/isaacgaron/Documents/UGA/CapstoneDevelopment/pico-test/pico-sdk/src/rp2_common/hardware_flash/flash.c.obj
LOAD CMakeFiles/VIPER-E.dir/Users/isaacgaron/Documents/UGA/CapstoneDevelopment/pico-test/pico-sdk/lib/tinyusb/src/portable/raspberrypi/rp2040/dcd_rp2040.c.obj
LOAD CMakeFiles/VIPER-E.dir/Users/isaacgaron/Documents/UGA/CapstoneDevelopment/pico-test/pico-sdk/lib/tinyusb/src/portable/raspberrypi/rp2040/rp2040_usb.c.obj
LOAD CMakeFiles/VIPER-E.dir/Users/isaacgaron/Documents/UGA/CapstoneDevelopment/pico-test/pico-sdk/lib/tinyusb/src/device/usbd.c.obj
LOAD CMakeFiles/VIPER-E.dir/Users/isaacgaron/Documents/UGA/CapstoneDevelopment/pico-test/pico-sdk/lib/tinyusb/src/device/usbd_control.c.obj
LOAD CMakeFiles/VIPER-E.dir/Users/isaacgaron/Documents/UGA/CapstoneDevelopment/pico-test/pico-sdk/lib/tinyusb/src/class/audio/audio_device.c.obj
LOAD CMakeFiles/VIPER-E.dir/Users/isaacgaron/Documents/UGA/CapstoneDevelopment/pico-test/pico-sdk/lib/tinyusb/src/class/cdc/cdc_device.c.obj
LOAD CMakeFiles/VIPER-E.dir/Users/isaacgaron/Documents/UGA/CapstoneDevelopment/pico-test/pico-sdk/lib/tinyusb/src/class/dfu/dfu_device.c.obj
LOAD CMakeFiles/VIPER-E.dir/Users/isaacgaron/Documents/UGA/CapstoneDevelopment/pico-test/pico-sdk/lib/tinyusb/src/class/dfu/dfu_rt_device.c.obj
LOAD CMakeFiles/VIPER-E.dir/Users/isaacgaron/Documents/UGA/CapstoneDevelopment/pico-test/pico-sdk/lib/tinyusb/src/class/hid/hid_device.c.obj
LOAD CMakeFiles/VIPER-E.dir/Users/isaacgaron/Documents/UGA/CapstoneDevelopment/pico-test/pico-sdk/lib/tinyusb/src/class/midi/midi_device.c.obj
LOAD CMakeFiles/VIPER-E.dir/Users/isaacgaron/Documents/UGA/CapstoneDevelopment/pico-test/pico-sdk/lib/tinyusb/src/class/msc/msc_device.c.obj
LOAD CMakeFiles/VIPER-E.dir/Users/isaacgaron/Documents/UGA/CapstoneDevelopment/pico-test/pico-sdk/lib/tinyusb/src/class/net/ecm_rndis_device.c.obj
LOAD CMakeFiles/VIPER-E.dir/Users/isaacgaron/Documents/UGA/CapstoneDevelopment/pico-test/pico-sdk/lib/tinyusb/src/class/net/ncm_device.c.obj
LOAD CMakeFiles/VIPER-E.dir/Users/isaacgaron/Documents/UGA/CapstoneDevelopment/pico-test/pico-sdk/lib/tinyusb/src/class/usbtmc/usbtmc_device.c.obj
LOAD CMakeFiles/VIPER-E.dir/Users/isaacgaron/Documents/UGA/CapstoneDevelopment/pico-test/pico-sdk/lib/tinyusb/src/class/vendor/vendor_device.c.obj
LOAD CMakeFiles/VIPER-E.dir/Users/isaacgaron/Documents/UGA/CapstoneDevelopment/pico-test/pico-sdk/lib/tinyusb/src/class/video/video_device.c.obj
LOAD CMakeFiles/VIPER-E.dir/Users/isaacgaron/Documents/UGA/CapstoneDevelopment/pico-test/pico-sdk/lib/tinyusb/src/tusb.c.obj
LOAD CMakeFiles/VIPER-E.dir/Users/isaacgaron/Documents/UGA/CapstoneDevelopment/pico-test/pico-sdk/lib/tinyusb/src/common/tusb_fifo.c.obj
LOAD CMakeFiles/VIPER-E.dir/Users/isaacgaron/Documents/UGA/CapstoneDevelopment/pico-test/pico-sdk/src/rp2_common/pico_fix/rp2040_usb_device_enumeration/rp2040_usb_device_enumeration.c.obj
LOAD CMakeFiles/VIPER-E.dir/lib/no-OS-FatFS-SD-SPI-RPi-Pico/FatFs_SPI/ff15/source/ffsystem.c.obj
LOAD CMakeFiles/VIPER-E.dir/lib/no-OS-FatFS-SD-SPI-RPi-Pico/FatFs_SPI/ff15/source/ffunicode.c.obj
LOAD CMakeFiles/VIPER-E.dir/lib/no-OS-FatFS-SD-SPI-RPi-Pico/FatFs_SPI/ff15/source/ff.c.obj
LOAD CMakeFiles/VIPER-E.dir/lib/no-OS-FatFS-SD-SPI-RPi-Pico/FatFs_SPI/sd_driver/sd_spi.c.obj
LOAD CMakeFiles/VIPER-E.dir/lib/no-OS-FatFS-SD-SPI-RPi-Pico/FatFs_SPI/sd_driver/demo_logging.c.obj
LOAD CMakeFiles/VIPER-E.dir/lib/no-OS-FatFS-SD-SPI-RPi-Pico/FatFs_SPI/sd_driver/hw_config.c.obj
LOAD CMakeFiles/VIPER-E.dir/lib/no-OS-FatFS-SD-SPI-RPi-Pico/FatFs_SPI/sd_driver/spi.c.obj
LOAD CMakeFiles/VIPER-E.dir/lib/no-OS-FatFS-SD-SPI-RPi-Pico/FatFs_SPI/sd_driver/sd_card.c.obj
LOAD CMakeFiles/VIPER-E.dir/lib/no-OS-FatFS-SD-SPI-RPi-Pico/FatFs_SPI/sd_driver/crc.c.obj
LOAD CMakeFiles/VIPER-E.dir/lib/no-OS-FatFS-SD-SPI-RPi-Pico/FatFs_SPI/src/glue.c.obj
LOAD CMakeFiles/VIPER-E.dir/lib/no-OS-FatFS-SD-SPI-RPi-Pico/FatFs_SPI/src/f_util.c.obj
LOAD CMakeFiles/VIPER-E.dir/lib/no-OS-FatFS-SD-SPI-RPi-Pico/FatFs_SPI/src/ff_stdio.c.obj
LOAD CMakeFiles/VIPER-E.dir/lib/no-OS-FatFS-SD-SPI-RPi-Pico/FatFs_SPI/src/my_debug.c.obj
LOAD CMakeFiles/VIPER-E.dir/lib/no-OS-FatFS-SD-SPI-RPi-Pico/FatFs_SPI/src/rtc.c.obj
LOAD CMakeFiles/VIPER-E.dir/Users/isaacgaron/Documents/UGA/CapstoneDevelopment/pico-test/pico-sdk/src/rp2_common/hardware_spi/spi.c.obj
LOAD CMakeFiles/VIPER-E.dir/Users/isaacgaron/Documents/UGA/CapstoneDevelopment/pico-test/pico-sdk/src/rp2_common/hardware_dma/dma.c.obj
LOAD CMakeFiles/VIPER-E.dir/Users/isaacgaron/Documents/UGA/CapstoneDevelopment/pico-test/pico-sdk/src/rp2_common/hardware_rtc/rtc.c.obj
LOAD CMakeFiles/VIPER-E.dir/Users/isaacgaron/Documents/UGA/CapstoneDevelopment/pico-test/pico-sdk/src/rp2_common/hardware_adc/adc.c.obj
LOAD CMakeFiles/VIPER-E.dir/Users/isaacgaron/Documents/UGA/CapstoneDevelopment/pico-test/pico-sdk/src/rp2_common/hardware_i2c/i2c.c.obj
LOAD /var/folders/k8/f69wg4n1517glb74b_mxm3y00000gn/T//ccun9I7d.o
LOAD /Applications/ArmGNUToolchain/13.2.Rel1/arm-none-eabi/bin/../lib/gcc/arm-none-eabi/13.2.1/../../../../arm-none-eabi/lib/thumb/v6-m/nofp/libstdc++.a
LOAD /Applications/ArmGNUToolchain/13.2.Rel1/arm-none-eabi/bin/../lib/gcc/arm-none-eabi/13.2.1/../../../../arm-none-eabi/lib/thumb/v6-m/nofp/libm.a
START GROUP
LOAD /Applications/ArmGNUToolchain/13.2.Rel1/arm-none-eabi/bin/../lib/gcc/arm-none-eabi/13.2.1/thumb/v6-m/nofp/libgcc.a
LOAD /Applications/ArmGNUToolchain/13.2.Rel1/arm-none-eabi/bin/../lib/gcc/arm-none-eabi/13.2.1/../../../../arm-none-eabi/lib/thumb/v6-m/nofp/libc.a
END GROUP
START GROUP
LOAD /Applications/ArmGNUToolchain/13.2.Rel1/arm-none-eabi/bin/../lib/gcc/arm-none-eabi/13.2.1/thumb/v6-m/nofp/libgcc.a
LOAD /Applications/ArmGNUToolchain/13.2.Rel1/arm-none-eabi/bin/../lib/gcc/arm-none-eabi/13.2.1/../../../../arm-none-eabi/lib/thumb/v6-m/nofp/libc.a